>>>>>>>> BIOS Log @ 2020.9.10 16:26:53 <<<<<<<<

BiosID:0x0030
Debug Main Switch :0x0
Set CustomizedFeatures: 0
BiosVersion: 7.10
[SPS ME LIB] INFO: ME Firmware Status : 0xF0145
[SPS ME LIB] INFO: ME Firmware Status : 0xF0345



Link Exchange Parameter
-----------------------
CPU0 : LEP0(1:CPU1) : LEP1(0:CPU1) 
CPU1 : LEP0(1:CPU0) : LEP1(0:CPU0) 

CPU Resource Allocation
-----------------------------------------------------------------------------------------------------------------------------------------------------
      | Seg |    Bus      |        Io       |          IoApic         |          Mmiol          |                   Mmioh                   | StkBmp |
-----------------------------------------------------------------------------------------------------------------------------------------------------
CPU0  |  0  | 0x00 - 0x7F | 0x0000 - 0x9FFF | 0xFEC00000 - 0xFEC1FFFF | 0x90000000 - 0xC5FFFFFF | 0x00003800 00000000 - 0x0000383F FFFFFFFF |  0x0F  |
 Stk0 |  0  | 0x00 - 0x16 | 0x0000 - 0x3FFF | 0xFEC00000 - 0xFEC07FFF | 0x90000000 - 0x9D7FFFFF | 0x00003800 00000000 - 0x0000380F FFFFFFFF |        |
 Stk1 |  0  | 0x17 - 0x39 | 0x4000 - 0x5FFF | 0xFEC08000 - 0xFEC0FFFF | 0x9D800000 - 0xAAFFFFFF | 0x00003810 00000000 - 0x0000381F FFFFFFFF |        |
 Stk2 |  0  | 0x3A - 0x5C | 0x6000 - 0x7FFF | 0xFEC10000 - 0xFEC17FFF | 0xAB000000 - 0xB87FFFFF | 0x00003820 00000000 - 0x0000382F FFFFFFFF |        |
 Stk3 |  0  | 0x5D - 0x7F | 0x8000 - 0x9FFF | 0xFEC18000 - 0xFEC1FFFF | 0xB8800000 - 0xC5FFFFFF | 0x00003830 00000000 - 0x0000383F FFFFFFFF |        |
 Stk4 |  0  | 0xFF - 0x00 | 0xFFFF - 0x0000 | 0xFFFFFFFF - 0x00000000 | 0xFFFFFFFF - 0x00000000 | 0xFFFFFFFF FFFFFFFF - 0x00000000 00000000 |        |
 Stk5 |  0  | 0xFF - 0x00 | 0xFFFF - 0x0000 | 0xFFFFFFFF - 0x00000000 | 0xFFFFFFFF - 0x00000000 | 0xFFFFFFFF FFFFFFFF - 0x00000000 00000000 |        |

CPU1  |  0  | 0x80 - 0xFF | 0xA000 - 0xFFFF | 0xFEC20000 - 0xFEC3FFFF | 0xC6000000 - 0xFBFFFFFF | 0x00003840 00000000 - 0x0000387F FFFFFFFF |  0x0F  |
 Stk0 |  0  | 0x80 - 0x84 | 0xA000 - 0xBFFF | 0xFEC20000 - 0xFEC27FFF | 0xC6000000 - 0xD37FFFFF | 0x00003840 00000000 - 0x0000384F FFFFFFFF |        |
 Stk1 |  0  | 0x85 - 0xAD | 0xC000 - 0xDFFF | 0xFEC28000 - 0xFEC2FFFF | 0xD3800000 - 0xE0FFFFFF | 0x00003850 00000000 - 0x0000385F FFFFFFFF |        |
 Stk2 |  0  | 0xAE - 0xD6 | 0xE000 - 0xEFFF | 0xFEC30000 - 0xFEC37FFF | 0xE1000000 - 0xEE7FFFFF | 0x00003860 00000000 - 0x0000386F FFFFFFFF |        |
 Stk3 |  0  | 0xD7 - 0xFF | 0xF000 - 0xFFFF | 0xFEC38000 - 0xFEC3FFFF | 0xEE800000 - 0xFBFFFFFF | 0x00003870 00000000 - 0x0000387F FFFFFFFF |        |
 Stk4 |  0  | 0xFF - 0x00 | 0xFFFF - 0x0000 | 0xFFFFFFFF - 0x00000000 | 0xFFFFFFFF - 0x00000000 | 0xFFFFFFFF FFFFFFFF - 0x00000000 00000000 |        |
 Stk5 |  0  | 0xFF - 0x00 | 0xFFFF - 0x0000 | 0xFFFFFFFF - 0x00000000 | 0xFFFFFFFF - 0x00000000 | 0xFFFFFFFF FFFFFFFF - 0x00000000 00000000 |        |
[SPS ME LIB] INFO: ME Firmware Status : 0xF0345
Enhanced Warning Log: 
[SPS ME LIB] INFO: ME Firmware Status #1 (0x000F0245)
[SPS ME LIB] INFO: ME Firmware Status : 0xF0245
[IE] WARNING: IE is disabled through soft strap.
No need to restore ftw work header.
[SMOOTH_UPGRADE]HwSmoothUpgradeEntryPoint!!!.
[SMOOTH_UPGRADE]Get variable HwUserCfgOkFlag success! Status=0.
[SMOOTH_UPGRADE]Get variable HwClearSpareOkFlag success! Status=0.
[SMOOTH_UPGRADE]NvStoreFlag = 0x1.
[SMOOTH_UPGRADE]UserCfgOkFlag = 0x1.
[SMOOTH_UPGRADE]ClearSpareOkFlag = 0x1.
[SMOOTH_UPGRADE]ConResult = 0x7.
[SMOOTH_UPGRADE]UpdateState = 0x1.
[SMOOTH_UPGRADE]No need to run smooth update driver!!!.
StartBase is 0xFF010040
BiosUpdateFlag in resev: 0x1000000D
StartBase is 0xFF130040
BiosUpdateFlag in cust: 0x1000000D
[SMOOTH_UPGRADE]FlagInResvArea=0x1000000D, FlagInCustToolFv=0x1000000D
	DumpIioPcieLinkStatus()..
 Skt[0], B[x17]:D[0]:F[0] 		Link up as x08 Gen3! 
 Skt[0], B[x17]:D[2]:F[0] 		Link up as x08 Gen3! 
 Skt[0], B[x3A]:D[0]:F[0] 		Link up as x08 Gen2! 
 Skt[0], B[x5D]:D[0]:F[0]  Link Down! 
 Skt[1], B[x85]:D[2]:F[0]  Link Down! 
 Skt[1], B[x85]:D[3]:F[0]  Link Down! 
 Skt[1], B[xD7]:D[2]:F[0]  Link Down! 
HwUpdateIioConfig entry.
HwUpdatePcieParametersConfig entry.
[SPS ME LIB] INFO: ME Firmware Status : 0xF0245
[SPS ME LIB] INFO: ME Firmware Status : 0xF0245
[SPS ME LIB] INFO: ME Firmware Status : 0xF0245
Calling NtbLateInit IioAfterResources IioIndex: 0
Calling NtbLateInit IioAfterResources IioIndex: 1

Enter HwDisplayPostStrings
[SPS ME LIB] INFO: ME Firmware Status : 0xF0245
Calling IioIoatReadyToBootEvent IioIndex: 0
Calling IioIoApicInitBootEvent IioIndex: 0
Calling NtbLateInit IioReadyToBoot IioIndex: 0
Calling IioIoatReadyToBootEvent IioIndex: 1
Calling IioIoApicInitBootEvent IioIndex: 1
Calling NtbLateInit IioReadyToBoot IioIndex: 1
 ClearEquipmentFlag!
[IpmiProcessBootFlagsAfterReadyToBootEvent] Process...
[    0.000000] Linux version 4.19.0-10-amd64 (debian-kernel@lists.debian.org) (gcc version 8.3.0 (Debian 8.3.0-6)) #1 SMP Debian 4.19.132-1 (2020-07-24)
[    0.000000] Command line: root=/dev/ram0 text nofb nomodeset vga=normal console=tty0 console=ttyS0 systemd.journald.forward_to_console=yes ipa-debug=1 initrd=ramdisk
[    0.000000] x86/fpu: Supporting XSAVE feature 0x001: 'x87 floating point registers'
[    0.000000] x86/fpu: Supporting XSAVE feature 0x002: 'SSE registers'
[    0.000000] x86/fpu: Supporting XSAVE feature 0x004: 'AVX registers'
[    0.000000] x86/fpu: Supporting XSAVE feature 0x008: 'MPX bounds registers'
[    0.000000] x86/fpu: Supporting XSAVE feature 0x010: 'MPX CSR'
[    0.000000] x86/fpu: Supporting XSAVE feature 0x020: 'AVX-512 opmask'
[    0.000000] x86/fpu: Supporting XSAVE feature 0x040: 'AVX-512 Hi256'
[    0.000000] x86/fpu: Supporting XSAVE feature 0x080: 'AVX-512 ZMM_Hi256'
[    0.000000] x86/fpu: Supporting XSAVE feature 0x200: 'Protection Keys User registers'
[    0.000000] x86/fpu: xstate_offset[2]:  576, xstate_sizes[2]:  256
[    0.000000] x86/fpu: xstate_offset[3]:  832, xstate_sizes[3]:   64
[    0.000000] x86/fpu: xstate_offset[4]:  896, xstate_sizes[4]:   64
[    0.000000] x86/fpu: xstate_offset[5]:  960, xstate_sizes[5]:   64
[    0.000000] x86/fpu: xstate_offset[6]: 1024, xstate_sizes[6]:  512
[    0.000000] x86/fpu: xstate_offset[7]: 1536, xstate_sizes[7]: 1024
[    0.000000] x86/fpu: xstate_offset[9]: 2560, xstate_sizes[9]:    8
[    0.000000] x86/fpu: Enabled xstate features 0x2ff, context size is 2568 bytes, using 'compacted' format.
[    0.000000] BIOS-provided physical RAM map:
[    0.000000] BIOS-e820: [mem 0x0000000000000000-0x000000000009e3ff] usable
[    0.000000] BIOS-e820: [mem 0x000000000009e400-0x000000000009ffff] reserved
[    0.000000] BIOS-e820: [mem 0x00000000000e0000-0x00000000000fffff] reserved
[    0.000000] BIOS-e820: [mem 0x0000000000100000-0x0000000065efefff] usable
[    0.000000] BIOS-e820: [mem 0x0000000065eff000-0x00000000724fefff] reserved
[    0.000000] BIOS-e820: [mem 0x00000000724ff000-0x00000000754fefff] ACPI NVS
[    0.000000] BIOS-e820: [mem 0x00000000754ff000-0x0000000075ffefff] ACPI data
[    0.000000] BIOS-e820: [mem 0x0000000075fff000-0x0000000075ffffff] usable
[    0.000000] BIOS-e820: [mem 0x0000000076000000-0x000000008fffffff] reserved
[    0.000000] BIOS-e820: [mem 0x00000000fd000000-0x00000000fe7fffff] reserved
[    0.000000] BIOS-e820: [mem 0x00000000feb00000-0x00000000feb03fff] reserved
[    0.000000] BIOS-e820: [mem 0x00000000fec00000-0x00000000fec00fff] reserved
[    0.000000] BIOS-e820: [mem 0x00000000fec80000-0x00000000fed00fff] reserved
[    0.000000] BIOS-e820: [mem 0x00000000ff000000-0x00000000ffffffff] reserved
[    0.000000] BIOS-e820: [mem 0x0000000100000000-0x000000c03fffffff] usable
[    0.000000] NX (Execute Disable) protection: active
[    0.000000] SMBIOS 3.0 present.
[    0.000000] DMI: Huawei CH121 V5/IT11SPCA1, BIOS 7.10 3/4/2020
[    0.000000] tsc: Detected 2400.000 MHz processor
[    0.001833] last_pfn = 0xc040000 max_arch_pfn = 0x400000000
[    0.006656] x86/PAT: Configuration [0-7]: WB  WC  UC- UC  WB  WP  UC- WT  
[    0.007519] last_pfn = 0x76000 max_arch_pfn = 0x400000000
[    0.016642] Using GB pages for direct mapping
[    0.016827] RAMDISK: [mem 0x5db08000-0x65e55fff]
[    0.016834] ACPI: Early table checksum verification disabled
[    0.017105] ACPI: RSDP 0x00000000000FE020 000024 (v02 INSYDE)
[    0.017109] ACPI: XSDT 0x0000000075FE3188 000124 (v01 INSYDE PRLY-RF  00000001      01000013)
[    0.017115] ACPI: FACP 0x0000000075FF1000 00010C (v05 INSYDE PRLY-RF  00000001 ACPI 00040000)
[    0.017120] ACPI: DSDT 0x00000000759ED000 5F5048 (v02 INSYDE PRLY-RF  00000000 ACPI 00040000)
[    0.017123] ACPI: FACS 0x0000000075484000 000040
[    0.017126] ACPI: UEFI 0x0000000075FFD000 000236 (v01 INSYDE PRLY-RF  00000001 ACPI 00040000)
[    0.017129] ACPI: UEFI 0x0000000075FFB000 000042 (v01 INSYDE PRLY-RF  00000002 ACPI 00040000)
[    0.017131] ACPI: SSDT 0x0000000075FFA000 00046C (v02 INSYDE PRLY-RF  00000001 ACPI 00040000)
[    0.017134] ACPI: MCEJ 0x0000000075FF9000 000130 (v01 INSYDE PRLY-RF  00000001 ACPI 00040000)
[    0.017137] ACPI: SSDT 0x0000000075FF8000 0002D8 (v02 INSYDE PRLY-RF  00001000 ACPI 00040000)
[    0.017139] ACPI: SPMI 0x0000000075FF7000 000041 (v05 INSYDE PRLY-RF  00000001 ACPI 00040000)
[    0.017142] ACPI: SSDT 0x0000000075FF6000 000071 (v02 INSYDE PRLY-RF  00001000 ACPI 00040000)
[    0.017145] ACPI: ASF! 0x0000000075FF5000 0000A5 (v32 INSYDE PRLY-RF  00000001 ACPI 00040000)
[    0.017148] ACPI: ASPT 0x0000000075FF4000 000034 (v07 INSYDE PRLY-RF  00000001 ACPI 00040000)
[    0.017151] ACPI: BOOT 0x0000000075FF3000 000028 (v01 INSYDE PRLY-RF  00000001 ACPI 00040000)
[    0.017153] ACPI: DBGP 0x0000000075FF2000 000034 (v01 INSYDE PRLY-RF  00000001 ACPI 00040000)
[    0.017156] ACPI: HPET 0x0000000075FF0000 000038 (v01 INSYDE PRLY-RF  00000001 ACPI 00040000)
[    0.017159] ACPI: APIC 0x0000000075FEF000 0004DE (v03 INSYDE PRLY-RF  00000000 ACPI 00040000)
[    0.017162] ACPI: MCFG 0x0000000075FEE000 00003C (v01 INSYDE PRLY-RF  00000001 ACPI 00040000)
[    0.017164] ACPI: PCAT 0x0000000075FED000 000088 (v02 INSYDE PRLY-RF  00000002 ACPI 00040000)
[    0.017167] ACPI: SRAT 0x0000000075FE8000 004E20 (v03 INSYDE PRLY-RF  00000002 ACPI 00040000)
[    0.017170] ACPI: SLIT 0x0000000075FE6000 00102C (v01 INSYDE PRLY-RF  00000001 ACPI 00040000)
[    0.017172] ACPI: WDAT 0x0000000075FE5000 000194 (v01 INSYDE PRLY-RF  00000001 ACPI 00040000)
[    0.017175] ACPI: WSMT 0x0000000075FE4000 000028 (v01 INSYDE PRLY-RF  00000000 ACPI 00040000)
[    0.017177] ACPI: PRAD 0x00000000759EC000 0000D4 (v02 INSYDE PRLY-RF  00000002 ACPI 00040000)
[    0.017180] ACPI: OEM4 0x00000000758A7000 144F64 (v02 INTEL  CPU  CST 00003000 INTL 20140828)
[    0.017183] ACPI: OEM1 0x0000000075852000 054564 (v02 INTEL  CPU EIST 00003000 INTL 20140828)
[    0.017186] ACPI: SSDT 0x00000000757E8000 069230 (v02 INSYDE PRLY-RF  00004000 ACPI 00040000)
[    0.017188] ACPI: OEM3 0x000000007579B000 04CCA4 (v02 INTEL  CPU  TST 00003000 INTL 20140828)
[    0.017191] ACPI: SSDT 0x000000007579A000 000506 (v01 INSYDE PRLY-RF  00001000 ACPI 00040000)
[    0.017194] ACPI: FPDT 0x0000000075799000 000044 (v01 INSYDE PRLY-RF  00000002 ACPI 00040000)
[    0.017196] ACPI: HEST 0x0000000075798000 0000A8 (v01 INSYDE PRLY-RF  00000001 ACPI 00040000)
[    0.017199] ACPI: ERST 0x0000000075797000 000230 (v01 INSYDE PRLY-RF  00000001 ACPI 00040000)
[    0.017202] ACPI: BERT 0x0000000075796000 000030 (v01 INSYDE PRLY-RF  00000001 ACPI 00040000)
[    0.017205] ACPI: EINJ 0x0000000075795000 000150 (v01 INSYDE PRLY-RF  00000001 ACPI 00040000)
[    0.017207] ACPI: DMAR 0x0000000075793000 000280 (v01 INSYDE PRLY-RF  00000001 ACPI 00000001)
[    0.017259] SRAT: PXM 0 -> APIC 0x00 -> Node 0
[    0.017260] SRAT: PXM 0 -> APIC 0x02 -> Node 0
[    0.017261] SRAT: PXM 0 -> APIC 0x04 -> Node 0
[    0.017262] SRAT: PXM 1 -> APIC 0x06 -> Node 1
[    0.017262] SRAT: PXM 1 -> APIC 0x08 -> Node 1
[    0.017263] SRAT: PXM 0 -> APIC 0x10 -> Node 0
[    0.017264] SRAT: PXM 0 -> APIC 0x12 -> Node 0
[    0.017265] SRAT: PXM 1 -> APIC 0x14 -> Node 1
[    0.017266] SRAT: PXM 1 -> APIC 0x16 -> Node 1
[    0.017267] SRAT: PXM 1 -> APIC 0x18 -> Node 1
[    0.017268] SRAT: PXM 0 -> APIC 0x20 -> Node 0
[    0.017268] SRAT: PXM 0 -> APIC 0x22 -> Node 0
[    0.017269] SRAT: PXM 0 -> APIC 0x24 -> Node 0
[    0.017270] SRAT: PXM 1 -> APIC 0x26 -> Node 1
[    0.017271] SRAT: PXM 1 -> APIC 0x28 -> Node 1
[    0.017272] SRAT: PXM 0 -> APIC 0x30 -> Node 0
[    0.017273] SRAT: PXM 0 -> APIC 0x32 -> Node 0
[    0.017274] SRAT: PXM 1 -> APIC 0x34 -> Node 1
[    0.017274] SRAT: PXM 1 -> APIC 0x36 -> Node 1
[    0.017275] SRAT: PXM 1 -> APIC 0x38 -> Node 1
[    0.017276] SRAT: PXM 2 -> APIC 0x40 -> Node 2
[    0.017277] SRAT: PXM 2 -> APIC 0x42 -> Node 2
[    0.017278] SRAT: PXM 2 -> APIC 0x44 -> Node 2
[    0.017279] SRAT: PXM 3 -> APIC 0x46 -> Node 3
[    0.017279] SRAT: PXM 3 -> APIC 0x48 -> Node 3
[    0.017280] SRAT: PXM 2 -> APIC 0x50 -> Node 2
[    0.017281] SRAT: PXM 2 -> APIC 0x52 -> Node 2
[    0.017282] SRAT: PXM 3 -> APIC 0x54 -> Node 3
[    0.017283] SRAT: PXM 3 -> APIC 0x56 -> Node 3
[    0.017284] SRAT: PXM 3 -> APIC 0x58 -> Node 3
[    0.017284] SRAT: PXM 2 -> APIC 0x60 -> Node 2
[    0.017285] SRAT: PXM 2 -> APIC 0x62 -> Node 2
[    0.017286] SRAT: PXM 2 -> APIC 0x64 -> Node 2
[    0.017287] SRAT: PXM 3 -> APIC 0x66 -> Node 3
[    0.017288] SRAT: PXM 3 -> APIC 0x68 -> Node 3
[    0.017288] SRAT: PXM 2 -> APIC 0x70 -> Node 2
[    0.017289] SRAT: PXM 2 -> APIC 0x72 -> Node 2
[    0.017290] SRAT: PXM 3 -> APIC 0x74 -> Node 3
[    0.017291] SRAT: PXM 3 -> APIC 0x76 -> Node 3
[    0.017292] SRAT: PXM 3 -> APIC 0x78 -> Node 3
[    0.017313] ACPI: SRAT: Node 0 PXM 0 [mem 0x00000000-0x7fffffff]
[    0.017314] ACPI: SRAT: Node 0 PXM 0 [mem 0x100000000-0x303fffffff]
[    0.017315] ACPI: SRAT: Node 1 PXM 1 [mem 0x3040000000-0x603fffffff]
[    0.017316] ACPI: SRAT: Node 2 PXM 2 [mem 0x6040000000-0x903fffffff]
[    0.017317] ACPI: SRAT: Node 3 PXM 3 [mem 0x9040000000-0xc03fffffff]
[    0.017328] NUMA: Node 0 [mem 0x00000000-0x7fffffff] + [mem 0x100000000-0x303fffffff] -> [mem 0x00000000-0x303fffffff]
[    0.017334] NODE_DATA(0) allocated [mem 0x303fffb000-0x303fffffff]
[    0.017338] NODE_DATA(1) allocated [mem 0x603fffb000-0x603fffffff]
[    0.017342] NODE_DATA(2) allocated [mem 0x903fffb000-0x903fffffff]
[    0.017348] NODE_DATA(3) allocated [mem 0xc03fff9000-0xc03fffdfff]
[    0.018201] Zone ranges:
[    0.018202]   DMA      [mem 0x0000000000001000-0x0000000000ffffff]
[    0.018204]   DMA32    [mem 0x0000000001000000-0x00000000ffffffff]
[    0.018205]   Normal   [mem 0x0000000100000000-0x000000c03fffffff]
[    0.018207]   Device   empty
[    0.018208] Movable zone start for each node
[    0.018209] Early memory node ranges
[    0.018210]   node   0: [mem 0x0000000000001000-0x000000000009dfff]
[    0.018211]   node   0: [mem 0x0000000000100000-0x0000000065efefff]
[    0.018212]   node   0: [mem 0x0000000075fff000-0x0000000075ffffff]
[    0.018213]   node   0: [mem 0x0000000100000000-0x000000303fffffff]
[    0.018214]   node   1: [mem 0x0000003040000000-0x000000603fffffff]
[    0.018215]   node   2: [mem 0x0000006040000000-0x000000903fffffff]
[    0.018215]   node   3: [mem 0x0000009040000000-0x000000c03fffffff]
[    0.018923] Zeroed struct page in unavailable ranges: 41315 pages
[    0.018925] Initmem setup node 0 [mem 0x0000000000001000-0x000000303fffffff]
[    1.257487] Initmem setup node 1 [mem 0x0000003040000000-0x000000603fffffff]
[    2.535443] Initmem setup node 2 [mem 0x0000006040000000-0x000000903fffffff]
[    3.813663] Initmem setup node 3 [mem 0x0000009040000000-0x000000c03fffffff]
[    5.092254] ACPI: PM-Timer IO Port: 0x508
[    5.092267] ACPI: X2APIC_NMI (uid[0xffffffff] high level lint[0x1])
[    5.092270] ACPI: LAPIC_NMI (acpi_id[0xff] high level lint[0x1])
[    5.092288] IOAPIC[0]: apic_id 8, version 32, address 0xfec00000, GSI 0-23
[    5.092292] IOAPIC[1]: apic_id 9, version 32, address 0xfec01000, GSI 24-31
[    5.092297] IOAPIC[2]: apic_id 10, version 32, address 0xfec08000, GSI 32-39
[    5.092301] IOAPIC[3]: apic_id 11, version 32, address 0xfec10000, GSI 40-47
[    5.092305] IOAPIC[4]: apic_id 12, version 32, address 0xfec18000, GSI 48-55
[    5.092310] IOAPIC[5]: apic_id 15, version 32, address 0xfec20000, GSI 72-79
[    5.092315] IOAPIC[6]: apic_id 16, version 32, address 0xfec28000, GSI 80-87
[    5.092319] IOAPIC[7]: apic_id 17, version 32, address 0xfec30000, GSI 88-95
[    5.092324] IOAPIC[8]: apic_id 18, version 32, address 0xfec38000, GSI 96-103
[    5.092326] ACPI: INT_SRC_OVR (bus 0 bus_irq 0 global_irq 2 dfl dfl)
[    5.092328] ACPI: INT_SRC_OVR (bus 0 bus_irq 9 global_irq 9 high level)
[    5.092333] Using ACPI (MADT) for SMP configuration information
[    5.092335] ACPI: HPET id: 0x8086a701 base: 0xfed00000
[    5.092340] TSC deadline timer available
[    5.092342] smpboot: Allowing 40 CPUs, 0 hotplug CPUs
[    5.092363] PM: Registered nosave memory: [mem 0x00000000-0x00000fff]
[    5.092365] PM: Registered nosave memory: [mem 0x0009e000-0x0009efff]
[    5.092366] PM: Registered nosave memory: [mem 0x0009f000-0x0009ffff]
[    5.092367] PM: Registered nosave memory: [mem 0x000a0000-0x000dffff]
[    5.092367] PM: Registered nosave memory: [mem 0x000e0000-0x000fffff]
[    5.092369] PM: Registered nosave memory: [mem 0x65eff000-0x724fefff]
[    5.092370] PM: Registered nosave memory: [mem 0x724ff000-0x754fefff]
[    5.092371] PM: Registered nosave memory: [mem 0x754ff000-0x75ffefff]
[    5.092373] PM: Registered nosave memory: [mem 0x76000000-0x8fffffff]
[    5.092373] PM: Registered nosave memory: [mem 0x90000000-0xfcffffff]
[    5.092374] PM: Registered nosave memory: [mem 0xfd000000-0xfe7fffff]
[    5.092375] PM: Registered nosave memory: [mem 0xfe800000-0xfeafffff]
[    5.092376] PM: Registered nosave memory: [mem 0xfeb00000-0xfeb03fff]
[    5.092377] PM: Registered nosave memory: [mem 0xfeb04000-0xfebfffff]
[    5.092378] PM: Registered nosave memory: [mem 0xfec00000-0xfec00fff]
[    5.092378] PM: Registered nosave memory: [mem 0xfec01000-0xfec7ffff]
[    5.092379] PM: Registered nosave memory: [mem 0xfec80000-0xfed00fff]
[    5.092380] PM: Registered nosave memory: [mem 0xfed01000-0xfeffffff]
[    5.092381] PM: Registered nosave memory: [mem 0xff000000-0xffffffff]
[    5.092384] [mem 0x90000000-0xfcffffff] available for PCI devices
[    5.092385] Booting paravirtualized kernel on bare hardware
[    5.092389] clocksource: refined-jiffies: mask: 0xffffffff max_cycles: 0xffffffff, max_idle_ns: 7645519600211568 ns
[    5.195408] random: get_random_bytes called from start_kernel+0x93/0x52f with crng_init=0
[    5.195417] setup_percpu: NR_CPUS:512 nr_cpumask_bits:512 nr_cpu_ids:40 nr_node_ids:4
[    5.200878] percpu: Embedded 45 pages/cpu s144408 r8192 d31720 u524288
[    5.200932] Built 4 zonelists, mobility grouping on.  Total pages: 197817593
[    5.200934] Policy zone: Normal
[    5.200936] Kernel command line: root=/dev/ram0 text nofb nomodeset vga=normal console=tty0 console=ttyS0 systemd.journald.forward_to_console=yes ipa-debug=1 initrd=ramdisk
[    5.201016] You have booted with nomodeset. This means your GPU drivers are DISABLED
[    5.201016] Any video related functionality will be severely degraded, and you may not even be able to suspend the system properly
[    5.201017] Unless you actually understand what nomodeset does, you should reboot without enabling it
[    5.201140] log_buf_len individual max cpu contribution: 4096 bytes
[    5.201141] log_buf_len total cpu_extra contributions: 159744 bytes
[    5.201142] log_buf_len min size: 131072 bytes
[    5.201304] log_buf_len: 524288 bytes
[    5.201305] early log buf free: 113180(86%)
[    7.224091] Memory: 791033944K/803830388K available (10252K kernel code, 1241K rwdata, 3316K rodata, 1592K init, 2272K bss, 12796444K reserved, 0K cma-reserved)
[    7.224635] SLUB: HWalign=64, Order=0-3, MinObjects=0, CPUs=40, Nodes=4
[    7.224647] Kernel/User page tables isolation: enabled
[    7.234624] ftrace: allocating 31900 entries in 125 pages
[    7.249430] rcu: Hierarchical RCU implementation.
[    7.249433] rcu: 	RCU restricting CPUs from NR_CPUS=512 to nr_cpu_ids=40.
[    7.249434] rcu: Adjusting geometry for rcu_fanout_leaf=16, nr_cpu_ids=40
[    7.252482] NR_IRQS: 33024, nr_irqs: 2104, preallocated irqs: 16
[    7.255002] Console: colour VGA+ 80x25
[    7.279335] console [tty0] enabled
[   23.701171] console [ttyS0] enabled
[   23.742940] mempolicy: Enabling automatic NUMA balancing. Configure with numa_balancing= or the kernel.numa_balancing sysctl
[   23.876966] ACPI: Core revision 20180810
[   23.930047] clocksource: hpet: mask: 0xffffffff max_cycles: 0xffffffff, max_idle_ns: 79635855245 ns
[   24.038142] APIC: Switch to symmetric I/O mode setup
[   24.097469] DMAR: Host address width 46
[   24.143314] DMAR: DRHD base: 0x000000d37fc000 flags: 0x0
[   24.206792] DMAR: dmar0: reg_base_addr d37fc000 ver 1:0 cap 8d2078c106f0466 ecap f020df
[   24.302415] DMAR: DRHD base: 0x000000e0ffc000 flags: 0x0
[   24.365889] DMAR: dmar1: reg_base_addr e0ffc000 ver 1:0 cap 8d2078c106f0466 ecap f020df
[   24.461526] DMAR: DRHD base: 0x000000ee7fc000 flags: 0x0
[   24.525000] DMAR: dmar2: reg_base_addr ee7fc000 ver 1:0 cap 8d2078c106f0466 ecap f020df
[   24.620652] DMAR: DRHD base: 0x000000fbffc000 flags: 0x0
[   24.684118] DMAR: dmar3: reg_base_addr fbffc000 ver 1:0 cap 8d2078c106f0466 ecap f020df
[   24.779747] DMAR: DRHD base: 0x000000aaffc000 flags: 0x0
[   24.843217] DMAR: dmar4: reg_base_addr aaffc000 ver 1:0 cap 8d2078c106f0466 ecap f020df
[   24.938848] DMAR: DRHD base: 0x000000b87fc000 flags: 0x0
[   25.002327] DMAR: dmar5: reg_base_addr b87fc000 ver 1:0 cap 8d2078c106f0466 ecap f020df
[   25.097974] DMAR: DRHD base: 0x000000c5ffc000 flags: 0x0
[   25.161443] DMAR: dmar6: reg_base_addr c5ffc000 ver 1:0 cap 8d2078c106f0466 ecap f020df
[   25.257081] DMAR: DRHD base: 0x0000009d7fc000 flags: 0x1
[   25.320545] DMAR: dmar7: reg_base_addr 9d7fc000 ver 1:0 cap 8d2078c106f0466 ecap f020df
[   25.416184] DMAR: RMRR base: 0x0000007547e000 end: 0x00000075480fff
[   25.491056] DMAR: ATSR flags: 0x0
[   25.530675] DMAR: ATSR flags: 0x0
[   25.570294] DMAR: RHSA base: 0x0000009d7fc000 proximity domain: 0x0
[   25.645169] DMAR: RHSA base: 0x000000aaffc000 proximity domain: 0x0
[   25.720039] DMAR: RHSA base: 0x000000b87fc000 proximity domain: 0x0
[   25.794907] DMAR: RHSA base: 0x000000c5ffc000 proximity domain: 0x0
[   25.869782] DMAR: RHSA base: 0x000000d37fc000 proximity domain: 0x2
[   25.944658] DMAR: RHSA base: 0x000000e0ffc000 proximity domain: 0x2
[   26.019531] DMAR: RHSA base: 0x000000ee7fc000 proximity domain: 0x2
[   26.094404] DMAR: RHSA base: 0x000000fbffc000 proximity domain: 0x2
[   26.169271] DMAR-IR: IOAPIC id 12 under DRHD base  0xc5ffc000 IOMMU 6
[   26.246214] DMAR-IR: IOAPIC id 11 under DRHD base  0xb87fc000 IOMMU 5
[   26.323162] DMAR-IR: IOAPIC id 10 under DRHD base  0xaaffc000 IOMMU 4
[   26.400114] DMAR-IR: IOAPIC id 18 under DRHD base  0xfbffc000 IOMMU 3
[   26.477056] DMAR-IR: IOAPIC id 17 under DRHD base  0xee7fc000 IOMMU 2
[   26.554013] DMAR-IR: IOAPIC id 16 under DRHD base  0xe0ffc000 IOMMU 1
[   26.630966] DMAR-IR: IOAPIC id 15 under DRHD base  0xd37fc000 IOMMU 0
[   26.707918] DMAR-IR: IOAPIC id 8 under DRHD base  0x9d7fc000 IOMMU 7
[   26.783829] DMAR-IR: IOAPIC id 9 under DRHD base  0x9d7fc000 IOMMU 7
[   26.859741] DMAR-IR: HPET id 0 under DRHD base 0x9d7fc000
[   26.924245] DMAR-IR: x2apic is disabled because BIOS sets x2apic opt out bit.
[   26.924246] DMAR-IR: Use 'intremap=no_x2apic_optout' to override the BIOS setting.
[   27.102201] DMAR-IR: Enabled IRQ remapping in xapic mode
[   27.165665] x2apic: IRQ remapping doesn't support X2APIC mode
[   27.234322] Switched APIC routing to physical flat.
[   27.293651] ..TIMER: vector=0x30 apic1=0 pin1=2 apic2=-1 pin2=-1
[   27.382088] clocksource: tsc-early: mask: 0xffffffffffffffff max_cycles: 0x22983777dd9, max_idle_ns: 440795300422 ns
[   27.507784] Calibrating delay loop (skipped), value calculated using timer frequency.. 4800.00 BogoMIPS (lpj=9600000)
[   27.511776] pid_max: default: 40960 minimum: 320
[   27.515960] Security Framework initialized
[   27.519776] Yama: disabled by default; enable with sysctl kernel.yama.*
[   27.523813] AppArmor: AppArmor initialized
[   27.568092] Dentry cache hash table entries: 33554432 (order: 16, 268435456 bytes)
[   27.594597] Inode-cache hash table entries: 16777216 (order: 15, 134217728 bytes)
[   27.596453] Mount-cache hash table entries: 524288 (order: 10, 4194304 bytes)
[   27.600414] Mountpoint-cache hash table entries: 524288 (order: 10, 4194304 bytes)
[   27.604191] ENERGY_PERF_BIAS: Set to 'normal', was 'performance'
[   27.607776] ENERGY_PERF_BIAS: View and update with x86_energy_perf_policy(8)
[   27.611799] CPU0: Thermal monitoring enabled (TM1)
[   27.615826] process: using mwait in idle threads
[   27.619778] Last level iTLB entries: 4KB 128, 2MB 8, 4MB 8
[   27.623776] Last level dTLB entries: 4KB 64, 2MB 0, 4MB 0, 1GB 4
[   27.627776] Spectre V1 : Mitigation: usercopy/swapgs barriers and __user pointer sanitization
[   27.631776] Spectre V2 : Mitigation: Full generic retpoline
[   27.635775] Spectre V2 : Spectre v2 / SpectreRSB mitigation: Filling RSB on context switch
[   27.639775] Spectre V2 : Enabling Restricted Speculation for firmware calls
[   27.643783] Spectre V2 : mitigation: Enabling conditional Indirect Branch Prediction Barrier
[   27.647775] Spectre V2 : User space: Mitigation: STIBP via seccomp and prctl
[   27.651776] Speculative Store Bypass: Mitigation: Speculative Store Bypass disabled via prctl and seccomp
[   27.655800] TAA: Mitigation: Clear CPU buffers
[   27.659775] MDS: Mitigation: Clear CPU buffers
[   27.671773] Freeing SMP alternatives memory: 24K
[   27.676966] smpboot: CPU0: Intel(R) Xeon(R) Gold 6148 CPU @ 2.40GHz (family: 0x6, model: 0x55, stepping: 0x4)
[   27.679939] Performance Events: PEBS fmt3+, Skylake events, 32-deep LBR, full-width counters, Intel PMU driver.
[   27.683780] ... version:                4
[   27.687776] ... bit width:              48
[   27.691775] ... generic registers:      8
[   27.695776] ... value mask:             0000ffffffffffff
[   27.699775] ... max period:             00007fffffffffff
[   27.703775] ... fixed-purpose events:   3
[   27.707775] ... event mask:             00000007000000ff
[   27.711849] rcu: Hierarchical SRCU implementation.
[   27.716435] random: crng done (trusting CPU's manufacturer)
[   27.723546] NMI watchdog: Enabled. Permanently consumes one hw-PMU counter.
[   27.724336] smp: Bringing up secondary CPUs ...
[   27.727864] x86: Booting SMP configuration:
[   27.731778] .... node  #0, CPUs:        #1  #2
[   27.739779] .... node  #1, CPUs:    #3  #4
[   27.747778] .... node  #0, CPUs:    #5  #6
[   27.755777] .... node  #1, CPUs:    #7  #8  #9
[   27.763778] .... node  #0, CPUs:   #10 #11 #12
[   27.771778] .... node  #1, CPUs:   #13 #14
[   27.779777] .... node  #0, CPUs:   #15 #16
[   27.787778] .... node  #1, CPUs:   #17 #18 #19
[   27.795778] .... node  #2, CPUs:   #20 #21 #22
[   27.887777] .... node  #3, CPUs:   #23 #24
[   27.895777] .... node  #2, CPUs:   #25 #26
[   27.903777] .... node  #3, CPUs:   #27 #28 #29
[   27.915777] .... node  #2, CPUs:   #30 #31 #32
[   27.923777] .... node  #3, CPUs:   #33 #34
[   27.931777] .... node  #2, CPUs:   #35 #36
[   27.939777] .... node  #3, CPUs:   #37 #38 #39
[   27.946306] smp: Brought up 4 nodes, 40 CPUs
[   27.951777] smpboot: Max logical packages: 2
[   27.955778] smpboot: Total of 40 processors activated (192041.12 BogoMIPS)
[   27.984152] devtmpfs: initialized
[   27.987838] x86/mm: Memory block size: 1024MB
[   28.013587] PM: Registering ACPI NVS region [mem 0x724ff000-0x754fefff] (50331648 bytes)
[   28.016615] clocksource: jiffies: mask: 0xffffffff max_cycles: 0xffffffff, max_idle_ns: 7645041785100000 ns
[   28.019834] futex hash table entries: 16384 (order: 8, 1048576 bytes)
[   28.024169] pinctrl core: initialized pinctrl subsystem
[   28.028822] NET: Registered protocol family 16
[   28.031900] audit: initializing netlink subsys (disabled)
[   28.035794] audit: type=2000 audit(1599755394.732:1): state=initialized audit_enabled=0 res=1
[   28.135779] cpuidle: using governor ladder
[   28.183794] cpuidle: using governor menu
[   28.187808] Simple Boot Flag at 0x44 set to 0x1
[   28.191794] ACPI FADT declares the system doesn't support PCIe ASPM, so disable it
[   28.195776] ACPI: bus type PCI registered
[   28.199777] acpiphp: ACPI Hot Plug PCI Controller Driver version: 0.5
[   28.203884] PCI: MMCONFIG for domain 0000 [bus 00-ff] at [mem 0x80000000-0x8fffffff] (base 0x80000000)
[   28.207796] PCI: MMCONFIG at [mem 0x80000000-0x8fffffff] reserved in E820
[   28.211782] pmd_set_huge: Cannot satisfy [mem 0x80000000-0x80200000] with a huge-page mapping due to MTRR override.
[   28.216157] PCI: Using configuration type 1 for base access
[   28.222299] HugeTLB registered 1.00 GiB page size, pre-allocated 0 pages
[   28.223779] HugeTLB registered 2.00 MiB page size, pre-allocated 0 pages
[   28.227968] ACPI: Added _OSI(Module Device)
[   28.231777] ACPI: Added _OSI(Processor Device)
[   28.235778] ACPI: Added _OSI(3.0 _SCP Extensions)
[   28.239776] ACPI: Added _OSI(Processor Aggregator Device)
[   28.243776] ACPI: Added _OSI(Linux-Dell-Video)
[   28.247776] ACPI: Added _OSI(Linux-Lenovo-NV-HDMI-Audio)
[   28.455321] ACPI: 6 ACPI AML tables successfully acquired and loaded
[   28.481539] ACPI: Dynamic OEM Table Load:
[   28.490261] ACPI: Dynamic OEM Table Load:
[   28.541454] ACPI: Dynamic OEM Table Load:
[   28.623619] ACPI: Dynamic OEM Table Load:
[   28.891454] ACPI: Interpreter enabled
[   28.891811] ACPI: (supports S0 S5)
[   28.895777] ACPI: Using IOAPIC for interrupt routing
[   28.899842] HEST: Table parsing has been initialized.
[   28.903778] PCI: Using host bridge windows from ACPI; if necessary, use "pci=nocrs" and report a bug
[   28.922198] ACPI: Enabled 7 GPEs in block 00 to 7F
[   29.027523] ACPI: PCI Root Bridge [PCI0] (domain 0000 [bus 00-16])
[   29.099782] acpi PNP0A08:00: _OSC: OS supports [ExtendedConfig ASPM ClockPM Segments MSI]
[   29.195937] acpi PNP0A08:00: _OSC: platform does not support [SHPCHotplug AER LTR]
[   29.287874] acpi PNP0A08:00: _OSC: OS now controls [PCIeHotplug PME PCIeCapability]
[   29.379777] acpi PNP0A08:00: FADT indicates ASPM is unsupported, using BIOS configuration
[   29.477583] PCI host bridge to bus 0000:00
[   29.527781] pci_bus 0000:00: root bus resource [io  0x0000-0x0cf7 window]
[   29.607777] pci_bus 0000:00: root bus resource [io  0x1000-0x3fff window]
[   29.687777] pci_bus 0000:00: root bus resource [mem 0x000a0000-0x000bffff window]
[   29.779777] pci_bus 0000:00: root bus resource [mem 0x000c4000-0x000c7fff window]
[   29.867777] pci_bus 0000:00: root bus resource [mem 0xfe010000-0xfe010fff window]
[   29.955777] pci_bus 0000:00: root bus resource [mem 0x90000000-0x9d7fffff window]
[   30.047784] pci_bus 0000:00: root bus resource [mem 0x380000000000-0x380fffffffff window]
[   30.143777] pci_bus 0000:00: root bus resource [bus 00-16]
[   30.223470] pci 0000:00:11.0: device has non-compliant BARs; disabling IO/MEM decoding
[   30.316553] pci 0000:00:11.1: device has non-compliant BARs; disabling IO/MEM decoding
[   30.424541] pci 0000:00:1c.0: PCI bridge to [bus 01]
[   30.484057] pci 0000:00:1c.4: PCI bridge to [bus 02]
[   30.544050] pci 0000:00:1c.5: PCI bridge to [bus 03]
[   30.604078] ACPI: PCI Interrupt Link [LNKA] (IRQs 1 3 4 5 6 10 *11 12 14 15)
[   30.687842] ACPI: PCI Interrupt Link [LNKB] (IRQs 1 3 4 5 6 *10 11 12 14 15)
[   30.771840] ACPI: PCI Interrupt Link [LNKC] (IRQs 1 3 4 5 6 10 *11 12 14 15)
[   30.855838] ACPI: PCI Interrupt Link [LNKD] (IRQs 1 3 4 5 6 10 *11 12 14 15)
[   30.939834] ACPI: PCI Interrupt Link [LNKE] (IRQs 1 3 4 5 6 10 *11 12 14 15)
[   31.023847] ACPI: PCI Interrupt Link [LNKF] (IRQs 1 3 4 5 6 10 *11 12 14 15)
[   31.107839] ACPI: PCI Interrupt Link [LNKG] (IRQs 1 3 4 5 6 10 *11 12 14 15)
[   31.191840] ACPI: PCI Interrupt Link [LNKH] (IRQs 1 3 4 5 6 10 *11 12 14 15)
[   31.276126] ACPI: PCI Root Bridge [PC01] (domain 0000 [bus 17-39])
[   31.351779] acpi PNP0A08:01: _OSC: OS supports [ExtendedConfig ASPM ClockPM Segments MSI]
[   31.448262] acpi PNP0A08:01: _OSC: platform does not support [SHPCHotplug AER LTR]
[   31.540042] acpi PNP0A08:01: _OSC: OS now controls [PCIeHotplug PME PCIeCapability]
[   31.631777] acpi PNP0A08:01: FADT indicates ASPM is unsupported, using BIOS configuration
[   31.727909] PCI host bridge to bus 0000:17
[   31.779781] pci_bus 0000:17: root bus resource [io  0x4000-0x5fff window]
[   31.859777] pci_bus 0000:17: root bus resource [mem 0x9d800000-0xaaffffff window]
[   31.947777] pci_bus 0000:17: root bus resource [mem 0x381000000000-0x381fffffffff window]
[   32.047778] pci_bus 0000:17: root bus resource [bus 17-39]
[   32.112005] pci 0000:17:02.0: enabling Extended Tags
[   32.176396] pci 0000:18:00.0: enabling Extended Tags
[   32.235922] pci 0000:17:00.0: PCI bridge to [bus 18]
[   32.296058] pci 0000:17:02.0: PCI bridge to [bus 19-1c]
[   32.355970] pci 0000:19:00.0: PCI bridge to [bus 1a-1c]
[   32.419894] pci 0000:1b:00.0: enabling Extended Tags
[   32.479869] pci 0000:1b:00.0: VF(n) BAR0 space: [mem 0xa0800000-0xa0ffffff 64bit pref] (contains BAR0 for 64 VFs)
[   32.599792] pci 0000:1b:00.0: VF(n) BAR3 space: [mem 0xa1110000-0xa120ffff 64bit pref] (contains BAR3 for 64 VFs)
[   32.724106] pci 0000:1b:00.1: enabling Extended Tags
[   32.783861] pci 0000:1b:00.1: VF(n) BAR0 space: [mem 0xa0000000-0xa07fffff 64bit pref] (contains BAR0 for 64 VFs)
[   32.907792] pci 0000:1b:00.1: VF(n) BAR3 space: [mem 0xa1010000-0xa110ffff 64bit pref] (contains BAR3 for 64 VFs)
[   33.028035] pci 0000:1a:03.0: PCI bridge to [bus 1b-1c]
[   33.091972] ACPI: PCI Root Bridge [PC02] (domain 0000 [bus 3a-5c])
[   33.163782] acpi PNP0A08:02: _OSC: OS supports [ExtendedConfig ASPM ClockPM Segments MSI]
[   33.264294] acpi PNP0A08:02: _OSC: platform does not support [SHPCHotplug AER LTR]
[   33.356006] acpi PNP0A08:02: _OSC: OS now controls [PCIeHotplug PME PCIeCapability]
[   33.443778] acpi PNP0A08:02: FADT indicates ASPM is unsupported, using BIOS configuration
[   33.543881] PCI host bridge to bus 0000:3a
[   33.591777] pci_bus 0000:3a: root bus resource [io  0x6000-0x7fff window]
[   33.671777] pci_bus 0000:3a: root bus resource [mem 0xab000000-0xb87fffff window]
[   33.763777] pci_bus 0000:3a: root bus resource [mem 0x382000000000-0x382fffffffff window]
[   33.859779] pci_bus 0000:3a: root bus resource [bus 3a-5c]
[   33.930197] pci 0000:3b:00.0: VF(n) BAR0 space: [mem 0xad220000-0xad41ffff 64bit pref] (contains BAR0 for 64 VFs)
[   34.051796] pci 0000:3b:00.0: VF(n) BAR4 space: [mem 0xad4a0000-0xad51ffff 64bit pref] (contains BAR4 for 64 VFs)
[   34.171985] pci 0000:3b:00.1: VF(n) BAR0 space: [mem 0xad020000-0xad21ffff 64bit pref] (contains BAR0 for 64 VFs)
[   34.295795] pci 0000:3b:00.1: VF(n) BAR4 space: [mem 0xad420000-0xad49ffff 64bit pref] (contains BAR4 for 64 VFs)
[   34.419952] pci 0000:3a:00.0: PCI bridge to [bus 3b]
[   34.479968] ACPI: PCI Root Bridge [PC03] (domain 0000 [bus 5d-7f])
[   34.551781] acpi PNP0A08:03: _OSC: OS supports [ExtendedConfig ASPM ClockPM Segments MSI]
[   34.652261] acpi PNP0A08:03: _OSC: platform does not support [SHPCHotplug AER LTR]
[   34.748008] acpi PNP0A08:03: _OSC: OS now controls [PCIeHotplug PME PCIeCapability]
[   34.839777] acpi PNP0A08:03: FADT indicates ASPM is unsupported, using BIOS configuration
[   34.935901] PCI host bridge to bus 0000:5d
[   34.987783] pci_bus 0000:5d: root bus resource [io  0x8000-0x9fff window]
[   35.067777] pci_bus 0000:5d: root bus resource [mem 0xb8800000-0xc5ffffff window]
[   35.155777] pci_bus 0000:5d: root bus resource [mem 0x383000000000-0x383fffffffff window]
[   35.255779] pci_bus 0000:5d: root bus resource [bus 5d-7f]
[   35.319811] pci 0000:5d:00.0: enabling Extended Tags
[   35.381213] pci 0000:5d:00.0: PCI bridge to [bus 5e]
[   35.440037] ACPI: PCI Root Bridge [PC06] (domain 0000 [bus 80-84])
[   35.515778] acpi PNP0A08:08: _OSC: OS supports [ExtendedConfig ASPM ClockPM Segments MSI]
[   35.612031] acpi PNP0A08:08: _OSC: platform does not support [SHPCHotplug AER LTR]
[   35.703958] acpi PNP0A08:08: _OSC: OS now controls [PCIeHotplug PME PCIeCapability]
[   35.795777] acpi PNP0A08:08: FADT indicates ASPM is unsupported, using BIOS configuration
[   35.891914] PCI host bridge to bus 0000:80
[   35.939779] pci_bus 0000:80: root bus resource [io  0xa000-0xbfff window]
[   36.023783] pci_bus 0000:80: root bus resource [mem 0xc6000000-0xd37fffff window]
[   36.111777] pci_bus 0000:80: root bus resource [mem 0x384000000000-0x384fffffffff window]
[   36.207777] pci_bus 0000:80: root bus resource [bus 80-84]
[   36.277137] ACPI: PCI Root Bridge [PC07] (domain 0000 [bus 85-ad])
[   36.347779] acpi PNP0A08:09: _OSC: OS supports [ExtendedConfig ASPM ClockPM Segments MSI]
[   36.448231] acpi PNP0A08:09: _OSC: platform does not support [SHPCHotplug AER LTR]
[   36.540010] acpi PNP0A08:09: _OSC: OS now controls [PCIeHotplug PME PCIeCapability]
[   36.627779] acpi PNP0A08:09: FADT indicates ASPM is unsupported, using BIOS configuration
[   36.727937] PCI host bridge to bus 0000:85
[   36.775777] pci_bus 0000:85: root bus resource [io  0xc000-0xdfff window]
[   36.855777] pci_bus 0000:85: root bus resource [mem 0xd3800000-0xe0ffffff window]
[   36.947777] pci_bus 0000:85: root bus resource [mem 0x385000000000-0x385fffffffff window]
[   37.043778] pci_bus 0000:85: root bus resource [bus 85-ad]
[   37.111815] pci 0000:85:02.0: enabling Extended Tags
[   37.167944] pci 0000:85:03.0: enabling Extended Tags
[   37.232368] pci 0000:85:02.0: PCI bridge to [bus 86]
[   37.291918] pci 0000:85:03.0: PCI bridge to [bus 87]
[   37.351950] ACPI: PCI Root Bridge [PC08] (domain 0000 [bus ae-d6])
[   37.427779] acpi PNP0A08:0a: _OSC: OS supports [ExtendedConfig ASPM ClockPM Segments MSI]
[   37.524284] acpi PNP0A08:0a: _OSC: platform does not support [SHPCHotplug AER LTR]
[   37.616006] acpi PNP0A08:0a: _OSC: OS now controls [PCIeHotplug PME PCIeCapability]
[   37.707777] acpi PNP0A08:0a: FADT indicates ASPM is unsupported, using BIOS configuration
[   37.803909] PCI host bridge to bus 0000:ae
[   37.851778] pci_bus 0000:ae: root bus resource [io  0xe000-0xefff window]
[   37.935777] pci_bus 0000:ae: root bus resource [mem 0xe1000000-0xee7fffff window]
[   38.023777] pci_bus 0000:ae: root bus resource [mem 0x386000000000-0x386fffffffff window]
[   38.119778] pci_bus 0000:ae: root bus resource [bus ae-d6]
[   38.190033] ACPI: PCI Root Bridge [PC09] (domain 0000 [bus d7-ff])
[   38.263779] acpi PNP0A08:0b: _OSC: OS supports [ExtendedConfig ASPM ClockPM Segments MSI]
[   38.360247] acpi PNP0A08:0b: _OSC: platform does not support [SHPCHotplug AER LTR]
[   38.452009] acpi PNP0A08:0b: _OSC: OS now controls [PCIeHotplug PME PCIeCapability]
[   38.543777] acpi PNP0A08:0b: FADT indicates ASPM is unsupported, using BIOS configuration
[   38.639904] PCI host bridge to bus 0000:d7
[   38.687778] pci_bus 0000:d7: root bus resource [io  0xf000-0xffff window]
[   38.771777] pci_bus 0000:d7: root bus resource [mem 0xee800000-0xfbffffff window]
[   38.859777] pci_bus 0000:d7: root bus resource [mem 0x387000000000-0x387fffffffff window]
[   38.955777] pci_bus 0000:d7: root bus resource [bus d7-ff]
[   39.023814] pci 0000:d7:02.0: enabling Extended Tags
[   39.085290] pci 0000:d7:02.0: PCI bridge to [bus d8]
[   39.157295] pci 0000:02:00.0: vgaarb: setting as boot VGA device
[   39.159774] pci 0000:02:00.0: vgaarb: VGA device added: decodes=io+mem,owns=io+mem,locks=none
[   39.331850] pci 0000:02:00.0: vgaarb: bridge control possible
[   39.399777] vgaarb: loaded
[   39.431878] pps_core: LinuxPPS API ver. 1 registered
[   39.491777] pps_core: Software ver. 5.3.6 - Copyright 2005-2007 Rodolfo Giometti <giometti@linux.it>
[   39.599778] PTP clock support registered
[   39.647805] EDAC MC: Ver: 3.0.0
[   39.684134] PCI: Using ACPI for IRQ routing
[   39.739841] hpet0: at MMIO 0xfed00000, IRQs 2, 8, 0, 0, 0, 0, 0, 0
[   39.811779] hpet0: 8 comparators, 64-bit 24.000000 MHz counter
[   39.885940] clocksource: Switched to clocksource tsc-early
[   39.960241] VFS: Disk quotas dquot_6.6.0
[   40.007148] VFS: Dquot-cache hash table entries: 512 (order 0, 4096 bytes)
[   40.089453] AppArmor: AppArmor Filesystem Enabled
[   40.145673] pnp: PnP ACPI init
[   40.182764] system 00:01: [io  0x0500-0x05fe] has been reserved
[   40.253479] system 00:01: [io  0x0400-0x047f] could not be reserved
[   40.328341] system 00:01: [io  0x0600-0x061f] has been reserved
[   40.399057] system 00:01: [io  0x0ca0-0x0ca5] has been reserved
[   40.469770] system 00:01: [io  0x0880-0x0883] has been reserved
[   40.540497] system 00:01: [io  0x0800-0x081f] has been reserved
[   40.611218] system 00:01: [mem 0xfed1c000-0xfed3ffff] has been reserved
[   40.690232] system 00:01: [mem 0xfed45000-0xfed8bfff] has been reserved
[   40.769239] system 00:01: [mem 0xff000000-0xffffffff] has been reserved
[   40.848256] system 00:01: [mem 0xfee00000-0xfeefffff] has been reserved
[   40.927268] system 00:01: [mem 0xfed12000-0xfed1200f] has been reserved
[   41.006290] system 00:01: [mem 0xfed12010-0xfed1201f] has been reserved
[   41.085302] system 00:01: [mem 0xfed1b000-0xfed1bfff] has been reserved
[   41.164763] system 00:03: [mem 0xfed20000-0xfed3ffff] has been reserved
[   41.243785] system 00:03: [mem 0xfed90000-0xfed93fff] has been reserved
[   41.322801] system 00:03: [mem 0xff000000-0xffffffff] has been reserved
[   41.401801] system 00:03: [mem 0xfee00000-0xfeefffff] has been reserved
[   41.481001] system 00:04: [mem 0xfd000000-0xfdabffff] has been reserved
[   41.560012] system 00:04: [mem 0xfdad0000-0xfdadffff] has been reserved
[   41.639016] system 00:04: [mem 0xfdb00000-0xfdffffff] has been reserved
[   41.718029] system 00:04: [mem 0xfe000000-0xfe00ffff] has been reserved
[   41.797035] system 00:04: [mem 0xfe011000-0xfe01ffff] has been reserved
[   41.876051] system 00:04: [mem 0xfe036000-0xfe03bfff] has been reserved
[   41.955073] system 00:04: [mem 0xfe03d000-0xfe3fffff] has been reserved
[   42.034090] system 00:04: [mem 0xfe410000-0xfe7fffff] has been reserved
[   42.113497] system 00:05: [io  0xff00-0xfffe] has been reserved
[   42.186338] pnp: PnP ACPI: found 6 devices
[   42.240971] clocksource: acpi_pm: mask: 0xffffff max_cycles: 0xffffff, max_idle_ns: 2085701024 ns
[   42.347002] pci 0000:00:1c.0: BAR 14: assigned [mem 0x96500000-0x966fffff]
[   42.429124] pci 0000:00:1c.0: BAR 15: assigned [mem 0x380000000000-0x3800001fffff 64bit pref]
[   42.530961] pci 0000:00:1c.0: BAR 13: assigned [io  0x2000-0x2fff]
[   42.604792] pci 0000:00:1c.0: PCI bridge to [bus 01]
[   42.664103] pci 0000:00:1c.0:   bridge window [io  0x2000-0x2fff]
[   42.736900] pci 0000:00:1c.0:   bridge window [mem 0x96500000-0x966fffff]
[   42.817982] pci 0000:00:1c.0:   bridge window [mem 0x380000000000-0x3800001fffff 64bit pref]
[   42.918784] pci 0000:00:1c.4: PCI bridge to [bus 02]
[   42.978098] pci 0000:00:1c.4:   bridge window [mem 0x96000000-0x961fffff]
[   43.059183] pci 0000:00:1c.4:   bridge window [mem 0x94000000-0x95ffffff 64bit pref]
[   43.151705] pci 0000:00:1c.5: PCI bridge to [bus 03]
[   43.211014] pci 0000:00:1c.5:   bridge window [mem 0x96200000-0x962fffff]
[   43.292101] pci 0000:00:1c.5:   bridge window [mem 0x90000000-0x93ffffff 64bit pref]
[   43.384739] pci 0000:17:00.0: PCI bridge to [bus 18]
[   43.444055] pci 0000:17:00.0:   bridge window [io  0x4000-0x4fff]
[   43.516850] pci 0000:17:00.0:   bridge window [mem 0xa1600000-0xa17fffff]
[   43.597928] pci 0000:1a:03.0: PCI bridge to [bus 1b-1c]
[   43.660345] pci 0000:1a:03.0:   bridge window [mem 0xa1300000-0xa13fffff]
[   43.741426] pci 0000:1a:03.0:   bridge window [mem 0x9e000000-0xa12fffff 64bit pref]
[   43.833929] pci 0000:19:00.0: PCI bridge to [bus 1a-1c]
[   43.896358] pci 0000:19:00.0:   bridge window [mem 0xa1300000-0xa13fffff]
[   43.977453] pci 0000:19:00.0:   bridge window [mem 0x9e000000-0xa12fffff 64bit pref]
[   44.069969] pci 0000:17:02.0: PCI bridge to [bus 19-1c]
[   44.132391] pci 0000:17:02.0:   bridge window [mem 0xa1300000-0xa15fffff]
[   44.213485] pci 0000:17:02.0:   bridge window [mem 0x9e000000-0xa12fffff 64bit pref]
[   44.306048] pci 0000:3a:00.0: PCI bridge to [bus 3b]
[   44.365354] pci 0000:3a:00.0:   bridge window [mem 0xad600000-0xad6fffff]
[   44.446440] pci 0000:3a:00.0:   bridge window [mem 0xab000000-0xad5fffff 64bit pref]
[   44.539011] pci 0000:5d:00.0: PCI bridge to [bus 5e]
[   44.598395] pci 0000:85:02.0: BAR 13: assigned [io  0xc000-0xcfff]
[   44.672233] pci 0000:85:03.0: BAR 13: assigned [io  0xd000-0xdfff]
[   44.746064] pci 0000:85:02.0: PCI bridge to [bus 86]
[   44.805369] pci 0000:85:02.0:   bridge window [io  0xc000-0xcfff]
[   44.878157] pci 0000:85:02.0:   bridge window [mem 0xd3a00000-0xd3bfffff]
[   44.959246] pci 0000:85:02.0:   bridge window [mem 0x385fffc00000-0x385fffdfffff 64bit pref]
[   45.060061] pci 0000:85:03.0: PCI bridge to [bus 87]
[   45.119371] pci 0000:85:03.0:   bridge window [io  0xd000-0xdfff]
[   45.192161] pci 0000:85:03.0:   bridge window [mem 0xd3800000-0xd39fffff]
[   45.273247] pci 0000:85:03.0:   bridge window [mem 0x385fffe00000-0x385fffffffff 64bit pref]
[   45.374158] pci 0000:d7:02.0: PCI bridge to [bus d8]
[   45.441033] NET: Registered protocol family 2
[   45.493362] tcp_listen_portaddr_hash hash table entries: 65536 (order: 8, 1048576 bytes)
[   45.590302] TCP established hash table entries: 524288 (order: 10, 4194304 bytes)
[   45.680338] TCP bind hash table entries: 65536 (order: 8, 1048576 bytes)
[   45.760513] TCP: Hash tables configured (established 524288 bind 65536)
[   45.839685] UDP hash table entries: 65536 (order: 9, 2097152 bytes)
[   45.914940] UDP-Lite hash table entries: 65536 (order: 9, 2097152 bytes)
[   45.995465] NET: Registered protocol family 1
[   46.047535] NET: Registered protocol family 44
[   46.102434] pci 0000:02:00.0: Video device with shadowed ROM at [mem 0x000c0000-0x000dffff]
[   46.202216] pci 0000:02:00.0: pci_fixup_video+0x0/0x110 took 97444 usecs
[   46.282268] pci 0000:17:05.0: disabled boot interrupts on device [8086:2034]
[   46.366462] pci 0000:17:05.0: quirk_disable_intel_boot_interrupt+0x0/0xf0 took 82216 usecs
[   46.465283] pci 0000:3a:05.0: disabled boot interrupts on device [8086:2034]
[   46.549494] pci 0000:3a:05.0: quirk_disable_intel_boot_interrupt+0x0/0xf0 took 82237 usecs
[   46.648250] pci 0000:5d:05.0: disabled boot interrupts on device [8086:2034]
[   46.732441] pci 0000:5d:05.0: quirk_disable_intel_boot_interrupt+0x0/0xf0 took 82218 usecs
[   46.831198] pci 0000:85:05.0: disabled boot interrupts on device [8086:2034]
[   46.915397] pci 0000:85:05.0: quirk_disable_intel_boot_interrupt+0x0/0xf0 took 82225 usecs
[   47.014196] pci 0000:ae:05.0: disabled boot interrupts on device [8086:2034]
[   47.098398] pci 0000:ae:05.0: quirk_disable_intel_boot_interrupt+0x0/0xf0 took 82228 usecs
[   47.197164] pci 0000:d7:05.0: disabled boot interrupts on device [8086:2034]
[   47.281369] pci 0000:d7:05.0: quirk_disable_intel_boot_interrupt+0x0/0xf0 took 82230 usecs
[   47.380158] Unpacking initramfs...
[   52.446642] Initramfs unpacking failed: no cpio magic
[   52.532915] Freeing initrd memory: 134456K
[   52.595818] PCI-DMA: Using software bounce buffering for IO (SWIOTLB)
[   52.672775] software IO TLB: mapped [mem 0x59b08000-0x5db08000] (64MB)
[   52.752617] Initialise system trusted keyrings
[   52.805720] Key type blacklist registered
[   52.853749] workingset: timestamp_bits=40 max_order=28 bucket_order=0
[   52.931767] zbud: loaded
[   53.100577] Key type asymmetric registered
[   53.149522] Asymmetric key parser 'x509' registered
[   53.207802] Block layer SCSI generic (bsg) driver version 0.4 loaded (major 247)
[   53.296235] io scheduler noop registered
[   53.343103] io scheduler deadline registered
[   53.394140] io scheduler cfq registered (default)
[   53.450345] io scheduler mq-deadline registered
[   53.505410] pcieport 0000:00:1c.0: Signaling PME with IRQ 24
[   53.573045] pciehp 0000:00:1c.0:pcie004: Slot #0 AttnBtn- PwrCtrl- MRL- AttnInd- PwrInd- HotPlug+ Surprise+ Interlock- NoCompl+ LLActRep+
[   53.720732] pcieport 0000:00:1c.4: Signaling PME with IRQ 25
[   53.763792] tsc: Refined TSC clocksource calibration: 2399.995 MHz
[   53.788576] pcieport 0000:00:1c.5: Signaling PME with IRQ 26
[   53.862184] clocksource: tsc: mask: 0xffffffffffffffff max_cycles: 0x229832cb14f, max_idle_ns: 440795241699 ns
[   53.930062] pcieport 0000:17:00.0: Signaling PME with IRQ 28
[   54.116913] clocksource: Switched to clocksource tsc
[   54.117100] pcieport 0000:17:02.0: Signaling PME with IRQ 29
[   54.244216] pcieport 0000:3a:00.0: Signaling PME with IRQ 33
[   54.312108] pcieport 0000:5d:00.0: Signaling PME with IRQ 35
[   54.380336] pcieport 0000:85:02.0: Signaling PME with IRQ 37
[   54.447977] pciehp 0000:85:02.0:pcie004: Slot #80 AttnBtn+ PwrCtrl+ MRL- AttnInd+ PwrInd+ HotPlug+ Surprise- Interlock- NoCompl- LLActRep+ (with Cmd Compl erratum)
[   54.622737] pcieport 0000:85:03.0: Signaling PME with IRQ 38
[   54.690373] pciehp 0000:85:03.0:pcie004: Slot #81 AttnBtn+ PwrCtrl+ MRL- AttnInd+ PwrInd+ HotPlug+ Surprise- Interlock- NoCompl- LLActRep+ (with Cmd Compl erratum)
[   54.865253] pcieport 0000:d7:02.0: Signaling PME with IRQ 40
[   54.933041] shpchp: Standard Hot Plug PCI Controller Driver version: 0.4
[   55.072997] ERST: Error Record Serialization Table (ERST) support is initialized.
[   55.162409] pstore: Registered erst as persistent store backend
[   55.233858] GHES: APEI firmware first mode is enabled by APEI bit and WHEA _OSC.
[   55.322538] Serial: 8250/16550 driver, 4 ports, IRQ sharing enabled
 !"#$%&'()*+,-./0123456789:;<=>?@ABCDEFGHIJKLMNOPQRSTUVWXYZ[\]^_`abcdefghijklmnopqrstuvwxyz{|}~[   55.418213] 00:02: ttyS0 at I/O 0x3f8 (irq = 4, base_baud = 115200) is a 16550A
[   55.418213] 00:02: ttyS0 at I/O 0x3f8 (irq = 4, base_baud = 115200) is a 16550A
[   55.506636] Linux agpgart interface v0.103
[   55.556089] AMD IOMMUv2 driver by Joerg Roedel <jroedel@suse.de>
[   55.627845] AMD IOMMUv2 functionality not available on this system
[   55.706214] i8042: PNP: No PS/2 controller found.
[   55.762505] mousedev: PS/2 mouse device common for all mice
[   55.829096] rtc_cmos 00:00: RTC can wake from S4
[   55.884503] rtc_cmos 00:00: registered as rtc0
[   55.937606] rtc_cmos 00:00: alarms up to one month, 114 bytes nvram, hpet irqs
[   56.023901] intel_pstate: Intel P-state driver initializing
[   56.106786] ledtrig-cpu: registered to indicate activity on CPUs
[   56.179047] NET: Registered protocol family 10
[   56.233714] Segment Routing with IPv6
[   56.277478] mip6: Mobile IPv6
[   56.312954] NET: Registered protocol family 17
[   56.366199] mpls_gso: MPLS GSO support
[   56.416962] mce: Using 20 MCE banks
[   56.458704] microcode: sig=0x50654, pf=0x80, revision=0x2000065
[   56.531442] microcode: Microcode Update Driver: v2.2.
[   56.531452] sched_clock: Marking stable (36480496347, 20050942501)->(62689785525, -6158346677)
[   56.695173] registered taskstats version 1
[   56.744103] Loading compiled-in X.509 certificates
[   56.841614] Loaded X.509 cert 'Debian Secure Boot CA: 6ccece7e4c6c0d1f6149f3dd27dfcc5cbb419ea1'
[   56.945540] Loaded X.509 cert 'Debian Secure Boot Signer 2020: 00b55eb3b9'
[   57.027696] zswap: loaded using pool lzo/zbud
[   57.080128] pstore: Using compression: deflate
[   57.133225] AppArmor: AppArmor sha1 policy hashing enabled
[   57.200172] rtc_cmos 00:00: setting system clock to 2020-09-10 16:30:50 UTC (1599755450)
[   57.297013] List of all partitions:
[   57.338694] No filesystem could mount root, tried: 
[   57.338694] 
[   57.414802] Kernel panic - not syncing: VFS: Unable to mount root fs on unknown-block(0,0)
[   57.513523] CPU: 1 PID: 1 Comm: swapper/0 Not tainted 4.19.0-10-amd64 #1 Debian 4.19.132-1
[   57.612240] Hardware name: Huawei CH121 V5/IT11SPCA1, BIOS 7.10 3/4/2020
[   57.692282] Call Trace:
[   57.721531]  dump_stack+0x66/0x90
[   57.761128]  panic+0xe7/0x24a
[   57.796585]  mount_block_root+0x2c2/0x2e6
[   57.844479]  ? do_early_param+0x8e/0x8e
[   57.890301]  prepare_namespace+0x130/0x166
[   57.939245]  kernel_init_freeable+0x208/0x218
[   57.991295]  ? rest_init+0xaa/0xaa
[   58.031930]  kernel_init+0xa/0x10d
[   58.072566]  ret_from_fork+0x35/0x40
[   58.115391] Kernel Offset: 0x27a00000 from 0xffffffff81000000 (relocation range: 0xffffffff80000000-0xffffffffbfffffff)
[   58.415380] ---[ end Kernel panic - not syncing: VFS: Unable to mount root fs on unknown-block(0,0) ]---
[   58.528643] ------------[ cut here ]------------
[   58.583799] sched: Unexpected reschedule of offline CPU#0!
[   58.649333] WARNING: CPU: 1 PID: 1 at arch/x86/kernel/smp.c:128 native_smp_send_reschedule+0x34/0x40
[   58.758437] Modules linked in:
[   58.794929] CPU: 1 PID: 1 Comm: swapper/0 Not tainted 4.19.0-10-amd64 #1 Debian 4.19.132-1
[   58.893647] Hardware name: Huawei CH121 V5/IT11SPCA1, BIOS 7.10 3/4/2020
[   58.973683] RIP: 0010:native_smp_send_reschedule+0x34/0x40
[   59.039212] Code: 05 b1 23 0e 01 73 15 48 8b 05 a8 22 ea 00 be fd 00 00 00 48 8b 40 30 e9 fa 76 9b 00 89 fe 48 c7 c7 90 ae 84 a9 e8 46 29 03 00 <0f> 0b c3 66 0f 1f 84 00 00 00 00 00 0f 1f 44 00 00 8b 05 fd 42 5a
[   59.263411] RSP: 0000:ffff972f00a83ec8 EFLAGS: 00010082
[   59.325826] RAX: 0000000000000000 RBX: ffff97bef92ac140 RCX: ffffffffa9a4dd68
[   59.411048] RDX: 0000000000000001 RSI: 0000000000000092 RDI: 0000000000000046
[   59.496288] RBP: 0000000000000000 R08: 00000000000004c6 R09: 000000000000000f
[   59.581514] R10: 0000000000000721 R11: ffffffffa9ff76ed R12: ffffad29c005fd88
[   59.666755] R13: ffff972f00a9ccc0 R14: ffffffffa8b13590 R15: ffff972f00a9cdf8
[   59.751985] FS:  0000000000000000(0000) GS:ffff972f00a80000(0000) knlGS:0000000000000000
[   59.848646] CS:  0010 DS: 0000 ES: 0000 CR0: 0000000080050033
[   59.917288] CR2: ffffad29d9960000 CR3: 00000087c240a001 CR4: 00000000007606e0
[   60.002520] DR0: 0000000000000000 DR1: 0000000000000000 DR2: 0000000000000000
[   60.087754] DR3: 0000000000000000 DR6: 00000000fffe0ff0 DR7: 0000000000000400
[   60.172988] PKRU: 00000000
[   60.205339] Call Trace:
[   60.234572]  <IRQ>
[   60.258624]  update_process_times+0x4f/0x60
[   60.308602]  tick_sched_handle+0x22/0x60
[   60.355461]  tick_sched_timer+0x37/0x70
[   60.401286]  __hrtimer_run_queues+0x100/0x280
[   60.453330]  hrtimer_interrupt+0x100/0x220
[   60.502271]  smp_apic_timer_interrupt+0x6a/0x140
[   60.557435]  apic_timer_interrupt+0xf/0x20
[   60.606370]  </IRQ>
[   60.631464] RIP: 0010:panic+0x204/0x24a
[   60.677288] Code: eb a6 83 3d fc 08 57 01 00 74 05 e8 a5 66 02 00 48 c7 c6 00 ee fe a9 48 c7 c7 18 49 85 a9 e8 d0 44 06 00 fb 66 0f 1f 44 00 00 <31> db e8 54 be 0c 00 4c 39 eb 7c 1d 41 83 f4 01 48 8b 05 a4 08 57
[   60.901491] RSP: 0000:ffffad29c005fe30 EFLAGS: 00000246 ORIG_RAX: ffffffffffffff13
[   60.991937] RAX: 000000000000005c RBX: ffff978ef608f000 RCX: ffffffffa9a4dd68
[   61.077164] RDX: 0000000000000000 RSI: 0000000000000092 RDI: 0000000000000046
[   61.162398] RBP: ffffad29c005fea0 R08: 00000000000004c4 R09: 000000000000000f
[   61.247628] R10: 000000000000072d R11: ffffffffa9ff76ed R12: 0000000000000000
[   61.332853] R13: 0000000000000000 R14: fffff3753dd823c0 R15: 0000000000008001
[   61.418097]  mount_block_root+0x2c2/0x2e6
[   61.473359]  ? do_early_param+0x8e/0x8e
[   61.519182]  prepare_namespace+0x130/0x166
[   61.568122]  kernel_init_freeable+0x208/0x218
[   61.620173]  ? rest_init+0xaa/0xaa
[   61.660819]  kernel_init+0xa/0x10d
[   61.701464]  ret_from_fork+0x35/0x40
[   61.744178] ---[ end trace 