for Raise ne...k interfaces (5min 3s / 5min 8s)[   ***] A start job is running for Raise ne...k interfaces (5min 3s / 5min 8s)[    **] A start job is running for Raise ne...k interfaces (5min 4s / 5min 8s)[     *] A start job is running for Raise ne...k interfaces (5min 4s / 5min 8s)[    **] A start job is running for Raise ne...k interfaces (5min 5s / 5min 8s)[   ***] A start job is running for Raise ne...k interfaces (5min 5s / 5min 8s)[  *** ] A start job is running for Raise ne...k interfaces (5min 6s / 5min 8s)[ ***  ] A start job is running for Raise ne...k interfaces (5min 6s / 5min 8s)[***   ] A start job is running for Raise ne...k interfaces (5min 7s / 5min 8s)[**    ] A start job is running for Raise ne...k interfaces (5min 7s / 5min 8s)[*     ] A start job is running for Raise ne...k interfaces (5min 8s / 5min 8s)[**    ] A start job is running for Raise ne... interfaces (5min 8s / 6min 38s)[FAILED] Failed to start Raise network interfaces.
See 'systemctl status networking.service' for details.
[  OK  ] Reached target Network.
         Starting Initial cloud-init job (metadata service crawler)...
[  367.035228] cloud-init[1412]: Cloud-init v. 20.2-45-g5f7825e2-0ubuntu1~16.04.1 running 'init' at Wed, 09 Sep 2020 03:14:24 +0000. Up 366.87 seconds.
[  367.196352] cloud-init[1412]: ci-info: +++++++++++++++++++++++++++Net device info++++++++++++++++++++++++++++
[  367.316290] cloud-init[1412]: ci-info: +--------+-------+-----------+-----------+-------+-------------------+
[  367.436279] cloud-init[1412]: ci-info: | Device |   Up  |  Address  |    Mask   | Scope |     Hw-Address    |
[  367.556262] cloud-init[1412]: ci-info: +--------+-------+-----------+-----------+-------+-------------------+
[  367.676256] cloud-init[1412]: ci-info: |  eno1  | False |     .     |     .     |   .   | 00:2e:c7:dc:38:c2 |
[  367.796324] cloud-init[1412]: ci-info: |  eno2  | False |     .     |     .     |   .   | 00:2e:c7:dc:38:c3 |
[  367.916359] cloud-init[1412]: ci-info: | eno30  | False |     .     |     .     |   .   | 74:5a:aa:63:07:60 |
[  368.036372] cloud-init[1412]: ci-info: | eno50  | False |     .     |     .     |   .   | 74:5a:aa:63:07:62 |
[  368.156268] cloud-init[1412]: ci-info: |   lo   |  True | 127.0.0.1 | 255.0.0.0 |  host |         .         |
[  368.276265] cloud-init[1412]: ci-info: |   lo   |  True |  ::1/128  |     .     |  host |         .         |
[  368.396272] cloud-init[1412]: ci-info: +--------+-------+-----------+-----------+-------+-------------------+
[  368.516265] cloud-init[1412]: ci-info: +++++++++++++++++++Route IPv6 info+++++++++++++++++++
[  368.620320] cloud-init[1412]: ci-info: +-------+-------------+---------+-----------+-------+
[  368.724396] cloud-init[1412]: ci-info: | Route | Destination | Gateway | Interface | Flags |
[  368.828283] cloud-init[1412]: ci-info: +-------+-------------+---------+-----------+-------+
[  368.932268] cloud-init[1412]: ci-info: +-------+-------------+---------+-----------+-------+
[  369.036264] cloud-init[1412]: 2020-09-09 03:14:24,434 - url_helper.py[WARNING]: Calling 'http://169.254.169.254/2009-04-04/meta-data/instance-id' failed [0/120s]: request error [HTTPConnectionPool(host='169.254.169.254', port=80): Max retries exceeded with url: /2009-04-04/meta-data/instance-id (Caused by NewConnectionError('<requests.packages.urllib3.connection.HTTPConnection object at 0x7f1cd70addd8>: Failed to establish a new connection: [Errno 101] Network is unreachable',))]
[  369.548354] cloud-init[1412]: 2020-09-09 03:14:25,436 - url_helper.py[WARNING]: Calling 'http://169.254.169.254/2009-04-04/meta-data/instance-id' failed [1/120s]: request error [HTTPConnectionPool(host='169.254.169.254', port=80): Max retries exceeded with url: /2009-04-04/meta-data/instance-id (Caused by NewConnectionError('<requests.packages.urllib3.connection.HTTPConnection object at 0x7f1cd70add30>: Failed to establish a new connection: [Errno 101] Network is unreachable',))]
[  370.060284] cloud-init[1412]: 2020-09-09 03:14:26,439 - url_helper.py[WARNING]: Calling 'http://169.254.169.254/2009-04-04/meta-data/instance-id' failed [2/120s]: request error [HTTPConnectionPool(host='169.254.169.254', port=80): Max retries exceeded with url: /2009-04-04/meta-data/instance-id (Caused by NewConnectionError('<requests.packages.urllib3.connection.HTTPConnection object at 0x7f1cd6c265f8>: Failed to establish a new connection: [Errno 101] Network is unreachable',))]
[  370.572395] cloud-init[1412]: 2020-09-09 03:14:27,441 - url_helper.py[WARNING]: Calling 'http://169.254.169.254/2009-04-04/meta-data/instance-id' failed [3/120s]: request error [HTTPConnectionPool(host='169.254.169.254', port=80): Max retries exceeded with url: /2009-04-04/meta-data/instance-id (Caused by NewConnectionError('<requests.packages.urllib3.connection.HTTPConnection object at 0x7f1cd6c26da0>: Failed to establish a new connection: [Errno 101] Network is unreachable',))]
[  371.084314] cloud-init[1412]: 2020-09-09 03:14:28,443 - url_helper.py[WARNING]: Calling 'http://169.254.169.254/2009-04-04/meta-data/instance-id' failed [4/120s]: request error [HTTPConnectionPool(host='169.254.169.254', port=80): Max retries exceeded with url: /2009-04-04/meta-data/instance-id (Caused by NewConnectionError('<requests.packages.urllib3.connection.HTTPConnection object at 0x7f1cd6c325f8>: Failed to establish a new connection: [Errno 101] Network is unreachable',))]
[  372.045972] cloud-init[1412]: 2020-09-09 03:14:29,445 - url_helper.py[WARNING]: Calling 'http://169.254.169.254/2009-04-04/meta-data/instance-id' failed [5/120s]: request error [HTTPConnectionPool(host='169.254.169.254', port=80): Max retries exceeded with url: /2009-04-04/meta-data/instance-id (Caused by NewConnectionError('<requests.packages.urllib3.connection.HTTPConnection object at 0x7f1cd6c32e10>: Failed to establish a new connection: [Errno 101] Network is unreachable',))]
[  374.049211] cloud-init[1412]: 2020-09-09 03:14:31,448 - url_helper.py[WARNING]: Calling 'http://169.254.169.254/2009-04-04/meta-data/instance-id' failed [7/120s]: request error [HTTPConnectionPool(host='169.254.169.254', port=80): Max retries exceeded with url: /2009-04-04/meta-data/instance-id (Caused by NewConnectionError('<requests.packages.urllib3.connection.HTTPConnection object at 0x7f1cd6c26dd8>: Failed to establish a new connection: [Errno 101] Network is unreachable',))]
[  376.052229] cloud-init[1412]: 2020-09-09 03:14:33,451 - url_helper.py[WARNING]: Calling 'http://169.254.169.254/2009-04-04/meta-data/instance-id' failed [9/120s]: request error [HTTPConnectionPool(host='169.254.169.254', port=80): Max retries exceeded with url: /2009-04-04/meta-data/instance-id (Caused by NewConnectionError('<requests.packages.urllib3.connection.HTTPConnection object at 0x7f1cd6c26588>: Failed to establish a new connection: [Errno 101] Network is unreachable',))]
[  378.055331] cloud-init[1412]: 2020-09-09 03:14:35,454 - url_helper.py[WARNING]: Calling 'http://169.254.169.254/2009-04-04/meta-data/instance-id' failed [11/120s]: request error [HTTPConnectionPool(host='169.254.169.254', port=80): Max retries exceeded with url: /2009-04-04/meta-data/instance-id (Caused by NewConnectionError('<requests.packages.urllib3.connection.HTTPConnection object at 0x7f1cd6c32048>: Failed to establish a new connection: [Errno 101] Network is unreachable',))]
[  380.058369] cloud-init[1412]: 2020-09-09 03:14:37,457 - url_helper.py[WARNING]: Calling 'http://169.254.169.254/2009-04-04/meta-data/instance-id' failed [13/120s]: request error [HTTPConnectionPool(host='169.254.169.254', port=80): Max retries exceeded with url: /2009-04-04/meta-data/instance-id (Caused by NewConnectionError('<requests.packages.urllib3.connection.HTTPConnection object at 0x7f1cd6c38668>: Failed to establish a new connection: [Errno 101] Network is unreachable',))]
[  382.061590] cloud-init[1412]: 2020-09-09 03:14:39,461 - url_helper.py[WARNING]: Calling 'http://169.254.169.254/2009-04-04/meta-data/instance-id' failed [15/120s]: request error [HTTPConnectionPool(host='169.254.169.254', port=80): Max retries exceeded with url: /2009-04-04/meta-data/instance-id (Caused by NewConnectionError('<requests.packages.urllib3.connection.HTTPConnection object at 0x7f1cd6c38e80>: Failed to establish a new connection: [Errno 101] Network is unreachable',))]
[  385.065766] cloud-init[1412]: 2020-09-09 03:14:42,465 - url_helper.py[WARNING]: Calling 'http://169.254.169.254/2009-04-04/meta-data/instance-id' failed [18/120s]: request error [HTTPConnectionPool(host='169.254.169.254', port=80): Max retries exceeded with url: /2009-04-04/meta-data/instance-id (Caused by NewConnectionError('<requests.packages.urllib3.connection.HTTPConnection object at 0x7f1cd70ad5f8>: Failed to establish a new connection: [Errno 101] Network is unreachable',))]
[  388.069857] cloud-init[1412]: 2020-09-09 03:14:45,469 - url_helper.py[WARNING]: Calling 'http://169.254.169.254/2009-04-04/meta-data/instance-id' failed [21/120s]: request error [HTTPConnectionPool(host='169.254.169.254', port=80): Max retries exceeded with url: /2009-04-04/meta-data/instance-id (Caused by NewConnectionError('<requests.packages.urllib3.connection.HTTPConnection object at 0x7f1cd6c265f8>: Failed to establish a new connection: [Errno 101] Network is unreachable',))]
[  391.074113] cloud-init[1412]: 2020-09-09 03:14:48,473 - url_helper.py[WARNING]: Calling 'http://169.254.169.254/2009-04-04/meta-data/instance-id' failed [24/120s]: request error [HTTPConnectionPool(host='169.254.169.254', port=80): Max retries exceeded with url: /2009-04-04/meta-data/instance-id (Caused by NewConnectionError('<requests.packages.urllib3.connection.HTTPConnection object at 0x7f1cd6c26ef0>: Failed to establish a new connection: [Errno 101] Network is unreachable',))]
[  394.078158] cloud-init[1412]: 2020-09-09 03:14:51,477 - url_helper.py[WARNING]: Calling 'http://169.254.169.254/2009-04-04/meta-data/instance-id' failed [27/120s]: request error [HTTPConnectionPool(host='169.254.169.254', port=80): Max retries exceeded with url: /2009-04-04/meta-data/instance-id (Caused by NewConnectionError('<requests.packages.urllib3.connection.HTTPConnection object at 0x7f1cd6c38048>: Failed to establish a new connection: [Errno 101] Network is unreachable',))]
[  397.083756] cloud-init[1412]: 2020-09-09 03:14:54,483 - url_helper.py[WARNING]: Calling 'http://169.254.169.254/2009-04-04/meta-data/instance-id' failed [30/120s]: request error [HTTPConnectionPool(host='169.254.169.254', port=80): Max retries exceeded with url: /2009-04-04/meta-data/instance-id (Caused by NewConnectionError('<requests.packages.urllib3.connection.HTTPConnection object at 0x7f1cd6c416d8>: Failed to establish a new connection: [Errno 101] Network is unreachable',))]
[  401.088723] cloud-init[1412]: 2020-09-09 03:14:58,488 - url_helper.py[WARNING]: Calling 'http://169.254.169.254/2009-04-04/meta-data/instance-id' failed [34/120s]: request error [HTTPConnectionPool(host='169.254.169.254', port=80): Max retries exceeded with url: /2009-04-04/meta-data/instance-id (Caused by NewConnectionError('<requests.packages.urllib3.connection.HTTPConnection object at 0x7f1cd6c38c50>: Failed to establish a new connection: [Errno 101] Network is unreachable',))]
[  405.093854] cloud-init[1412]: 2020-09-09 03:15:02,493 - url_helper.py[WARNING]: Calling 'http://169.254.169.254/2009-04-04/meta-data/instance-id' failed [38/120s]: request error [HTTPConnectionPool(host='169.254.169.254', port=80): Max retries exceeded with url: /2009-04-04/meta-data/instance-id (Caused by NewConnectionError('<requests.packages.urllib3.connection.HTTPConnection object at 0x7f1cd6c32358>: Failed to establish a new connection: [Errno 101] Network is unreachable',))]
[  409.098773] cloud-init[1412]: 2020-09-09 03:15:06,498 - url_helper.py[WARNING]: Calling 'http://169.254.169.254/2009-04-04/meta-data/instance-id' failed [42/120s]: request error [HTTPConnectionPool(host='169.254.169.254', port=80): Max retries exceeded with url: /2009-04-04/meta-data/instance-id (Caused by NewConnectionError('<requests.packages.urllib3.connection.HTTPConnection object at 0x7f1cd6c32d68>: Failed to establish a new connection: [Errno 101] Network is unreachable',))]
[  413.104030] cloud-init[1412]: 2020-09-09 03:15:10,503 - url_helper.py[WARNING]: Calling 'http://169.254.169.254/2009-04-04/meta-data/instance-id' failed [46/120s]: request error [HTTPConnectionPool(host='169.254.169.254', port=80): Max retries exceeded with url: /2009-04-04/meta-data/instance-id (Caused by NewConnectionError('<requests.packages.urllib3.connection.HTTPConnection object at 0x7f1cd6c26b70>: Failed to establish a new connection: [Errno 101] Network is unreachable',))]
[  417.109229] cloud-init[1412]: 2020-09-09 03:15:14,508 - url_helper.py[WARNING]: Calling 'http://169.254.169.254/2009-04-04/meta-data/instance-id' failed [50/120s]: request error [HTTPConnectionPool(host='169.254.169.254', port=80): Max retries exceeded with url: /2009-04-04/meta-data/instance-id (Caused by NewConnectionError('<requests.packages.urllib3.connection.HTTPConnection object at 0x7f1cd6c265c0>: Failed to establish a new connection: [Errno 101] Network is unreachable',))]
[  422.115527] cloud-init[1412]: 2020-09-09 03:15:19,514 - url_helper.py[WARNING]: Calling 'http://169.254.169.254/2009-04-04/meta-data/instance-id' failed [55/120s]: request error [HTTPConnectionPool(host='169.254.169.254', port=80): Max retries exceeded with url: /2009-04-04/meta-data/instance-id (Caused by NewConnectionError('<requests.packages.urllib3.connection.HTTPConnection object at 0x7f1cd6c32518>: Failed to establish a new connection: [Errno 101] Network is unreachable',))]
[  427.121496] cloud-init[1412]: 2020-09-09 03:15:24,521 - url_helper.py[WARNING]: Calling 'http://169.254.169.254/2009-04-04/meta-data/instance-id' failed [60/120s]: request error [HTTPConnectionPool(host='169.254.169.254', port=80): Max retries exceeded with url: /2009-04-04/meta-data/instance-id (Caused by NewConnectionError('<requests.packages.urllib3.connection.HTTPConnection object at 0x7f1cd6c326a0>: Failed to establish a new connection: [Errno 101] Network is unreachable',))]
[  432.127686] cloud-init[1412]: 2020-09-09 03:15:29,527 - url_helper.py[WARNING]: Calling 'http://169.254.169.254/2009-04-04/meta-data/instance-id' failed [65/120s]: request error [HTTPConnectionPool(host='169.254.169.254', port=80): Max retries exceeded with url: /2009-04-04/meta-data/instance-id (Caused by NewConnectionError('<requests.packages.urllib3.connection.HTTPConnection object at 0x7f1cd6c38208>: Failed to establish a new connection: [Errno 101] Network is unreachable',))]
[  437.133829] cloud-init[1412]: 2020-09-09 03:15:34,533 - url_helper.py[WARNING]: Calling 'http://169.254.169.254/2009-04-04/meta-data/instance-id' failed [70/120s]: request error [HTTPConnectionPool(host='169.254.169.254', port=80): Max retries exceeded with url: /2009-04-04/meta-data/instance-id (Caused by NewConnectionError('<requests.packages.urllib3.connection.HTTPConnection object at 0x7f1cd6c38048>: Failed to establish a new connection: [Errno 101] Network is unreachable',))]
[  442.139882] cloud-init[1412]: 2020-09-09 03:15:39,539 - url_helper.py[WARNING]: Calling 'http://169.254.169.254/2009-04-04/meta-data/instance-id' failed [75/120s]: request error [HTTPConnectionPool(host='169.254.169.254', port=80): Max retries exceeded with url: /2009-04-04/meta-data/instance-id (Caused by NewConnectionError('<requests.packages.urllib3.connection.HTTPConnection object at 0x7f1cd6c26cc0>: Failed to establish a new connection: [Errno 101] Network is unreachable',))]
[  448.147174] cloud-init[1412]: 2020-09-09 03:15:45,546 - url_helper.py[WARNING]: Calling 'http://169.254.169.254/2009-04-04/meta-data/instance-id' failed [81/120s]: request error [HTTPConnectionPool(host='169.254.169.254', port=80): Max retries exceeded with url: /2009-04-04/meta-data/instance-id (Caused by NewConnectionError('<requests.packages.urllib3.connection.HTTPConnection object at 0x7f1cd6c26f98>: Failed to establish a new connection: [Errno 101] Network is unreachable',))]
[  454.154206] cloud-init[1412]: 2020-09-09 03:15:51,553 - url_helper.py[WARNING]: Calling 'http://169.254.169.254/2009-04-04/meta-data/instance-id' failed [87/120s]: request error [HTTPConnectionPool(host='169.254.169.254', port=80): Max retries exceeded with url: /2009-04-04/meta-data/instance-id (Caused by NewConnectionError('<requests.packages.urllib3.connection.HTTPConnection object at 0x7f1cd6c380f0>: Failed to establish a new connection: [Errno 101] Network is unreachable',))]
[  460.161306] cloud-init[1412]: 2020-09-09 03:15:57,560 - url_helper.py[WARNING]: Calling 'http://169.254.169.254/2009-04-04/meta-data/instance-id' failed [93/120s]: request error [HTTPConnectionPool(host='169.254.169.254', port=80): Max retries exceeded with url: /2009-04-04/meta-data/instance-id (Caused by NewConnectionError('<requests.packages.urllib3.connection.HTTPConnection object at 0x7f1cd6c38d30>: Failed to establish a new connection: [Errno 101] Network is unreachable',))]
[  466.168312] cloud-init[1412]: 2020-09-09 03:16:03,567 - url_helper.py[WARNING]: Calling 'http://169.254.169.254/2009-04-04/meta-data/instance-id' failed [99/120s]: request error [HTTPConnectionPool(host='169.254.169.254', port=80): Max retries exceeded with url: /2009-04-04/meta-data/instance-id (Caused by NewConnectionError('<requests.packages.urllib3.connection.HTTPConnection object at 0x7f1cd6c32128>: Failed to establish a new connection: [Errno 101] Network is unreachable',))]
[  472.175742] cloud-init[1412]: 2020-09-09 03:16:09,575 - url_helper.py[WARNING]: Calling 'http://169.254.169.254/2009-04-04/meta-data/instance-id' failed [105/120s]: request error [HTTPConnectionPool(host='169.254.169.254', port=80): Max retries exceeded with url: /2009-04-04/meta-data/instance-id (Caused by NewConnectionError('<requests.packages.urllib3.connection.HTTPConnection object at 0x7f1cd70adc50>: Failed to establish a new connection: [Errno 101] Network is unreachable',))]
[  479.183939] cloud-init[1412]: 2020-09-09 03:16:16,583 - url_helper.py[WARNING]: Calling 'http://169.254.169.254/2009-04-04/meta-data/instance-id' failed [112/120s]: request error [HTTPConnectionPool(host='169.254.169.254', port=80): Max retries exceeded with url: /2009-04-04/meta-data/instance-id (Caused by NewConnectionError('<requests.packages.urllib3.connection.HTTPConnection object at 0x7f1cd6c415f8>: Failed to establish a new connection: [Errno 101] Network is unreachable',))]
[  486.191995] cloud-init[1412]: 2020-09-09 03:16:23,591 - url_helper.py[WARNING]: Calling 'http://169.254.169.254/2009-04-04/meta-data/instance-id' failed [119/120s]: request error [HTTPConnectionPool(host='169.254.169.254', port=80): Max retries exceeded with url: /2009-04-04/meta-data/instance-id (Caused by NewConnectionError('<requests.packages.urllib3.connection.HTTPConnection object at 0x7f1cd6c32c18>: Failed to establish a new connection: [Errno 101] Network is unreachable',))]
[  493.196407] cloud-init[1412]: 2020-09-09 03:16:30,595 - DataSourceEc2.py[CRITICAL]: Giving up on md from ['http://169.254.169.254/2009-04-04/meta-data/instance-id'] after 126 seconds
[  OK  ] Started Initial cloud-init job (metadata service crawler).
[  493.392474] cloud-init[1412]: 2020-09-09 03:16:30,596 - util.py[WARNING]: Getting data from <class 'cloudinit.sources.DataSourceCloudStack.DataSourceCloudStack'> failed
[  OK  ] Reached target System Initialization.
[  OK  ] Started ACPI Events Check.
[  OK  ] Reached target Paths.
[  OK  ] Listening on UUID daemon activation socket.
[  OK  ] Started Message of the Day.
         Starting Socket activation for snappy daemon.
[  OK  ] Started Daily Cleanup of Temporary Directories.
[  OK  ] Listening on D-Bus System Message Bus Socket.
[  OK  ] Listening on ACPID Listen Socket.
[  OK  ] Started Daily apt download activities.
[  OK  ] Started Daily apt upgrade and clean activities.
[  OK  ] Reached target Timers.
         Starting LXD - unix socket.
[  OK  ] Reached target Cloud-config availability.
[  OK  ] Reached target Network is Online.
         Starting iSCSI initiator daemon (iscsid)...
[  OK  ] Listening on Socket activation for snappy daemon.
[  OK  ] Listening on LXD - unix socket.
[  OK  ] Reached target Sockets.
[  OK  ] Reached target Basic System.
[  OK  ] Started FUSE filesystem for LXC.
[  OK  ] Started Deferred execution scheduler.
         Starting LSB: Record successful boot for GRUB...
         Starting Snap Daemon...
         Starting Accounts Service...
         Starting Pollinate to seed the pseudo random number generator...
[  OK  ] Started Regular background program processing daemon.
         Starting LXD - container startup/shutdown...
         Starting System Logging Service...
         Starting LSB: MD monitoring daemon...
[  OK  ] Started ACPI event daemon.
         Starting Login Service...
         Starting /etc/rc.local Compatibility...
[  OK  ] Started D-Bus System Message Bus.
[  OK  ] Started Snap Daemon.
[  OK  ] Started System Logging Service.
[  OK  ] Started iSCSI initiator daemon (iscsid).
[  OK  ] Started Pollinate to seed the pseudo random number generator.
[  OK  ] Started LXD - container startup/shutdown.
[  OK  ] Started /etc/rc.local Compatibility.
[  OK  ] Started Login Service.
[  OK  ] Started LSB: Record successful boot for GRUB.
[  OK  ] Started LSB: MD monitoring daemon.
[  OK  ] Started Unattended Upgrades Shutdown.
         Starting Authenticate and Authorize Users to Run Privileged Tasks...
         Starting OpenBSD Secure Shell server...
         Starting Login to default iSCSI targets...
         Starting Wait until snapd is fully seeded...
[  OK  ] Started Wait until snapd is fully seeded.
[  OK  ] Started OpenBSD Secure Shell server.
[  OK  ] Started Authenticate and Authorize Users to Run Privileged Tasks.
[  OK  ] Started Accounts Service.
         Starting Apply the settings specified in cloud-config...
[  OK  ] Started Login to default iSCSI targets.
[  OK  ] Reached target Remote File Systems (Pre).
[  497.515370] cloud-init[[1736]:   OK  Cloud-init v. 20.2-45-g5f7825e2-0ubuntu1~16.04.1 running 'modules:config' at Wed, 09 Sep 2020 03:16:34 +0000. Up 497.46 seconds.] 
Reached target Remote File Systems.
         Starting Permit User Sessions...
         Starting LSB: daemon to balance interrupts for SMP systems...
         Starting LSB: automatic crash report generation...
         Starting LSB: Set the CPU Frequency Scaling governor to "ondemand"...
[  OK  ] Started Apply the settings specified in cloud-config.
[  OK  ] Started Permit User Sessions.
         Starting Terminate Plymouth Boot Screen...
         Starting Hold until boot process finishes up...
[  OK  ] Started LSB: daemon to balance interrupts for SMP systems.
[  OK  ] Started LSB: automatic crash report generation.
[  OK  ] Started LSB: Set the CPU Frequency Scaling governor to "ondemand".
[  OK  ] Started Terminate Plymouth Boot Screen.
[  OK  ] Started Hold until boot process finishes up.
         Starting Set console scheme...
[  OK  ] Started Serial Getty on ttyS0.
[  OK  ] Started Getty on tty1.
[  OK  ] Reached target Login Prompts.
[  OK  ] Reached target Multi-User System.
         Starting Execute cloud user/final scripts...
[  OK  ] Reached target Graphical Interface.
         Starting Update UTMP about System Runlevel Changes...
[  OK  ] Started Stop ureadahead data collection 45s after completed startup.
[  499.363638] cloud-init[1805]: Cloud-init v. 20.2-45-g5f7825e2-0ubuntu1~16.04.1 running 'modules:final' at Wed, 09 Sep 2020 03:16:36 +0000. Up 499.30 seconds.
[  499.616261] cloud-init[[1805]:   OK  Cloud-init v. 20.2-45-g5f7825e2-0ubuntu1~16.04.1 finished at Wed, 09 Sep 2020 03:16:36 +0000. Datasource DataSourceNone.  Up 499.36 seconds] 
Started Set console scheme.
[  499.616418] cloud-init[1805]: 2020-09-09 03:16:36,763 - cc_final_message.py[WARNING]: Used fallback datasource
[  OK  ] Started Execute cloud user/final scripts.
[  OK  ] Reached target Cloud-init target.
[  OK  ] Started Update UTMP about System Runlevel Changes.

Ubuntu 16.04.7 LTS ubuntu ttyS0

ubuntu login:          Stopping Authenticate a[  OK  ] Stopped Apply the settings specified in cloud-config.
[  OK  ] Stopped Wait until snapd is fully seeded.
[  OK  ] Stopped target Cloud-config availability.
         Stopping Regular background program processing daemon...
         Stopping LSB: daemon to balance interrupts for SMP systems...
[  OK  ] Stopped target Timers.
[  OK  ] Stopped Message of the Day.
[  OK  ] Stopped Daily Cleanup of Temporary Directories.
[  OK  ] Stopped Daily apt upgrade and clean activities.
[  OK  ] Stopped Daily apt download activities.
[  OK  ] Stopped target System Time Synchronized.
         Stopping LXD - container startup/shutdown...
         Stopping Deferred execution scheduler...
[  OK  ] Closed Load/Save RF Kill Switch Status /dev/rfkill Watch.
         Stopping Accounts Service...
[  OK  ] Unmounted /var/lib/lxcfs.
[  OK  ] Stopped Deferred execution scheduler.
[  OK  ] Stopped Accounts Service.
[  OK  ] Stopped Regular background program processing daemon.
[  OK  ] Stopped System Logging Service.
[  OK  ] Stopped ACPI event daemon.
[  OK  ] Stopped Login Service.
[  OK  ] Stopped Authenticate and Authorize Users to Run Privileged Tasks.
[  OK  ] Stopped OpenBSD Secure Shell server.
[  OK  ] Stopped Serial Getty on ttyS0.
[  OK  ] Stopped Getty on tty1.
[  OK  ] Stopped D-Bus System Message Bus.
[  OK  ] Stopped FUSE filesystem for LXC.
[  OK  ] Stopped LXD - container startup/shutdown.
[  OK  ] Stopped LSB: automatic crash report generation.
[  OK  ] Stopped LSB: Set the CPU Frequency Scaling governor to "ondemand".
[  OK  ] Stopped LSB: Record successful boot for GRUB.
[  OK  ] Stopped LSB: MD monitoring daemon.
[  OK  ] Stopped LSB: daemon to balance interrupts for SMP systems.
[  OK  ] Removed slice system-getty.slice.
[  OK  ] Stopped /etc/rc.local Compatibility.
         Stopping Permit User Sessions...
[  OK  ] Removed slice system-serial\x2dgetty.slice.
[  OK  ] Reached target Unmount All Filesystems.
[  OK  ] Stopped Permit User Sessions.
[  OK  ] Stopped target Basic System.
[  OK  ] Stopped target Paths.
[  OK  ] Stopped Dispatch Password Requests to Console Directory Watch.
[  OK  ] Stopped ACPI Events Check.
[  OK  ] Stopped Forward Password Requests to Wall Directory Watch.
[  OK  ] Stopped target Slices.
[  OK  ] Removed slice User and Session Slice.
[  OK  ] Stopped target Sockets.
[  OK  ] Closed D-Bus System Message Bus Socket.
[  OK  ] Closed UUID daemon activation socket.
[  OK  ] Closed Socket activation for snappy daemon.
[  OK  ] Closed LXD - unix socket.
[  OK  ] Closed ACPID Listen Socket.
[  OK  ] Stopped target System Initialization.
         Stopping Load/Save Random Seed...
[  OK  ] Stopped target Encrypted Volumes.
[  OK  ] Stopped Apply Kernel Variables.
[  OK  ] Stopped Load Kernel Modules.
[  OK  ] Stopped target Swap.
         Stopping Update UTMP about System Boot/Shutdown...
         Stopping Network Time Synchronization...
[  OK  ] Closed Syslog Socket.
[  OK  ] Stopped target Remote File Systems.
[  OK  ] Stopped target Remote File Systems (Pre).
         Stopping Login to default iSCSI targets...
[  OK  ] Stopped target User and Group Name Lookups.
[  OK  ] Stopped Network Time Synchronization.
[  OK  ] Stopped Load/Save Random Seed.
[  OK  ] Stopped Update UTMP about System Boot/Shutdown.
[  OK  ] Stopped Create Volatile Files and Directories.
[  OK  ] Stopped target Local File Systems.
[  OK  ] Stopped target Local File Systems (Pre)
>>>>>>>> BIOS Log @ 2020.9.9 14:3:30 <<<<<<<<

BiosID:0x0030
Debug Main Switch :0x0
Set CustomizedFeatures: 0
BiosVersion: 7.10
[SPS ME LIB] INFO: ME Firmware Status : 0xF0345
[SPS ME LIB] INFO: ME Firmware Status : 0xF0345
Enhanced Warning Log: 
[SPS ME LIB] INFO: ME Firmware Status : 0xF034
>>>>>>>> BIOS Log @ 2020.9.9 14:3:34 <<<<<<<<

BiosID:0x0030
Debug Main Switch :0x0
Set CustomizedFeatures: 0
BiosVersion: 7.10
[SPS ME LIB] INFO: ME Firmware Status : 0xF0145
[SPS ME LIB] INFO: ME Firmware Status : 0xF0145



Link Exchange Parameter
-----------------------
CPU0 : LEP0(1:CPU1) : LEP1(0:CPU1) 
CPU1 : LEP0(1:CPU0) : LEP1(0:CPU0) 

CPU Resource Allocation
-----------------------------------------------------------------------------------------------------------------------------------------------------
      | Seg |    Bus      |        Io       |          IoApic         |          Mmiol          |                   Mmioh                   | StkBmp |
-----------------------------------------------------------------------------------------------------------------------------------------------------
CPU0  |  0  | 0x00 - 0x7F | 0x0000 - 0x9FFF | 0xFEC00000 - 0xFEC1FFFF | 0x90000000 - 0xC5FFFFFF | 0x00003800 00000000 - 0x0000383F FFFFFFFF |  0x0F  |
 Stk0 |  0  | 0x00 - 0x16 | 0x0000 - 0x3FFF | 0xFEC00000 - 0xFEC07FFF | 0x90000000 - 0x9D7FFFFF | 0x00003800 00000000 - 0x0000380F FFFFFFFF |        |
 Stk1 |  0  | 0x17 - 0x39 | 0x4000 - 0x5FFF | 0xFEC08000 - 0xFEC0FFFF | 0x9D800000 - 0xAAFFFFFF | 0x00003810 00000000 - 0x0000381F FFFFFFFF |        |
 Stk2 |  0  | 0x3A - 0x5C | 0x6000 - 0x7FFF | 0xFEC10000 - 0xFEC17FFF | 0xAB000000 - 0xB87FFFFF | 0x00003820 00000000 - 0x0000382F FFFFFFFF |        |
 Stk3 |  0  | 0x5D - 0x7F | 0x8000 - 0x9FFF | 0xFEC18000 - 0xFEC1FFFF | 0xB8800000 - 0xC5FFFFFF | 0x00003830 00000000 - 0x0000383F FFFFFFFF |        |
 Stk4 |  0  | 0xFF - 0x00 | 0xFFFF - 0x0000 | 0xFFFFFFFF - 0x00000000 | 0xFFFFFFFF - 0x00000000 | 0xFFFFFFFF FFFFFFFF - 0x00000000 00000000 |        |
 Stk5 |  0  | 0xFF - 0x00 | 0xFFFF - 0x0000 | 0xFFFFFFFF - 0x00000000 | 0xFFFFFFFF - 0x00000000 | 0xFFFFFFFF FFFFFFFF - 0x00000000 00000000 |        |

CPU1  |  0  | 0x80 - 0xFF | 0xA000 - 0xFFFF | 0xFEC20000 - 0xFEC3FFFF | 0xC6000000 - 0xFBFFFFFF | 0x00003840 00000000 - 0x0000387F FFFFFFFF |  0x0F  |
 Stk0 |  0  | 0x80 - 0x84 | 0xA000 - 0xBFFF | 0xFEC20000 - 0xFEC27FFF | 0xC6000000 - 0xD37FFFFF | 0x00003840 00000000 - 0x0000384F FFFFFFFF |        |
 Stk1 |  0  | 0x85 - 0xAD | 0xC000 - 0xDFFF | 0xFEC28000 - 0xFEC2FFFF | 0xD3800000 - 0xE0FFFFFF | 0x00003850 00000000 - 0x0000385F FFFFFFFF |        |
 Stk2 |  0  | 0xAE - 0xD6 | 0xE000 - 0xEFFF | 0xFEC30000 - 0xFEC37FFF | 0xE1000000 - 0xEE7FFFFF | 0x00003860 00000000 - 0x0000386F FFFFFFFF |        |
 Stk3 |  0  | 0xD7 - 0xFF | 0xF000 - 0xFFFF | 0xFEC38000 - 0xFEC3FFFF | 0xEE800000 - 0xFBFFFFFF | 0x00003870 00000000 - 0x0000387F FFFFFFFF |        |
 Stk4 |  0  | 0xFF - 0x00 | 0xFFFF - 0x0000 | 0xFFFFFFFF - 0x00000000 | 0xFFFFFFFF - 0x00000000 | 0xFFFFFFFF FFFFFFFF - 0x00000000 00000000 |        |
 Stk5 |  0  | 0xFF - 0x00 | 0xFFFF - 0x0000 | 0xFFFFFFFF - 0x00000000 | 0xFFFFFFFF - 0x00000000 | 0xFFFFFFFF FFFFFFFF - 0x00000000 00000000 |        |
[SPS ME LIB] INFO: ME Firmware Status : 0xF0345
Enhanced Warning Log: 
[SPS ME LIB] INFO: ME Firmware Status #1 (0x000F0245)
[SPS ME LIB] INFO: ME Firmware Status : 0xF0245
[IE] WARNING: IE is disabled through soft strap.
No need to restore ftw work header.
[SMOOTH_UPGRADE]HwSmoothUpgradeEntryPoint!!!.
[SMOOTH_UPGRADE]Get variable HwUserCfgOkFlag success! Status=0.
[SMOOTH_UPGRADE]Get variable HwClearSpareOkFlag success! Status=0.
[SMOOTH_UPGRADE]NvStoreFlag = 0x1.
[SMOOTH_UPGRADE]UserCfgOkFlag = 0x1.
[SMOOTH_UPGRADE]ClearSpareOkFlag = 0x1.
[SMOOTH_UPGRADE]ConResult = 0x7.
[SMOOTH_UPGRADE]UpdateState = 0x1.
[SMOOTH_UPGRADE]No need to run smooth update driver!!!.
StartBase is 0xFF010040
BiosUpdateFlag in resev: 0x1000000D
StartBase is 0xFF130040
BiosUpdateFlag in cust: 0x1000000D
[SMOOTH_UPGRADE]FlagInResvArea=0x1000000D, FlagInCustToolFv=0x1000000D
	DumpIioPcieLinkStatus()..
 Skt[0], B[x17]:D[0]:F[0] 		Link up as x08 Gen3! 
 Skt[0], B[x17]:D[2]:F[0] 		Link up as x08 Gen3! 
 Skt[0], B[x3A]:D[0]:F[0] 		Link up as x08 Gen2! 
 Skt[0], B[x5D]:D[0]:F[0]  Link Down! 
 Skt[1], B[x85]:D[2]:F[0]  Link Down! 
 Skt[1], B[x85]:D[3]:F[0]  Link Down! 
 Skt[1], B[xD7]:D[2]:F[0]  Link Down! 
HwUpdateIioConfig entry.
HwUpdatePcieParametersConfig entry.
[SPS ME LIB] INFO: ME Firmware Status : 0xF0245
[SPS ME LIB] INFO: ME Firmware Status : 0xF0245
[SPS ME LIB] INFO: ME Firmware Status : 0xF0245
Calling NtbLateInit IioAfterResources IioIndex: 0
Calling NtbLateInit IioAfterResources IioIndex: 1
  c                                                                                                                                                                                                                                                                                                                                                                                                                                                                                                                                                                                                                                                                                                                                                                                                                                                                                                                                                                                                                                                                                                                                                                                                                                                                                                                                                                                                                                                                                                                                                                                                                                                                                                                                                                                                                                                                                                                                                                                                                                                                                                                                                                c                                                                                Avago Technologies MPT SAS3 BIOS                                                MPT3BIOS-8.29.02.00 (2016.05.27)                                                Copyright 2000-2016 Avago Technologies. All rights reserved                                                                                                                                                                                                                                                                                                                                                                                                                                                                                                                                                                                                                                                                                                                                                                                                                                                                                                                                                                                                                                                                                                                                                                                                                                                                                                                                                                                                                                                                                                                                                                                                                                                                                                                                                                     Initializing..-                                                                 Initializing..\                                                                 Initializing..|                                                                 Initializing../                                                                 Initializing..-                                                                 Initializing..\                                                                 Initializing..|                                                                 Initializing../                                                                 Initializing..-                                                                 Initializing..\                                                                 Initializing..|                                                                 Initializing../                                                                 Initializing..-                                                                 Initializing..\                                                                 Initializing..\                                                                 Press Ctrl-C to start Avago Config Utility...                                                                                                                   Searching for devices at HBA 0...                                                 0           LSI      SAS3008-IR       12.00.02.00   0B:02:00:01                 0    0   0  ATA      MTFDDAK960TBY-1A U051         894.2 GiB                                                                                                  PCI  ENCL LUN VENDOR   PRODUCT          PRODUCT      SIZE \                     SLOT SLOT NUM NAME     IDENTIFIER       REVISION     NVDATA                     ---- ---- --- -------- ---------------- ------------ ----------                                                                                                 1 supportable devices are presented for system boot selection!                  Avago MPT3 boot ROM successfully installed!                                                                                                                     Initializing Intel(R) Boot Agent 40G v1.0.60                                    PXE 2.1 Build 092 (WfM 2.0)                                                                                                                                                                                                                                                                                                                                                                                                                                                                                                                                                                                                                                                                                                                                                                                                                                                                                                                                                                                                                                                                                                                                                                                                                                                                                                                                                                                                                                                                                                                                                                                                                                                                                                                                                                                                                                                                                                                                                                                                                                                     QLogic 577xx/578xx Ethernet Boot Agent                                          Copyright (C) 2015-2017 QLogic Corporation                                      All rights reserved.                                                            Press Ctrl-S to enter Configuration Menu                                                                                                                                                                                                                                                                                        c                                                                                                                                                                                                                                                                                                                                                                                                                                                                                                QLogic 577xx/578xx Ethernet Boot Agent                                          Copyright (C) 2015-2017 QLogic Corporation                                      All rights reserved.                                                            Press Ctrl-S to enter Configuration Menu                                                                                                                                                                                                                                                                                                                                                                                                                                                                                                                                                                                                                                                                                                                                                                                                                                                                                                                                                                                                                                                                                                                                                                                                                                                                                                                                                                                                                                                                                                                                                                                                                                                                                Press Del go to Setup Utility                               Press F11 go to Boot Manager                                Press F12 go to PXE                                         Press F3 go to Boot Manager on Remote Keyboard              Press F4 go to Setup Utility on Remote Keyboard             Press F6 go to SP Boot                                      
Enter HwDisplayPostStrings

BIOS Version : 7.10


BIOS Release Date : 3/4/2020


Processor Type : Intel(R) Xeon(R) Gold 6148 CPU @ 2.40GHz


Total memory size : 786432 MB


iBMC Version : 3.92

iBMC IP : 192.168.43.27

IPMI : Boot to PXE

After installing OS, remember to install drivers and upgrade firmware!

Legacy PXE        1 : IBA 40G Slot 1B00 v1060
Legacy PXE        2 : IBA 40G Slot 1B01 v1060
Legacy PXE        3 : QLogic MBA Slot 3B00 v7.14.52
Legacy PXE        4 : QLogic MBA Slot 3B01 v7.14.52
Legacy Hard Drive 1 : #1800 ID09 LUN0 ATA      MTFDDAK[SPS ME LIB] INFO: ME Firmware Status : 0xF0245
Calling IioIoatReadyToBootEvent IioIndex: 0
Calling IioIoApicInitBootEvent IioIndex: 0
Calling NtbLateInit IioReadyToBoot IioIndex: 0
Calling IioIoatReadyToBootEvent IioIndex: 1
Calling IioIoApicInitBootEvent IioIndex: 1
Calling NtbLateInit IioReadyToBoot IioIndex: 1
 ClearEquipmentFlag!
[IpmiProcessBootFlagsAfterReadyToBootEvent] Process...
[IpmiProcessBootFlags] Set BootFlags to BMC, Status = Success
                                                                                                                                                                                                                                                                                                                                                                                                                                                                                                                                                                                                                                                                                                                                                                                                                                                                                                                                                                                                                                                                                                                                                                                                                                                                                                                                                                                                                                                                                                                                                                                                                                                                                        Intel(R) Boot Agent 40G v1.0.60                                                 Copyright (C) 1997-2016, Intel Corporation                                                                                                                      Initializing and establishing link...                                           c                                                                                                                                                                                                                                                Copyright (C) 1997-2016, Intel Corporation                                                                                                                                                                                                                                                                                                                                                                                                                                                                                                                                                                                                                                                                                                                                                                                                                                                                                                                                                                                                                                                                                                                                                                                                                                                                                                                                                                                                                                                      Intel(R) Boot Agent 40G v1.0.60                                                 Copyright (C) 1997-2016, Intel Corporation                                                                                                                      PXE-E61: Media test failure, check cable                                        PXE-M0F: Exiting Intel Boot Agent.                                                                                                                              Intel(R) Boot Agent 40G v1.0.60                                                 Initializing and establishing link...                                           PXE-M0F: Exiting Intel Boot Agent.                                                                                                                                                                                                              PXE-E61: Media test failure, check cable                                        QLogic UNDI PXE-2.1 v7.14.52                                                    Copyright (C) 2015-2017 QLogic Corporation                                      Copyright (C) 1997-2000 Intel Corporation                                       All rights reserved.                                                                                    PXE ROM.                                                PXE-E61: Media test failure, check cable                                                                                                                        PXE-M0F: Exiting QLogic PXE ROM.                                                QLogic UNDI PXE-2.1 v7.14.52                                                    Copyright (C) 2015-2017 QLogic Corporation                                      Copyright (C) 1997-2000 Intel Corporation                                       All rights reserved.                                                                                                                    A174-E811-CF1842EB1C7A  Copyright (C) 2015-2017 QLogic Corporation                                      Copyright (C) 1997-2000 Intel Corporation                                       All rights reserved.                                                            PXE-E61: Media test failure, check cable                                        PXE-M0F: Exiting QLogic PXE ROM.                                                                                                                                QLogic UNDI PXE-2.1 v7.14.52                                                    Copyright (C) 2015-2017 QLogic Corporation                                      Copyright (C) 1997-2000 Intel Corporation                                       All rights reserved.                                                                                                                                            CLIENT MAC ADDR: 74 5A AA 63 07 62  GUID: C7DC38C0-002E-A174-E811-CF1842EB1C7A  DHCP.\                                                                          Copyright (C) 1997-2016, Intel Corporation                                                                                                                      PXE-E61: Media test failure, check cable                                        PXE-M0F: Exiting Intel Boot Agent.                                                                                                                              Intel(R) Boot Agent 40G v1.0.60                                                 Copyright (C) 1997-2016, Intel Corporation                                                                                                                      PXE-E61: Media test failure, check cable                                        PXE-M0F: Exiting Intel Boot Agent.                                                                                                                              QLogic UNDI PXE-2.1 v7.14.52                                                    DHCP.|                                                                          DHCP.|                                                                          DHCP./                                                                          DHCP.\                                                                          DHCP./                                                                          DHCP.-                                                                          DHCP.|                                                                          DHCP./                                                                          DHCP.\                                                                          DHCP.|                                                                          DHCP.-                                                                          DHCP.\                                                                          DHCP./                                                                          DHCP.\                                                                          DHCP.|                                                                          DHCP.-                                                                          DHCP.\                                                                          DHCP./                                                                          DHCP.-                                                                          DHCP.|                                                                          DHCP.-                                                                          DHCP.\                                                                          DHCP./                                                                          DHCP.-                                                                          Intel(R) Boot Agent 40G v1.0.60                                                 Copyright (C) 1997-2016, Intel Corporation                                                                                                                      GATEWAY IP: 192.168.244.1                                                       PXE-T01: File not found                                                         PXE-E3B: TFTP Error - File Not found                                            PXE-M0F: Exiting QLogic PXE ROM.                                                                                                                                PXE-M0F: Exiting Intel Boot Agent.                                                                                                                              QLogic UNDI PXE-2.1 v7.14.52                                                    Copyright (C) 2015-2017 QLogic Corporation                                      Copyright (C) 1997-2000 Intel Corporation                                       All rights reserved.                                                            PXE-E61: Media test failure, check cable                                        PXE-M0F: Exiting QLogic PXE ROM.                                                                                                                                QLogic UNDI PXE-2.1 v7.14.52                                                    Copyright (C) 2015-2017 QLogic Corporation                                      Copyright (C) 1997-2000 Intel Corporation                                       All rights reserved.                                                                                                                                            CLIENT MAC ADDR: 74 5A AA 63 07 62  GUID: C7DC38C0-002E-A174-E811-CF1842EB1C7A  CLIENT IP: 192.168.244.181  MASK: 255.255.255.0  DHCP IP: 192.168.244.100       GATEWAY IP: 192.168.244.1                                                       TFTP.                                                                           Copyright (C) 1997-2016, Intel Corporation                                                                                                                      PXE-E61: Media test failure, check cable                                                                                                                       
[    0.000000] Initializing cgroup subsys cpuset
[    0.000000] Initializing cgroup subsys cpu
[    0.000000] Initializing cgroup subsys cpuacct
[    0.000000] Linux version 4.4.0-189-generic (buildd@lgw01-amd64-047) (gcc version 5.4.0 20160609 (Ubuntu 5.4.0-6ubuntu1~16.04.12) ) #219-Ubuntu SMP Tue Aug 11 12:26:50 UTC 2020 (Ubuntu 4.4.0-189.219-generic 4.4.232)
[    0.000000] Command line: BOOT_IMAGE=/boot/vmlinuz-4.4.0-189-generic root=LABEL=cloudimg-rootfs ro console=tty1 console=ttyS0
[    0.000000] KERNEL supported cpus:
[    0.000000]   Intel GenuineIntel
[    0.000000]   AMD AuthenticAMD
[    0.000000]   Centaur CentaurHauls
[    0.000000] x86/fpu: xstate_offset[2]:  576, xstate_sizes[2]:  256
[    0.000000] x86/fpu: xstate_offset[3]:  960, xstate_sizes[3]:   64
[    0.000000] x86/fpu: xstate_offset[4]: 1024, xstate_sizes[4]:   64
[    0.000000] x86/fpu: xstate_offset[5]: 1088, xstate_sizes[5]:   64
[    0.000000] x86/fpu: xstate_offset[6]: 1152, xstate_sizes[6]:  512
[    0.000000] x86/fpu: xstate_offset[7]: 1664, xstate_sizes[7]: 1024
[    0.000000] x86/fpu: Supporting XSAVE feature 0x01: 'x87 floating point registers'
[    0.000000] x86/fpu: Supporting XSAVE feature 0x02: 'SSE registers'
[    0.000000] x86/fpu: Supporting XSAVE feature 0x04: 'AVX registers'
[    0.000000] x86/fpu: Supporting XSAVE feature 0x08: 'MPX bounds registers'
[    0.000000] x86/fpu: Supporting XSAVE feature 0x10: 'MPX CSR'
[    0.000000] x86/fpu: Supporting XSAVE feature 0x20: 'AVX-512 opmask'
[    0.000000] x86/fpu: Supporting XSAVE feature 0x40: 'AVX-512 Hi256'
[    0.000000] x86/fpu: Supporting XSAVE feature 0x80: 'AVX-512 ZMM_Hi256'
[    0.000000] x86/fpu: Enabled xstate features 0xff, context size is 2688 bytes, using 'standard' format.
[    0.000000] e820: BIOS-provided physical RAM map:
[    0.000000] BIOS-e820: [mem 0x0000000000000000-0x000000000009d7ff] usable
[    0.000000] BIOS-e820: [mem 0x000000000009d800-0x000000000009ffff] reserved
[    0.000000] BIOS-e820: [mem 0x00000000000e0000-0x00000000000fffff] reserved
[    0.000000] BIOS-e820: [mem 0x0000000000100000-0x0000000065efefff] usable
[    0.000000] BIOS-e820: [mem 0x0000000065eff000-0x00000000724fefff] reserved
[    0.000000] BIOS-e820: [mem 0x00000000724ff000-0x00000000754fefff] ACPI NVS
[    0.000000] BIOS-e820: [mem 0x00000000754ff000-0x0000000075ffefff] ACPI data
[    0.000000] BIOS-e820: [mem 0x0000000075fff000-0x0000000075ffffff] usable
[    0.000000] BIOS-e820: [mem 0x0000000076000000-0x000000008fffffff] reserved
[    0.000000] BIOS-e820: [mem 0x00000000fd000000-0x00000000fe7fffff] reserved
[    0.000000] BIOS-e820: [mem 0x00000000feb00000-0x00000000feb03fff] reserved
[    0.000000] BIOS-e820: [mem 0x00000000fec00000-0x00000000fec00fff] reserved
[    0.000000] BIOS-e820: [mem 0x00000000fec80000-0x00000000fed00fff] reserved
[    0.000000] BIOS-e820: [mem 0x00000000ff000000-0x00000000ffffffff] reserved
[    0.000000] BIOS-e820: [mem 0x0000000100000000-0x000000c03fffffff] usable
[    0.000000] NX (Execute Disable) protection: active
[    0.000000] SMBIOS 3.0 present.
[    0.000000] e820: last_pfn = 0xc040000 max_arch_pfn = 0x400000000
[    0.000000] x86/PAT: Configuration [0-7]: WB  WC  UC- UC  WB  WC  UC- WT  
[    0.000000] total RAM covered: 785248M
[    0.000000]  gran_size: 64K 	chunk_size: 64K 	num_reg: 10  	lose cover RAM: 641G
[    0.000000]  gran_size: 64K 	chunk_size: 128K 	num_reg: 10  	lose cover RAM: 641G
[    0.000000]  gran_size: 64K 	chunk_size: 256K 	num_reg: 10  	lose cover RAM: 641G
[    0.000000]  gran_size: 64K 	chunk_size: 512K 	num_reg: 10  	lose cover RAM: 641G
[    0.000000]  gran_size: 64K 	chunk_size: 1M 	num_reg: 10  	lose cover RAM: 641G
[    0.000000]  gran_size: 64K 	chunk_size: 2M 	num_reg: 10  	lose cover RAM: 641G
[    0.000000]  gran_size: 64K 	chunk_size: 4M 	num_reg: 10  	lose cover RAM: 641G
[    0.000000]  gran_size: 64K 	chunk_size: 8M 	num_reg: 10  	lose cover RAM: 641G
[    0.000000]  gran_size: 64K 	chunk_size: 16M 	num_reg: 10  	lose cover RAM: 641G
[    0.000000]  gran_size: 64K 	chunk_size: 32M 	num_reg: 10  	lose cover RAM: 641G
[    0.000000]  gran_size: 64K 	chunk_size: 64M 	num_reg: 10  	lose cover RAM: 641G
[    0.000000]  gran_size: 64K 	chunk_size: 128M 	num_reg: 10  	lose cover RAM: 641G
[    0.000000]  gran_size: 64K 	chunk_size: 256M 	num_reg: 10  	lose cover RAM: 257G
[    0.000000]  gran_size: 64K 	chunk_size: 512M 	num_reg: 10  	lose cover RAM: 257G
[    0.000000]  gran_size: 64K 	chunk_size: 1G 	num_reg: 10  	lose cover RAM: 257G
[    0.000000]  gran_size: 64K 	chunk_size: 2G 	num_reg: 10  	lose cover RAM: 257G
[    0.000000]  gran_size: 128K 	chunk_size: 128K 	num_reg: 10  	lose cover RAM: 641G
[    0.000000]  gran_size: 128K 	chunk_size: 256K 	num_reg: 10  	lose cover RAM: 641G
[    0.000000]  gran_size: 128K 	chunk_size: 512K 	num_reg: 10  	lose cover RAM: 641G
[    0.000000]  gran_size: 128K 	chunk_size: 1M 	num_reg: 10  	lose cover RAM: 641G
[    0.000000]  gran_size: 128K 	chunk_size: 2M 	num_reg: 10  	lose cover RAM: 641G
[    0.000000]  gran_size: 128K 	chunk_size: 4M 	num_reg: 10  	lose cover RAM: 641G
[    0.000000]  gran_size: 128K 	chunk_size: 8M 	num_reg: 10  	lose cover RAM: 641G
[    0.000000]  gran_size: 128K 	chunk_size: 16M 	num_reg: 10  	lose cover RAM: 641G
[    0.000000]  gran_size: 128K 	chunk_size: 32M 	num_reg: 10  	lose cover RAM: 641G
[    0.000000]  gran_size: 128K 	chunk_size: 64M 	num_reg: 10  	lose cover RAM: 641G
[    0.000000]  gran_size: 128K 	chunk_size: 128M 	num_reg: 10  	lose cover RAM: 641G
[    0.000000]  gran_size: 128K 	chunk_size: 256M 	num_reg: 10  	lose cover RAM: 257G
[    0.000000]  gran_size: 128K 	chunk_size: 512M 	num_reg: 10  	lose cover RAM: 257G
[    0.000000]  gran_size: 128K 	chunk_size: 1G 	num_reg: 10  	lose cover RAM: 257G
[    0.000000]  gran_size: 128K 	chunk_size: 2G 	num_reg: 10  	lose cover RAM: 257G
[    0.000000]  gran_size: 256K 	chunk_size: 256K 	num_reg: 10  	lose cover RAM: 641G
[    0.000000]  gran_size: 256K 	chunk_size: 512K 	num_reg: 10  	lose cover RAM: 641G
[    0.000000]  gran_size: 256K 	chunk_size: 1M 	num_reg: 10  	lose cover RAM: 641G
[    0.000000]  gran_size: 256K 	chunk_size: 2M 	num_reg: 10  	lose cover RAM: 641G
[    0.000000]  gran_size: 256K 	chunk_size: 4M 	num_reg: 10  	lose cover RAM: 641G
[    0.000000]  gran_size: 256K 	chunk_size: 8M 	num_reg: 10  	lose cover RAM: 641G
[    0.000000]  gran_size: 256K 	chunk_size: 16M 	num_reg: 10  	lose cover RAM: 641G
[    0.000000]  gran_size: 256K 	chunk_size: 32M 	num_reg: 10  	lose cover RAM: 641G
[    0.000000]  gran_size: 256K 	chunk_size: 64M 	num_reg: 10  	lose cover RAM: 641G
[    0.000000]  gran_size: 256K 	chunk_size: 128M 	num_reg: 10  	lose cover RAM: 641G
[    0.000000]  gran_size: 256K 	chunk_size: 256M 	num_reg: 10  	lose cover RAM: 257G
[    0.000000]  gran_size: 256K 	chunk_size: 512M 	num_reg: 10  	lose cover RAM: 257G
[    0.000000]  gran_size: 256K 	chunk_size: 1G 	num_reg: 10  	lose cover RAM: 257G
[    0.000000]  gran_size: 256K 	chunk_size: 2G 	num_reg: 10  	lose cover RAM: 257G
[    0.000000]  gran_size: 512K 	chunk_size: 512K 	num_reg: 10  	lose cover RAM: 641G
[    0.000000]  gran_size: 512K 	chunk_size: 1M 	num_reg: 10  	lose cover RAM: 641G
[    0.000000]  gran_size: 512K 	chunk_size: 2M 	num_reg: 10  	lose cover RAM: 641G
[    0.000000]  gran_size: 512K 	chunk_size: 4M 	num_reg: 10  	lose cover RAM: 641G
[    0.000000]  gran_size: 512K 	chunk_size: 8M 	num_reg: 10  	lose cover RAM: 641G
[    0.000000]  gran_size: 512K 	chunk_size: 16M 	num_reg: 10  	lose cover RAM: 641G
[    0.000000]  gran_size: 512K 	chunk_size: 32M 	num_reg: 10  	lose cover RAM: 641G
[    0.000000]  gran_size: 512K 	chunk_size: 64M 	num_reg: 10  	lose cover RAM: 641G
[    0.000000]  gran_size: 512K 	chunk_size: 128M 	num_reg: 10  	lose cover RAM: 641G
[    0.000000]  gran_size: 512K 	chunk_size: 256M 	num_reg: 10  	lose cover RAM: 257G
[    0.000000]  gran_size: 512K 	chunk_size: 512M 	num_reg: 10  	lose cover RAM: 257G
[    0.000000]  gran_size: 512K 	chunk_size: 1G 	num_reg: 10  	lose cover RAM: 257G
[    0.000000]  gran_size: 512K 	chunk_size: 2G 	num_reg: 10  	lose cover RAM: 257G
[    0.000000]  gran_size: 1M 	chunk_size: 1M 	num_reg: 10  	lose cover RAM: 641G
[    0.000000]  gran_size: 1M 	chunk_size: 2M 	num_reg: 10  	lose cover RAM: 641G
[    0.000000]  gran_size: 1M 	chunk_size: 4M 	num_reg: 10  	lose cover RAM: 641G
[    0.000000]  gran_size: 1M 	chunk_size: 8M 	num_reg: 10  	lose cover RAM: 641G
[    0.000000]  gran_size: 1M 	chunk_size: 16M 	num_reg: 10  	lose cover RAM: 641G
[    0.000000]  gran_size: 1M 	chunk_size: 32M 	num_reg: 10  	lose cover RAM: 641G
[    0.000000]  gran_size: 1M 	chunk_size: 64M 	num_reg: 10  	lose cover RAM: 641G
[    0.000000]  gran_size: 1M 	chunk_size: 128M 	num_reg: 10  	lose cover RAM: 641G
[    0.000000]  gran_size: 1M 	chunk_size: 256M 	num_reg: 10  	lose cover RAM: 257G
[    0.000000]  gran_size: 1M 	chunk_size: 512M 	num_reg: 10  	lose cover RAM: 257G
[    0.000000]  gran_size: 1M 	chunk_size: 1G 	num_reg: 10  	lose cover RAM: 257G
[    0.000000]  gran_size: 1M 	chunk_size: 2G 	num_reg: 10  	lose cover RAM: 257G
[    0.000000]  gran_size: 2M 	chunk_size: 2M 	num_reg: 10  	lose cover RAM: 641G
[    0.000000]  gran_size: 2M 	chunk_size: 4M 	num_reg: 10  	lose cover RAM: 641G
[    0.000000]  gran_size: 2M 	chunk_size: 8M 	num_reg: 10  	lose cover RAM: 641G
[    0.000000]  gran_size: 2M 	chunk_size: 16M 	num_reg: 10  	lose cover RAM: 641G
[    0.000000]  gran_size: 2M 	chunk_size: 32M 	num_reg: 10  	lose cover RAM: 641G
[    0.000000]  gran_size: 2M 	chunk_size: 64M 	num_reg: 10  	lose cover RAM: 641G
[    0.000000]  gran_size: 2M 	chunk_size: 128M 	num_reg: 10  	lose cover RAM: 641G
[    0.000000]  gran_size: 2M 	chunk_size: 256M 	num_reg: 10  	lose cover RAM: 257G
[    0.000000]  gran_size: 2M 	chunk_size: 512M 	num_reg: 10  	lose cover RAM: 257G
[    0.000000]  gran_size: 2M 	chunk_size: 1G 	num_reg: 10  	lose cover RAM: 257G
[    0.000000]  gran_size: 2M 	chunk_size: 2G 	num_reg: 10  	lose cover RAM: 257G
[    0.000000]  gran_size: 4M 	chunk_size: 4M 	num_reg: 10  	lose cover RAM: 641G
[    0.000000]  gran_size: 4M 	chunk_size: 8M 	num_reg: 10  	lose cover RAM: 641G
[    0.000000]  gran_size: 4M 	chunk_size: 16M 	num_reg: 10  	lose cover RAM: 641G
[    0.000000]  gran_size: 4M 	chunk_size: 32M 	num_reg: 10  	lose cover RAM: 641G
[    0.000000]  gran_size: 4M 	chunk_size: 64M 	num_reg: 10  	lose cover RAM: 641G
[    0.000000]  gran_size: 4M 	chunk_size: 128M 	num_reg: 10  	lose cover RAM: 641G
[    0.000000]  gran_size: 4M 	chunk_size: 256M 	num_reg: 10  	lose cover RAM: 257G
[    0.000000]  gran_size: 4M 	chunk_size: 512M 	num_reg: 10  	lose cover RAM: 257G
[    0.000000]  gran_size: 4M 	chunk_size: 1G 	num_reg: 10  	lose cover RAM: 257G
[    0.000000]  gran_size: 4M 	chunk_size: 2G 	num_reg: 10  	lose cover RAM: 257G
[    0.000000]  gran_size: 8M 	chunk_size: 8M 	num_reg: 10  	lose cover RAM: 641G
[    0.000000]  gran_size: 8M 	chunk_size: 16M 	num_reg: 10  	lose cover RAM: 641G
[    0.000000]  gran_size: 8M 	chunk_size: 32M 	num_reg: 10  	lose cover RAM: 641G
[    0.000000]  gran_size: 8M 	chunk_size: 64M 	num_reg: 10  	lose cover RAM: 641G
[    0.000000]  gran_size: 8M 	chunk_size: 128M 	num_reg: 10  	lose cover RAM: 641G
[    0.000000]  gran_size: 8M 	chunk_size: 256M 	num_reg: 10  	lose cover RAM: 257G
[    0.000000]  gran_size: 8M 	chunk_size: 512M 	num_reg: 10  	lose cover RAM: 257G
[    0.000000]  gran_size: 8M 	chunk_size: 1G 	num_reg: 10  	lose cover RAM: 257G
[    0.000000]  gran_size: 8M 	chunk_size: 2G 	num_reg: 10  	lose cover RAM: 257G
[    0.000000]  gran_size: 16M 	chunk_size: 16M 	num_reg: 10  	lose cover RAM: 641G
[    0.000000]  gran_size: 16M 	chunk_size: 32M 	num_reg: 10  	lose cover RAM: 641G
[    0.000000]  gran_size: 16M 	chunk_size: 64M 	num_reg: 10  	lose cover RAM: 641G
[    0.000000]  gran_size: 16M 	chunk_size: 128M 	num_reg: 10  	lose cover RAM: 641G
[    0.000000]  gran_size: 16M 	chunk_size: 256M 	num_reg: 10  	lose cover RAM: 257G
[    0.000000]  gran_size: 16M 	chunk_size: 512M 	num_reg: 10  	lose cover RAM: 257G
[    0.000000]  gran_size: 16M 	chunk_size: 1G 	num_reg: 10  	lose cover RAM: 257G
[    0.000000]  gran_size: 16M 	chunk_size: 2G 	num_reg: 10  	lose cover RAM: 257G
[    0.000000]  gran_size: 32M 	chunk_size: 32M 	num_reg: 10  	lose cover RAM: 641G
[    0.000000]  gran_size: 32M 	chunk_size: 64M 	num_reg: 10  	lose cover RAM: 641G
[    0.000000]  gran_size: 32M 	chunk_size: 128M 	num_reg: 10  	lose cover RAM: 641G
[    0.000000]  gran_size: 32M 	chunk_size: 256M 	num_reg: 10  	lose cover RAM: 257G
[    0.000000]  gran_size: 32M 	chunk_size: 512M 	num_reg: 10  	lose cover RAM: 257G
[    0.000000]  gran_size: 32M 	chunk_size: 1G 	num_reg: 10  	lose cover RAM: 257G
[    0.000000]  gran_size: 32M 	chunk_size: 2G 	num_reg: 10  	lose cover RAM: 257G
[    0.000000]  gran_size: 64M 	chunk_size: 64M 	num_reg: 10  	lose cover RAM: 525344M
[    0.000000]  gran_size: 64M 	chunk_size: 128M 	num_reg: 10  	lose cover RAM: 656416M
[    0.000000]  gran_size: 64M 	chunk_size: 256M 	num_reg: 10  	lose cover RAM: 263200M
[    0.000000]  gran_size: 64M 	chunk_size: 512M 	num_reg: 10  	lose cover RAM: 263200M
[    0.000000]  gran_size: 64M 	chunk_size: 1G 	num_reg: 10  	lose cover RAM: 263200M
[    0.000000]  gran_size: 64M 	chunk_size: 2G 	num_reg: 10  	lose cover RAM: 263200M
[    0.000000]  gran_size: 128M 	chunk_size: 128M 	num_reg: 10  	lose cover RAM: 263264M
[    0.000000]  gran_size: 128M 	chunk_size: 256M 	num_reg: 10  	lose cover RAM: 263264M
[    0.000000]  gran_size: 128M 	chunk_size: 512M 	num_reg: 10  	lose cover RAM: 1120M
[    0.000000]  gran_size: 128M 	chunk_size: 1G 	num_reg: 10  	lose cover RAM: 1120M
[    0.000000]  gran_size: 128M 	chunk_size: 2G 	num_reg: 10  	lose cover RAM: 1120M
[    0.000000]  gran_size: 256M 	chunk_size: 256M 	num_reg: 10  	lose cover RAM: 263264M
[    0.000000]  gran_size: 256M 	chunk_size: 512M 	num_reg: 10  	lose cover RAM: 1120M
[    0.000000]  gran_size: 256M 	chunk_size: 1G 	num_reg: 10  	lose cover RAM: 1120M
[    0.000000]  gran_size: 256M 	chunk_size: 2G 	num_reg: 10  	lose cover RAM: 1120M
[    0.000000]  gran_size: 512M 	chunk_size: 512M 	num_reg: 10  	lose cover RAM: 1376M
[    0.000000]  gran_size: 512M 	chunk_size: 1G 	num_reg: 10  	lose cover RAM: 1376M
[    0.000000]  gran_size: 512M 	chunk_size: 2G 	num_reg: 10  	lose cover RAM: 1376M
[    0.000000]  gran_size: 1G 	chunk_size: 1G 	num_reg: 10  	lose cover RAM: 864M
[    0.000000] *BAD*gran_size: 1G 	chunk_size: 2G 	num_reg: 10  	lose cover RAM: -160M
[    0.000000]  gran_size: 2G 	chunk_size: 2G 	num_reg: 8  	lose cover RAM: 2912M
[    0.000000] mtrr_cleanup: can not find optimal value
[    0.000000] please specify mtrr_gran_size/mtrr_chunk_size
[    0.000000] e820: last_pfn = 0x76000 max_arch_pfn = 0x400000000
[    0.000000] Scanning 1 areas for low memory corruption
[    0.000000] Using GB pages for direct mapping
[    0.000000] RAMDISK: [mem 0x362de000-0x37166fff]
[    0.000000] ACPI: Early table checksum verification disabled
[    0.000000] ACPI: RSDP 0x00000000000FE020 000024 (v02 INSYDE)
[    0.000000] ACPI: XSDT 0x0000000075FE3188 000124 (v01 INSYDE PRLY-RF  00000001      01000013)
[    0.000000] ACPI: FACP 0x0000000075FF1000 00010C (v05 INSYDE PRLY-RF  00000001 ACPI 00040000)
[    0.000000] ACPI: DSDT 0x00000000759ED000 5F5048 (v02 INSYDE PRLY-RF  00000000 ACPI 00040000)
[    0.000000] ACPI: FACS 0x0000000075484000 000040
[    0.000000] ACPI: UEFI 0x0000000075FFD000 000236 (v01 INSYDE PRLY-RF  00000001 ACPI 00040000)
[    0.000000] ACPI: UEFI 0x0000000075FFB000 000042 (v01 INSYDE PRLY-RF  00000002 ACPI 00040000)
[    0.000000] ACPI: SSDT 0x0000000075FFA000 00046C (v02 INSYDE PRLY-RF  00000001 ACPI 00040000)
[    0.000000] ACPI: MCEJ 0x0000000075FF9000 000130 (v01 INSYDE PRLY-RF  00000001 ACPI 00040000)
[    0.000000] ACPI: SSDT 0x0000000075FF8000 0002D8 (v02 INSYDE PRLY-RF  00001000 ACPI 00040000)
[    0.000000] ACPI: SPMI 0x0000000075FF7000 000041 (v05 INSYDE PRLY-RF  00000001 ACPI 00040000)
[    0.000000] ACPI: SSDT 0x0000000075FF6000 000071 (v02 INSYDE PRLY-RF  00001000 ACPI 00040000)
[    0.000000] ACPI: ASF! 0x0000000075FF5000 0000A5 (v32 INSYDE PRLY-RF  00000001 ACPI 00040000)
[    0.000000] ACPI: ASPT 0x0000000075FF4000 000034 (v07 INSYDE PRLY-RF  00000001 ACPI 00040000)
[    0.000000] ACPI: BOOT 0x0000000075FF3000 000028 (v01 INSYDE PRLY-RF  00000001 ACPI 00040000)
[    0.000000] ACPI: DBGP 0x0000000075FF2000 000034 (v01 INSYDE PRLY-RF  00000001 ACPI 00040000)
[    0.000000] ACPI: HPET 0x0000000075FF0000 000038 (v01 INSYDE PRLY-RF  00000001 ACPI 00040000)
[    0.000000] ACPI: APIC 0x0000000075FEF000 0004DE (v03 INSYDE PRLY-RF  00000000 ACPI 00040000)
[    0.000000] ACPI: MCFG 0x0000000075FEE000 00003C (v01 INSYDE PRLY-RF  00000001 ACPI 00040000)
[    0.000000] ACPI: PCAT 0x0000000075FED000 000088 (v02 INSYDE PRLY-RF  00000002 ACPI 00040000)
[    0.000000] ACPI: SRAT 0x0000000075FE8000 004E20 (v03 INSYDE PRLY-RF  00000002 ACPI 00040000)
[    0.000000] ACPI: SLIT 0x0000000075FE6000 00102C (v01 INSYDE PRLY-RF  00000001 ACPI 00040000)
[    0.000000] ACPI: WDAT 0x0000000075FE5000 000194 (v01 INSYDE PRLY-RF  00000001 ACPI 00040000)
[    0.000000] ACPI: WSMT 0x0000000075FE4000 000028 (v01 INSYDE PRLY-RF  00000000 ACPI 00040000)
[    0.000000] ACPI: PRAD 0x00000000759EC000 0000D4 (v02 INSYDE PRLY-RF  00000002 ACPI 00040000)
[    0.000000] ACPI: OEM4 0x00000000758A7000 144F64 (v02 INTEL  CPU  CST 00003000 INTL 20140828)
[    0.000000] ACPI: OEM1 0x0000000075852000 054564 (v02 INTEL  CPU EIST 00003000 INTL 20140828)
[    0.000000] ACPI: SSDT 0x00000000757E8000 069230 (v02 INSYDE PRLY-RF  00004000 ACPI 00040000)
[    0.000000] ACPI: OEM3 0x000000007579B000 04CCA4 (v02 INTEL  CPU  TST 00003000 INTL 20140828)
[    0.000000] ACPI: SSDT 0x000000007579A000 000506 (v01 INSYDE PRLY-RF  00001000 ACPI 00040000)
[    0.000000] ACPI: FPDT 0x0000000075799000 000044 (v01 INSYDE PRLY-RF  00000002 ACPI 00040000)
[    0.000000] ACPI: HEST 0x0000000075798000 0000A8 (v01 INSYDE PRLY-RF  00000001 ACPI 00040000)
[    0.000000] ACPI: ERST 0x0000000075797000 000230 (v01 INSYDE PRLY-RF  00000001 ACPI 00040000)
[    0.000000] ACPI: BERT 0x0000000075796000 000030 (v01 INSYDE PRLY-RF  00000001 ACPI 00040000)
[    0.000000] ACPI: EINJ 0x0000000075795000 000150 (v01 INSYDE PRLY-RF  00000001 ACPI 00040000)
[    0.000000] ACPI: DMAR 0x0000000075793000 000280 (v01 INSYDE PRLY-RF  00000001 ACPI 00000001)
[    0.000000] SRAT: PXM 0 -> APIC 0x00 -> Node 0
[    0.000000] SRAT: PXM 0 -> APIC 0x02 -> Node 0
[    0.000000] SRAT: PXM 0 -> APIC 0x04 -> Node 0
[    0.000000] SRAT: PXM 1 -> APIC 0x06 -> Node 1
[    0.000000] SRAT: PXM 1 -> APIC 0x08 -> Node 1
[    0.000000] SRAT: PXM 0 -> APIC 0x10 -> Node 0
[    0.000000] SRAT: PXM 0 -> APIC 0x12 -> Node 0
[    0.000000] SRAT: PXM 1 -> APIC 0x14 -> Node 1
[    0.000000] SRAT: PXM 1 -> APIC 0x16 -> Node 1
[    0.000000] SRAT: PXM 1 -> APIC 0x18 -> Node 1
[    0.000000] SRAT: PXM 0 -> APIC 0x20 -> Node 0
[    0.000000] SRAT: PXM 0 -> APIC 0x22 -> Node 0
[    0.000000] SRAT: PXM 0 -> APIC 0x24 -> Node 0
[    0.000000] SRAT: PXM 1 -> APIC 0x26 -> Node 1
[    0.000000] SRAT: PXM 1 -> APIC 0x28 -> Node 1
[    0.000000] SRAT: PXM 0 -> APIC 0x30 -> Node 0
[    0.000000] SRAT: PXM 0 -> APIC 0x32 -> Node 0
[    0.000000] SRAT: PXM 1 -> APIC 0x34 -> Node 1
[    0.000000] SRAT: PXM 1 -> APIC 0x36 -> Node 1
[    0.000000] SRAT: PXM 1 -> APIC 0x38 -> Node 1
[    0.000000] SRAT: PXM 2 -> APIC 0x40 -> Node 2
[    0.000000] SRAT: PXM 2 -> APIC 0x42 -> Node 2
[    0.000000] SRAT: PXM 2 -> APIC 0x44 -> Node 2
[    0.000000] SRAT: PXM 3 -> APIC 0x46 -> Node 3
[    0.000000] SRAT: PXM 3 -> APIC 0x48 -> Node 3
[    0.000000] SRAT: PXM 2 -> APIC 0x50 -> Node 2
[    0.000000] SRAT: PXM 2 -> APIC 0x52 -> Node 2
[    0.000000] SRAT: PXM 3 -> APIC 0x54 -> Node 3
[    0.000000] SRAT: PXM 3 -> APIC 0x56 -> Node 3
[    0.000000] SRAT: PXM 3 -> APIC 0x58 -> Node 3
[    0.000000] SRAT: PXM 2 -> APIC 0x60 -> Node 2
[    0.000000] SRAT: PXM 2 -> APIC 0x62 -> Node 2
[    0.000000] SRAT: PXM 2 -> APIC 0x64 -> Node 2
[    0.000000] SRAT: PXM 3 -> APIC 0x66 -> Node 3
[    0.000000] SRAT: PXM 3 -> APIC 0x68 -> Node 3
[    0.000000] SRAT: PXM 2 -> APIC 0x70 -> Node 2
[    0.000000] SRAT: PXM 2 -> APIC 0x72 -> Node 2
[    0.000000] SRAT: PXM 3 -> APIC 0x74 -> Node 3
[    0.000000] SRAT: PXM 3 -> APIC 0x76 -> Node 3
[    0.000000] SRAT: PXM 3 -> APIC 0x78 -> Node 3
[    0.000000] SRAT: Node 0 PXM 0 [mem 0x00000000-0x7fffffff]
[    0.000000] SRAT: Node 0 PXM 0 [mem 0x100000000-0x303fffffff]
[    0.000000] SRAT: Node 1 PXM 1 [mem 0x3040000000-0x603fffffff]
[    0.000000] SRAT: Node 2 PXM 2 [mem 0x6040000000-0x903fffffff]
[    0.000000] SRAT: Node 3 PXM 3 [mem 0x9040000000-0xc03fffffff]
[    0.000000] NUMA: Node 0 [mem 0x00000000-0x7fffffff] + [mem 0x100000000-0x303fffffff] -> [mem 0x00000000-0x303fffffff]
[    0.000000] NODE_DATA(0) allocated [mem 0x303fffb000-0x303fffffff]
[    0.000000] NODE_DATA(1) allocated [mem 0x603fffb000-0x603fffffff]
[    0.000000] NODE_DATA(2) allocated [mem 0x903fffb000-0x903fffffff]
[    0.000000] NODE_DATA(3) allocated [mem 0xc03fff8000-0xc03fffcfff]
[    0.000000] Zone ranges:
[    0.000000]   DMA      [mem 0x0000000000001000-0x0000000000ffffff]
[    0.000000]   DMA32    [mem 0x0000000001000000-0x00000000ffffffff]
[    0.000000]   Normal   [mem 0x0000000100000000-0x000000c03fffffff]
[    0.000000]   Device   empty
[    0.000000] Movable zone start for each node
[    0.000000] Early memory node ranges
[    0.000000]   node   0: [mem 0x0000000000001000-0x000000000009cfff]
[    0.000000]   node   0: [mem 0x0000000000100000-0x0000000065efefff]
[    0.000000]   node   0: [mem 0x0000000075fff000-0x0000000075ffffff]
[    0.000000]   node   0: [mem 0x0000000100000000-0x000000303fffffff]
[    0.000000]   node   1: [mem 0x0000003040000000-0x000000603fffffff]
[    0.000000]   node   2: [mem 0x0000006040000000-0x000000903fffffff]
[    0.000000]   node   3: [mem 0x0000009040000000-0x000000c03fffffff]
[    0.000000] Initmem setup node 0 [mem 0x0000000000001000-0x000000303fffffff]
[    0.000000] Initmem setup node 1 [mem 0x0000003040000000-0x000000603fffffff]
[    0.000000] Initmem setup node 2 [mem 0x0000006040000000-0x000000903fffffff]
[    0.000000] Initmem setup node 3 [mem 0x0000009040000000-0x000000c03fffffff]
[    0.000000] ACPI: PM-Timer IO Port: 0x508
[    0.000000] ACPI: X2APIC_NMI (uid[0xffffffff] high level lint[0x1])
[    0.000000] ACPI: LAPIC_NMI (acpi_id[0xff] high level lint[0x1])
[    0.000000] IOAPIC[0]: apic_id 8, version 32, address 0xfec00000, GSI 0-23
[    0.000000] IOAPIC[1]: apic_id 9, version 32, address 0xfec01000, GSI 24-31
[    0.000000] IOAPIC[2]: apic_id 10, version 32, address 0xfec08000, GSI 32-39
[    0.000000] IOAPIC[3]: apic_id 11, version 32, address 0xfec10000, GSI 40-47
[    0.000000] IOAPIC[4]: apic_id 12, version 32, address 0xfec18000, GSI 48-55
[    0.000000] IOAPIC[5]: apic_id 15, version 32, address 0xfec20000, GSI 72-79
[    0.000000] IOAPIC[6]: apic_id 16, version 32, address 0xfec28000, GSI 80-87
[    0.000000] IOAPIC[7]: apic_id 17, version 32, address 0xfec30000, GSI 88-95
[    0.000000] IOAPIC[8]: apic_id 18, version 32, address 0xfec38000, GSI 96-103
[    0.000000] ACPI: INT_SRC_OVR (bus 0 bus_irq 0 global_irq 2 dfl dfl)
[    0.000000] ACPI: INT_SRC_OVR (bus 0 bus_irq 9 global_irq 9 high level)
[    0.000000] Using ACPI (MADT) for SMP configuration information
[    0.000000] ACPI: HPET id: 0x8086a701 base: 0xfed00000
[    0.000000] smpboot: Allowing 56 CPUs, 16 hotplug CPUs
[    0.000000] PM: Registered nosave memory: [mem 0x00000000-0x00000fff]
[    0.000000] PM: Registered nosave memory: [mem 0x0009d000-0x0009dfff]
[    0.000000] PM: Registered nosave memory: [mem 0x0009e000-0x0009ffff]
[    0.000000] PM: Registered nosave memory: [mem 0x000a0000-0x000dffff]
[    0.000000] PM: Registered nosave memory: [mem 0x000e0000-0x000fffff]
[    0.000000] PM: Registered nosave memory: [mem 0x65eff000-0x724fefff]
[    0.000000] PM: Registered nosave memory: [mem 0x724ff000-0x754fefff]
[    0.000000] PM: Registered nosave memory: [mem 0x754ff000-0x75ffefff]
[    0.000000] PM: Registered nosave memory: [mem 0x76000000-0x8fffffff]
[    0.000000] PM: Registered nosave memory: [mem 0x90000000-0xfcffffff]
[    0.000000] PM: Registered nosave memory: [mem 0xfd000000-0xfe7fffff]
[    0.000000] PM: Registered nosave memory: [mem 0xfe800000-0xfeafffff]
[    0.000000] PM: Registered nosave memory: [mem 0xfeb00000-0xfeb03fff]
[    0.000000] PM: Registered nosave memory: [mem 0xfeb04000-0xfebfffff]
[    0.000000] PM: Registered nosave memory: [mem 0xfec00000-0xfec00fff]
[    0.000000] PM: Registered nosave memory: [mem 0xfec01000-0xfec7ffff]
[    0.000000] PM: Registered nosave memory: [mem 0xfec80000-0xfed00fff]
[    0.000000] PM: Registered nosave memory: [mem 0xfed01000-0xfeffffff]
[    0.000000] PM: Registered nosave memory: [mem 0xff000000-0xffffffff]
[    0.000000] e820: [mem 0x90000000-0xfcffffff] available for PCI devices
[    0.000000] Booting paravirtualized kernel on bare hardware
[    0.000000] clocksource: refined-jiffies: mask: 0xffffffff max_cycles: 0xffffffff, max_idle_ns: 7645519600211568 ns
[    0.000000] setup_percpu: NR_CPUS:512 nr_cpumask_bits:512 nr_cpu_ids:56 nr_node_ids:4
[    0.000000] PERCPU: Embedded 33 pages/cpu @ffff882f80e00000 s95512 r8192 d31464 u262144
[    0.000000] Built 4 zonelists in Node order, mobility grouping on.  Total pages: 197817610
[    0.000000] Policy zone: Normal
[    0.000000] Kernel command line: BOOT_IMAGE=/boot/vmlinuz-4.4.0-189-generic root=LABEL=cloudimg-rootfs ro console=tty1 console=ttyS0
[    0.000000] log_buf_len individual max cpu contribution: 4096 bytes
[    0.000000] log_buf_len total cpu_extra contributions: 225280 bytes
[    0.000000] log_buf_len min size: 262144 bytes
[    0.000000] log_buf_len: 524288 bytes
[    0.000000] early log buf free: 232372(88%)
[    0.000000] PID hash table entries: 4096 (order: 3, 32768 bytes)
[    0.000000] Memory: 791159528K/803830384K available (8636K kernel code, 1337K rwdata, 4040K rodata, 1492K init, 1296K bss, 12670856K reserved, 0K cma-reserved)
[    0.000000] SLUB: HWalign=64, Order=0-3, MinObjects=0, CPUs=56, Nodes=4
[    0.000000] Kernel/User page tables isolation: enabled
[    0.000000] Hierarchical RCU implementation.
[    0.000000] 	Build-time adjustment of leaf fanout to 64.
[    0.000000] 	RCU restricting CPUs from NR_CPUS=512 to nr_cpu_ids=56.
[    0.000000] RCU: Adjusting geometry for rcu_fanout_leaf=64, nr_cpu_ids=56
[    0.000000] NR_IRQS:33024 nr_irqs:2232 16
[    0.000000] Console: colour VGA+ 80x25
[    0.000000] console [tty1] enabled
[    0.000000] console [ttyS0] enabled
[    0.000000] mempolicy: Enabling automatic NUMA balancing. Configure with numa_balancing= or the kernel.numa_balancing sysctl
[    0.000000] clocksource: hpet: mask: 0xffffffff max_cycles: 0xffffffff, max_idle_ns: 79635855245 ns
[    0.000000] tsc: PIT calibration matches HPET. 1 loops
[    0.000000] tsc: Detected 2400.007 MHz processor
[    0.000044] Calibrating delay loop (skipped), value calculated using timer frequency.. 4800.01 BogoMIPS (lpj=9600028)
[    0.126958] pid_max: default: 57344 minimum: 448
[    0.182138] ACPI: Core revision 20150930
[    0.478744] ACPI: 6 ACPI AML tables successfully acquired and loaded
[    0.555113] Security Framework initialized
[    0.604049] Yama: becoming mindful.
[    0.645763] AppArmor: AppArmor initialized
[    0.754868] Dentry cache hash table entries: 134217728 (order: 18, 1073741824 bytes)
[    1.049573] Inode-cache hash table entries: 67108864 (order: 17, 536870912 bytes)
[    1.225720] Mount-cache hash table entries: 2097152 (order: 12, 16777216 bytes)
[    1.313952] Mountpoint-cache hash table entries: 2097152 (order: 12, 16777216 bytes)
[    1.411077] Initializing cgroup subsys io
[    1.458986] Initializing cgroup subsys memory
[    1.511061] Initializing cgroup subsys devices
[    1.564152] Initializing cgroup subsys freezer
[    1.617238] Initializing cgroup subsys net_cls
[    1.670327] Initializing cgroup subsys perf_event
[    1.726523] Initializing cgroup subsys net_prio
[    1.780648] Initializing cgroup subsys hugetlb
[    1.833730] Initializing cgroup subsys pids
[    1.883769] ENERGY_PERF_BIAS: Set to 'normal', was 'performance'
[    1.955524] ENERGY_PERF_BIAS: View and update with x86_energy_perf_policy(8)
[    2.040787] mce: CPU supports 20 MCE banks
[    2.089764] CPU0: Thermal monitoring enabled (TM1)
[    2.147024] process: using mwait in idle threads
[    2.202185] Last level iTLB entries: 4KB 128, 2MB 8, 4MB 8
[    2.267716] Last level dTLB entries: 4KB 64, 2MB 0, 4MB 0, 1GB 4
[    2.339487] Spectre V1 : Mitigation: usercopy/swapgs barriers and __user pointer sanitization
[    2.441331] Spectre V2 : Mitigation: Full generic retpoline
[    2.507899] Spectre V2 : Spectre v2 / SpectreRSB mitigation: Filling RSB on context switch
[    2.606613] Spectre V2 : Enabling Restricted Speculation for firmware calls
[    2.689776] Spectre V2 : mitigation: Enabling conditional Indirect Branch Prediction Barrier
[    2.790585] Spectre V2 : mitigation: Enabling kernel Indirect Branch Prediction Barrier
[    2.886208] Spectre V2 : User space: Mitigation: STIBP via seccomp and prctl
[    2.970413] Speculative Store Bypass: Mitigation: Speculative Store Bypass disabled via prctl and seccomp
[    3.084728] TAA: Mitigation: Clear CPU buffers
[    3.137811] MDS: Mitigation: Clear CPU buffers
[    3.191346] Freeing SMP alternatives memory: 36K
[    3.248509] ftrace: allocating 32336 entries in 127 pages
[    3.343454] smpboot: APIC(0) Converting physical 0 to logical package 0
[    3.422474] smpboot: APIC(40) Converting physical 1 to logical package 1
[    3.502525] smpboot: Max logical packages: 3
[    3.553547] DMAR: Host address width 46
[    3.599372] DMAR: DRHD base: 0x000000d37fc000 flags: 0x0
[    3.662826] DMAR: dmar0: reg_base_addr d37fc000 ver 1:0 cap 8d2078c106f0466 ecap f020df
[    3.758439] DMAR: DRHD base: 0x000000e0ffc000 flags: 0x0
[    3.821894] DMAR: dmar1: reg_base_addr e0ffc000 ver 1:0 cap 8d2078c106f0466 ecap f020df
[    3.917510] DMAR: DRHD base: 0x000000ee7fc000 flags: 0x0
[    3.980964] DMAR: dmar2: reg_base_addr ee7fc000 ver 1:0 cap 8d2078c106f0466 ecap f020df
[    4.076578] DMAR: DRHD base: 0x000000fbffc000 flags: 0x0
[    4.140040] DMAR: dmar3: reg_base_addr fbffc000 ver 1:0 cap 8d2078c106f0466 ecap f020df
[    4.235659] DMAR: DRHD base: 0x000000aaffc000 flags: 0x0
[    4.299117] DMAR: dmar4: reg_base_addr aaffc000 ver 1:0 cap 8d2078c106f0466 ecap f020df
[    4.394722] DMAR: DRHD base: 0x000000b87fc000 flags: 0x0
[    4.458175] DMAR: dmar5: reg_base_addr b87fc000 ver 1:0 cap 8d2078c106f0466 ecap f020df
[    4.553795] DMAR: DRHD base: 0x000000c5ffc000 flags: 0x0
[    4.617259] DMAR: dmar6: reg_base_addr c5ffc000 ver 1:0 cap 8d2078c106f0466 ecap f020df
[    4.712895] DMAR: DRHD base: 0x0000009d7fc000 flags: 0x1
[    4.776353] DMAR: dmar7: reg_base_addr 9d7fc000 ver 1:0 cap 8d2078c106f0466 ecap f020df
[    4.871963] DMAR: RMRR base: 0x0000007547e000 end: 0x00000075480fff
[    4.946814] DMAR: ATSR flags: 0x0
[    4.986427] DMAR: ATSR flags: 0x0
[    5.026034] DMAR: RHSA base: 0x0000009d7fc000 proximity domain: 0x0
[    5.100897] DMAR: RHSA base: 0x000000aaffc000 proximity domain: 0x0
[    5.175749] DMAR: RHSA base: 0x000000b87fc000 proximity domain: 0x0
[    5.250610] DMAR: RHSA base: 0x000000c5ffc000 proximity domain: 0x0
[    5.325474] DMAR: RHSA base: 0x000000d37fc000 proximity domain: 0x2
[    5.400342] DMAR: RHSA base: 0x000000e0ffc000 proximity domain: 0x2
[    5.475208] DMAR: RHSA base: 0x000000ee7fc000 proximity domain: 0x2
[    5.550068] DMAR: RHSA base: 0x000000fbffc000 proximity domain: 0x2
[    5.624940] DMAR-IR: IOAPIC id 12 under DRHD base  0xc5ffc000 IOMMU 6
[    5.701888] DMAR-IR: IOAPIC id 11 under DRHD base  0xb87fc000 IOMMU 5
[    5.778838] DMAR-IR: IOAPIC id 10 under DRHD base  0xaaffc000 IOMMU 4
[    5.855777] DMAR-IR: IOAPIC id 18 under DRHD base  0xfbffc000 IOMMU 3
[    5.932708] DMAR-IR: IOAPIC id 17 under DRHD base  0xee7fc000 IOMMU 2
[    6.009641] DMAR-IR: IOAPIC id 16 under DRHD base  0xe0ffc000 IOMMU 1
[    6.086573] DMAR-IR: IOAPIC id 15 under DRHD base  0xd37fc000 IOMMU 0
[    6.163503] DMAR-IR: IOAPIC id 8 under DRHD base  0x9d7fc000 IOMMU 7
[    6.239399] DMAR-IR: IOAPIC id 9 under DRHD base  0x9d7fc000 IOMMU 7
[    6.315290] DMAR-IR: HPET id 0 under DRHD base 0x9d7fc000
[    6.379783] DMAR-IR: x2apic is disabled because BIOS sets x2apic opt out bit.
[    6.462925] DMAR-IR: Use 'intremap=no_x2apic_optout' to override the BIOS setting.
[    6.559017] DMAR-IR: Enabled IRQ remapping in xapic mode
[    6.622451] x2apic: IRQ remapping doesn't support X2APIC mode
[    6.691086] Switched APIC routing to physical flat.
[    6.750491] ..TIMER: vector=0x30 apic1=0 pin1=2 apic2=-1 pin2=-1
[    6.861935] smpboot: CPU0: Intel(R) Xeon(R) Gold 6148 CPU @ 2.40GHz (family: 0x6, model: 0x55, stepping: 0x4)
[    6.980883] Performance Events: PEBS fmt3+, 32-deep LBR, Skylake events, full-width counters, Intel PMU driver.
[    7.102268] ... version:                4
[    7.150160] ... bit width:              48
[    7.199091] ... generic registers:      8
[    7.246983] ... value mask:             0000ffffffffffff
[    7.310432] ... max period:             00007fffffffffff
[    7.373877] ... fixed-purpose events:   3
[    7.421773] ... event mask:             00000007000000ff
[    7.487475] x86: Booting SMP configuration:
[    7.537432] .... node  #0, CPUs:        #1
[    7.592108] NMI watchdog: enabled on all CPUs, permanently consumes one hw-PMU counter.
[    7.690080]   #2
[    7.717566] .... node  #1, CPUs:    #3  #4
[    7.778141] .... node  #0, CPUs:    #5  #6
[    7.838590] .... node  #1, CPUs:    #7  #8  #9
[    7.909096] .... node  #0, CPUs:   #10 #11 #12
[    7.979582] .... node  #1, CPUs:   #13 #14
[    8.040203] .... node  #0, CPUs:   #15 #16
[    8.100617] .... node  #1, CPUs:   #17 #18 #19
[    8.171176] .... node  #2, CPUs:   #20 #21 #22
[    8.336277] .... node  #3, CPUs:   #23 #24
[    8.397063] .... node  #2, CPUs:   #25 #26
[    8.457873] .... node  #3, CPUs:   #27 #28 #29
[    8.528732] .... node  #2, CPUs:   #30 #31 #32
[    8.599658] .... node  #3, CPUs:   #33 #34
[    8.660424] .... node  #2, CPUs:   #35 #36
[    8.721095] .... node  #3, CPUs:   #37 #38 #39
[    8.789438] x86: Booted up 4 nodes, 40 CPUs
[    8.841666] smpboot: Total of 40 processors activated (192033.32 BogoMIPS)
[    9.102662] devtmpfs: initialized
[    9.142336] Using 2GB memory block size for large-memory system
[    9.217984] evm: security.selinux
[    9.257571] evm: security.SMACK64
[    9.297171] evm: security.SMACK64EXEC
[    9.340909] evm: security.SMACK64TRANSMUTE
[    9.389829] evm: security.SMACK64MMAP
[    9.433569] evm: security.ima
[    9.469022] evm: security.capability
[    9.511841] PM: Registering ACPI NVS region [mem 0x724ff000-0x754fefff] (50331648 bytes)
[    9.609235] clocksource: jiffies: mask: 0xffffffff max_cycles: 0xffffffff, max_idle_ns: 7645041785100000 ns
[    9.725650] futex hash table entries: 16384 (order: 8, 1048576 bytes)
[    9.803042] pinctrl core: initialized pinctrl subsystem
[    9.865593] RTC time: 14:06:52, date: 09/09/20
[    9.921408] NET: Registered protocol family 16
[    9.986513] cpuidle: using governor ladder
[   10.047468] cpuidle: using governor menu
[   10.094334] PCCT header not found.
[   10.135106] Simple Boot Flag at 0x44 set to 0x1
[   10.189271] ACPI FADT declares the system doesn't support PCIe ASPM, so disable it
[   10.279704] ACPI: bus type PCI registered
[   10.327587] acpiphp: ACPI Hot Plug PCI Controller Driver version: 0.5
[   10.404624] PCI: MMCONFIG for domain 0000 [bus 00-ff] at [mem 0x80000000-0x8fffffff] (base 0x80000000)
[   10.515772] PCI: MMCONFIG at [mem 0x80000000-0x8fffffff] reserved in E820
[   10.596846] pmd_set_huge: Cannot satisfy [mem 0x80000000-0x80200000] with a huge-page mapping due to MTRR override.
[   10.721889] PCI: Using configuration type 1 for base access
[   10.809531] ACPI: Added _OSI(Module Device)
[   10.859493] ACPI: Added _OSI(Processor Device)
[   10.912559] ACPI: Added _OSI(3.0 _SCP Extensions)
[   10.968746] ACPI: Added _OSI(Processor Aggregator Device)
[   11.088704] ACPI: Executed 1 blocks of module-level executable AML code
[   11.221432] ACPI: Dynamic OEM Table Load:
[   11.269661] ACPI: PRAD 0x0000000000000000 0000D4 (v02 INSYDE PRLY-RF  00000002 ACPI 00040000)
[   11.408122] ACPI: Dynamic OEM Table Load:
[   11.460116] ACPI: OEM1 0x0000000000000000 054564 (v02 INTEL  CPU EIST 00003000 INTL 20140828)
[   11.618667] ACPI: Dynamic OEM Table Load:
[   11.666894] ACPI: OEM3 0x0000000000000000 04CCA4 (v02 INTEL  CPU  TST 00003000 INTL 20140828)
[   11.877790] ACPI: Dynamic OEM Table Load:
[   11.926021] ACPI: OEM4 0x0000000000000000 144F64 (v02 INTEL  CPU  CST 00003000 INTL 20140828)
[   12.078653] ACPI: Interpreter enabled
[   12.122431] ACPI: (supports S0 S5)
[   12.163066] ACPI: Using IOAPIC for interrupt routing
[   12.222413] HEST: Table parsing has been initialized.
[   12.282748] PCI: Using host bridge windows from ACPI; if necessary, use "pci=nocrs" and report a bug
[   12.512864] ACPI: PCI Root Bridge [PCI0] (domain 0000 [bus 00-16])
[   12.586684] acpi PNP0A08:00: _OSC: OS supports [ExtendedConfig ASPM ClockPM Segments MSI]
[   12.684470] acpi PNP0A08:00: _OSC: platform does not support [AER]
[   12.758379] acpi PNP0A08:00: _OSC: OS now controls [PCIeHotplug PME PCIeCapability]
[   12.849841] acpi PNP0A08:00: FADT indicates ASPM is unsupported, using BIOS configuration
[   12.949163] PCI host bridge to bus 0000:00
[   12.998090] pci_bus 0000:00: root bus resource [io  0x0000-0x0cf7 window]
[   13.079169] pci_bus 0000:00: root bus resource [io  0x1000-0x3fff window]
[   13.160246] pci_bus 0000:00: root bus resource [mem 0x000a0000-0x000bffff window]
[   13.249632] pci_bus 0000:00: root bus resource [mem 0x000c4000-0x000c7fff window]
[   13.339024] pci_bus 0000:00: root bus resource [mem 0xfe010000-0xfe010fff window]
[   13.428417] pci_bus 0000:00: root bus resource [mem 0x90000000-0x9d7fffff window]
[   13.517790] pci_bus 0000:00: root bus resource [mem 0x380000000000-0x380fffffffff window]
[   13.615476] pci_bus 0000:00: root bus resource [bus 00-16]
[   13.694728] pci 0000:00:14.0: System wakeup disabled by ACPI
[   13.767046] pci 0000:00:1c.0: System wakeup disabled by ACPI
[   13.835426] pci 0000:00:1c.4: System wakeup disabled by ACPI
[   13.903806] pci 0000:00:1c.5: System wakeup disabled by ACPI
[   13.974505] pci 0000:00:1c.0: PCI bridge to [bus 01]
[   14.034036] pci 0000:02:00.0: System wakeup disabled by ACPI
[   14.109669] pci 0000:00:1c.4: PCI bridge to [bus 02]
[   14.169216] pci 0000:03:00.0: System wakeup disabled by ACPI
[   14.244822] pci 0000:00:1c.5: PCI bridge to [bus 03]
[   14.304407] ACPI: PCI Interrupt Link [LNKA] (IRQs 1 3 4 5 6 10 *11 12 14 15)
[   14.390706] ACPI: PCI Interrupt Link [LNKB] (IRQs 1 3 4 5 6 *10 11 12 14 15)
[   14.476987] ACPI: PCI Interrupt Link [LNKC] (IRQs 1 3 4 5 6 10 *11 12 14 15)
[   14.563263] ACPI: PCI Interrupt Link [LNKD] (IRQs 1 3 4 5 6 10 *11 12 14 15)
[   14.649523] ACPI: PCI Interrupt Link [LNKE] (IRQs 1 3 4 5 6 10 *11 12 14 15)
[   14.735795] ACPI: PCI Interrupt Link [LNKF] (IRQs 1 3 4 5 6 10 *11 12 14 15)
[   14.822067] ACPI: PCI Interrupt Link [LNKG] (IRQs 1 3 4 5 6 10 *11 12 14 15)
[   14.908346] ACPI: PCI Interrupt Link [LNKH] (IRQs 1 3 4 5 6 10 *11 12 14 15)
[   14.994944] ACPI: PCI Root Bridge [PC01] (domain 0000 [bus 17-39])
[   15.068766] acpi PNP0A08:01: _OSC: OS supports [ExtendedConfig ASPM ClockPM Segments MSI]
[   15.166935] acpi PNP0A08:01: _OSC: platform does not support [AER]
[   15.241007] acpi PNP0A08:01: _OSC: OS now controls [PCIeHotplug PME PCIeCapability]
[   15.332474] acpi PNP0A08:01: FADT indicates ASPM is unsupported, using BIOS configuration
[   15.430300] PCI host bridge to bus 0000:17
[   15.479217] pci_bus 0000:17: root bus resource [io  0x4000-0x5fff window]
[   15.560293] pci_bus 0000:17: root bus resource [mem 0x9d800000-0xaaffffff window]
[   15.649672] pci_bus 0000:17: root bus resource [mem 0x381000000000-0x381fffffffff window]
[   15.747352] pci_bus 0000:17: root bus resource [bus 17-39]
[   15.812982] pci 0000:17:00.0: System wakeup disabled by ACPI
[   15.880706] pci 0000:17:02.0: System wakeup disabled by ACPI
[   15.960317] pci 0000:17:00.0: PCI bridge to [bus 18]
[   16.027637] pci 0000:17:02.0: PCI bridge to [bus 19-1c]
[   16.090238] pci 0000:19:00.0: PCI bridge to [bus 1a-1c]
[   16.152861] pci 0000:1b:00.0: VF(n) BAR0 space: [mem 0xa0800000-0xa0ffffff 64bit pref] (contains BAR0 for 64 VFs)
[   16.275461] pci 0000:1b:00.0: VF(n) BAR3 space: [mem 0xa1110000-0xa120ffff 64bit pref] (contains BAR3 for 64 VFs)
[   16.398419] pci 0000:1b:00.1: VF(n) BAR0 space: [mem 0xa0000000-0xa07fffff 64bit pref] (contains BAR0 for 64 VFs)
[   16.521001] pci 0000:1b:00.1: VF(n) BAR3 space: [mem 0xa1010000-0xa110ffff 64bit pref] (contains BAR3 for 64 VFs)
[   16.643820] pci 0000:1a:03.0: PCI bridge to [bus 1b-1c]
[   16.706393] ACPI: PCI Root Bridge [PC02] (domain 0000 [bus 3a-5c])
[   16.780208] acpi PNP0A08:02: _OSC: OS supports [ExtendedConfig ASPM ClockPM Segments MSI]
[   16.878397] acpi PNP0A08:02: _OSC: platform does not support [AER]
[   16.952444] acpi PNP0A08:02: _OSC: OS now controls [PCIeHotplug PME PCIeCapability]
[   17.043906] acpi PNP0A08:02: FADT indicates ASPM is unsupported, using BIOS configuration
[   17.141686] PCI host bridge to bus 0000:3a
[   17.190621] pci_bus 0000:3a: root bus resource [io  0x6000-0x7fff window]
[   17.271701] pci_bus 0000:3a: root bus resource [mem 0xab000000-0xb87fffff window]
