-- Logs begin at Mon 2020-09-14 14:54:25 UTC, end at Mon 2020-09-14 14:56:20 UTC. --
Sep 14 14:54:25 localhost kernel: Linux version 4.18.0-193.14.2.el8_2.x86_64 (mockbuild@kbuilder.bsys.centos.org) (gcc version 8.3.1 20191121 (Red Hat 8.3.1-5) (GCC)) #1 SMP Sun Jul 26 03:54:29 UTC 2020
Sep 14 14:54:25 localhost kernel: Command line: BOOTIF=28:a6:db:a9:92:27 ipa-inspection-callback-url=http://172.24.42.254:5050/v1/continue ipa-api-url=http://192.168.43.144/baremetal ipa-insecure=1 systemd.journald.forward_to_console=yes vga=normal console=tty0 console=ttyS0 ipa-inspection-collectors=default,logs ipa-debug=1
Sep 14 14:54:25 localhost kernel: x86/fpu: Supporting XSAVE feature 0x001: 'x87 floating point registers'
Sep 14 14:54:25 localhost kernel: x86/fpu: Supporting XSAVE feature 0x002: 'SSE registers'
Sep 14 14:54:25 localhost kernel: x86/fpu: Supporting XSAVE feature 0x004: 'AVX registers'
Sep 14 14:54:25 localhost kernel: x86/fpu: Supporting XSAVE feature 0x008: 'MPX bounds registers'
Sep 14 14:54:25 localhost kernel: x86/fpu: Supporting XSAVE feature 0x010: 'MPX CSR'
Sep 14 14:54:25 localhost kernel: x86/fpu: Supporting XSAVE feature 0x020: 'AVX-512 opmask'
Sep 14 14:54:25 localhost kernel: x86/fpu: Supporting XSAVE feature 0x040: 'AVX-512 Hi256'
Sep 14 14:54:25 localhost kernel: x86/fpu: Supporting XSAVE feature 0x080: 'AVX-512 ZMM_Hi256'
Sep 14 14:54:25 localhost kernel: x86/fpu: Supporting XSAVE feature 0x200: 'Protection Keys User registers'
Sep 14 14:54:25 localhost kernel: x86/fpu: xstate_offset[2]:  576, xstate_sizes[2]:  256
Sep 14 14:54:25 localhost kernel: x86/fpu: xstate_offset[3]:  832, xstate_sizes[3]:   64
Sep 14 14:54:25 localhost kernel: x86/fpu: xstate_offset[4]:  896, xstate_sizes[4]:   64
Sep 14 14:54:25 localhost kernel: x86/fpu: xstate_offset[5]:  960, xstate_sizes[5]:   64
Sep 14 14:54:25 localhost kernel: x86/fpu: xstate_offset[6]: 1024, xstate_sizes[6]:  512
Sep 14 14:54:25 localhost kernel: x86/fpu: xstate_offset[7]: 1536, xstate_sizes[7]: 1024
Sep 14 14:54:25 localhost kernel: x86/fpu: xstate_offset[9]: 2560, xstate_sizes[9]:    8
Sep 14 14:54:25 localhost kernel: x86/fpu: Enabled xstate features 0x2ff, context size is 2568 bytes, using 'compacted' format.
Sep 14 14:54:25 localhost kernel: BIOS-provided physical RAM map:
Sep 14 14:54:25 localhost kernel: BIOS-e820: [mem 0x0000000000000000-0x000000000009d3ff] usable
Sep 14 14:54:25 localhost kernel: BIOS-e820: [mem 0x000000000009d400-0x000000000009ffff] reserved
Sep 14 14:54:25 localhost kernel: BIOS-e820: [mem 0x00000000000e0000-0x00000000000fffff] reserved
Sep 14 14:54:25 localhost kernel: BIOS-e820: [mem 0x0000000000100000-0x000000005e8befff] usable
Sep 14 14:54:25 localhost kernel: BIOS-e820: [mem 0x000000005e8bf000-0x00000000724fefff] reserved
Sep 14 14:54:25 localhost kernel: BIOS-e820: [mem 0x00000000724ff000-0x00000000754fefff] ACPI NVS
Sep 14 14:54:25 localhost kernel: BIOS-e820: [mem 0x00000000754ff000-0x0000000075ffefff] ACPI data
Sep 14 14:54:25 localhost kernel: BIOS-e820: [mem 0x0000000075fff000-0x0000000075ffffff] usable
Sep 14 14:54:25 localhost kernel: BIOS-e820: [mem 0x0000000076000000-0x000000008fffffff] reserved
Sep 14 14:54:25 localhost kernel: BIOS-e820: [mem 0x00000000fd000000-0x00000000fe7fffff] reserved
Sep 14 14:54:25 localhost kernel: BIOS-e820: [mem 0x00000000feb00000-0x00000000feb03fff] reserved
Sep 14 14:54:25 localhost kernel: BIOS-e820: [mem 0x00000000fec00000-0x00000000fec00fff] reserved
Sep 14 14:54:25 localhost kernel: BIOS-e820: [mem 0x00000000fec80000-0x00000000fed00fff] reserved
Sep 14 14:54:25 localhost kernel: BIOS-e820: [mem 0x00000000ff000000-0x00000000ffffffff] reserved
Sep 14 14:54:25 localhost kernel: BIOS-e820: [mem 0x0000000100000000-0x000000603fffffff] usable
Sep 14 14:54:25 localhost kernel: NX (Execute Disable) protection: active
Sep 14 14:54:25 localhost kernel: SMBIOS 3.0 present.
Sep 14 14:54:25 localhost kernel: DMI: Huawei 2288H V5/BC11SPSCB0, BIOS 6.86 08/31/2019
Sep 14 14:54:25 localhost kernel: tsc: Detected 2100.000 MHz processor
Sep 14 14:54:25 localhost kernel: e820: update [mem 0x00000000-0x00000fff] usable ==> reserved
Sep 14 14:54:25 localhost kernel: e820: remove [mem 0x000a0000-0x000fffff] usable
Sep 14 14:54:25 localhost kernel: last_pfn = 0x6040000 max_arch_pfn = 0x400000000
Sep 14 14:54:25 localhost kernel: MTRR default type: uncachable
Sep 14 14:54:25 localhost kernel: MTRR fixed ranges enabled:
Sep 14 14:54:25 localhost kernel:   00000-9FFFF write-back
Sep 14 14:54:25 localhost kernel:   A0000-BFFFF uncachable
Sep 14 14:54:25 localhost kernel:   C0000-E7FFF write-protect
Sep 14 14:54:25 localhost kernel:   E8000-EFFFF write-combining
Sep 14 14:54:25 localhost kernel:   F0000-FFFFF write-protect
Sep 14 14:54:25 localhost kernel: MTRR variable ranges enabled:
Sep 14 14:54:25 localhost kernel:   0 base 000000000000 mask 3FC000000000 write-back
Sep 14 14:54:25 localhost kernel:   1 base 004000000000 mask 3FE000000000 write-back
Sep 14 14:54:25 localhost kernel:   2 base 006000000000 mask 3FFFC0000000 write-back
Sep 14 14:54:25 localhost kernel:   3 base 000076000000 mask 3FFFFE000000 uncachable
Sep 14 14:54:25 localhost kernel:   4 base 000078000000 mask 3FFFF8000000 uncachable
Sep 14 14:54:25 localhost kernel:   5 base 000080000000 mask 3FFF80000000 uncachable
Sep 14 14:54:25 localhost kernel:   6 disabled
Sep 14 14:54:25 localhost kernel:   7 disabled
Sep 14 14:54:25 localhost kernel:   8 disabled
Sep 14 14:54:25 localhost kernel:   9 disabled
Sep 14 14:54:25 localhost kernel: x86/PAT: Configuration [0-7]: WB  WC  UC- UC  WB  WP  UC- WT  
Sep 14 14:54:25 localhost kernel: total RAM covered: 392032M
Sep 14 14:54:25 localhost kernel:  gran_size: 64K         chunk_size: 64K         num_reg: 10          lose cover RAM: 257G
Sep 14 14:54:25 localhost kernel:  gran_size: 64K         chunk_size: 128K         num_reg: 10          lose cover RAM: 257G
Sep 14 14:54:25 localhost kernel:  gran_size: 64K         chunk_size: 256K         num_reg: 10          lose cover RAM: 257G
Sep 14 14:54:25 localhost kernel:  gran_size: 64K         chunk_size: 512K         num_reg: 10          lose cover RAM: 257G
Sep 14 14:54:25 localhost kernel:  gran_size: 64K         chunk_size: 1M         num_reg: 10          lose cover RAM: 257G
Sep 14 14:54:25 localhost kernel:  gran_size: 64K         chunk_size: 2M         num_reg: 10          lose cover RAM: 257G
Sep 14 14:54:25 localhost kernel:  gran_size: 64K         chunk_size: 4M         num_reg: 10          lose cover RAM: 257G
Sep 14 14:54:25 localhost kernel:  gran_size: 64K         chunk_size: 8M         num_reg: 10          lose cover RAM: 257G
Sep 14 14:54:25 localhost kernel:  gran_size: 64K         chunk_size: 16M         num_reg: 10          lose cover RAM: 257G
Sep 14 14:54:25 localhost kernel:  gran_size: 64K         chunk_size: 32M         num_reg: 10          lose cover RAM: 257G
Sep 14 14:54:25 localhost kernel:  gran_size: 64K         chunk_size: 64M         num_reg: 10          lose cover RAM: 257G
Sep 14 14:54:25 localhost kernel:  gran_size: 64K         chunk_size: 128M         num_reg: 10          lose cover RAM: 257G
Sep 14 14:54:25 localhost kernel:  gran_size: 64K         chunk_size: 256M         num_reg: 10          lose cover RAM: 1G
Sep 14 14:54:25 localhost kernel:  gran_size: 64K         chunk_size: 512M         num_reg: 10          lose cover RAM: 1G
Sep 14 14:54:25 localhost kernel:  gran_size: 64K         chunk_size: 1G         num_reg: 10          lose cover RAM: 1G
Sep 14 14:54:25 localhost kernel:  gran_size: 64K         chunk_size: 2G         num_reg: 10          lose cover RAM: 1G
Sep 14 14:54:25 localhost kernel:  gran_size: 128K         chunk_size: 128K         num_reg: 10          lose cover RAM: 257G
Sep 14 14:54:25 localhost kernel:  gran_size: 128K         chunk_size: 256K         num_reg: 10          lose cover RAM: 257G
Sep 14 14:54:25 localhost kernel:  gran_size: 128K         chunk_size: 512K         num_reg: 10          lose cover RAM: 257G
Sep 14 14:54:25 localhost kernel:  gran_size: 128K         chunk_size: 1M         num_reg: 10          lose cover RAM: 257G
Sep 14 14:54:25 localhost kernel:  gran_size: 128K         chunk_size: 2M         num_reg: 10          lose cover RAM: 257G
Sep 14 14:54:25 localhost kernel:  gran_size: 128K         chunk_size: 4M         num_reg: 10          lose cover RAM: 257G
Sep 14 14:54:25 localhost kernel:  gran_size: 128K         chunk_size: 8M         num_reg: 10          lose cover RAM: 257G
Sep 14 14:54:25 localhost kernel:  gran_size: 128K         chunk_size: 16M         num_reg: 10          lose cover RAM: 257G
Sep 14 14:54:25 localhost kernel:  gran_size: 128K         chunk_size: 32M         num_reg: 10          lose cover RAM: 257G
Sep 14 14:54:25 localhost kernel:  gran_size: 128K         chunk_size: 64M         num_reg: 10          lose cover RAM: 257G
Sep 14 14:54:25 localhost kernel:  gran_size: 128K         chunk_size: 128M         num_reg: 10          lose cover RAM: 257G
Sep 14 14:54:25 localhost kernel:  gran_size: 128K         chunk_size: 256M         num_reg: 10          lose cover RAM: 1G
Sep 14 14:54:25 localhost kernel:  gran_size: 128K         chunk_size: 512M         num_reg: 10          lose cover RAM: 1G
Sep 14 14:54:25 localhost kernel:  gran_size: 128K         chunk_size: 1G         num_reg: 10          lose cover RAM: 1G
Sep 14 14:54:25 localhost kernel:  gran_size: 128K         chunk_size: 2G         num_reg: 10          lose cover RAM: 1G
Sep 14 14:54:25 localhost kernel:  gran_size: 256K         chunk_size: 256K         num_reg: 10          lose cover RAM: 257G
Sep 14 14:54:25 localhost kernel:  gran_size: 256K         chunk_size: 512K         num_reg: 10          lose cover RAM: 257G
Sep 14 14:54:25 localhost kernel:  gran_size: 256K         chunk_size: 1M         num_reg: 10          lose cover RAM: 257G
Sep 14 14:54:25 localhost kernel:  gran_size: 256K         chunk_size: 2M         num_reg: 10          lose cover RAM: 257G
Sep 14 14:54:25 localhost kernel:  gran_size: 256K         chunk_size: 4M         num_reg: 10          lose cover RAM: 257G
Sep 14 14:54:25 localhost kernel:  gran_size: 256K         chunk_size: 8M         num_reg: 10          lose cover RAM: 257G
Sep 14 14:54:25 localhost kernel:  gran_size: 256K         chunk_size: 16M         num_reg: 10          lose cover RAM: 257G
Sep 14 14:54:25 localhost kernel:  gran_size: 256K         chunk_size: 32M         num_reg: 10          lose cover RAM: 257G
Sep 14 14:54:25 localhost kernel:  gran_size: 256K         chunk_size: 64M         num_reg: 10          lose cover RAM: 257G
Sep 14 14:54:25 localhost kernel:  gran_size: 256K         chunk_size: 128M         num_reg: 10          lose cover RAM: 257G
Sep 14 14:54:25 localhost kernel:  gran_size: 256K         chunk_size: 256M         num_reg: 10          lose cover RAM: 1G
Sep 14 14:54:25 localhost kernel:  gran_size: 256K         chunk_size: 512M         num_reg: 10          lose cover RAM: 1G
Sep 14 14:54:25 localhost kernel:  gran_size: 256K         chunk_size: 1G         num_reg: 10          lose cover RAM: 1G
Sep 14 14:54:25 localhost kernel:  gran_size: 256K         chunk_size: 2G         num_reg: 10          lose cover RAM: 1G
Sep 14 14:54:25 localhost kernel:  gran_size: 512K         chunk_size: 512K         num_reg: 10          lose cover RAM: 257G
Sep 14 14:54:25 localhost kernel:  gran_size: 512K         chunk_size: 1M         num_reg: 10          lose cover RAM: 257G
Sep 14 14:54:25 localhost kernel:  gran_size: 512K         chunk_size: 2M         num_reg: 10          lose cover RAM: 257G
Sep 14 14:54:25 localhost kernel:  gran_size: 512K         chunk_size: 4M         num_reg: 10          lose cover RAM: 257G
Sep 14 14:54:25 localhost kernel:  gran_size: 512K         chunk_size: 8M         num_reg: 10          lose cover RAM: 257G
Sep 14 14:54:25 localhost kernel:  gran_size: 512K         chunk_size: 16M         num_reg: 10          lose cover RAM: 257G
Sep 14 14:54:25 localhost kernel:  gran_size: 512K         chunk_size: 32M         num_reg: 10          lose cover RAM: 257G
Sep 14 14:54:25 localhost kernel:  gran_size: 512K         chunk_size: 64M         num_reg: 10          lose cover RAM: 257G
Sep 14 14:54:25 localhost kernel:  gran_size: 512K         chunk_size: 128M         num_reg: 10          lose cover RAM: 257G
Sep 14 14:54:25 localhost kernel:  gran_size: 512K         chunk_size: 256M         num_reg: 10          lose cover RAM: 1G
Sep 14 14:54:25 localhost kernel:  gran_size: 512K         chunk_size: 512M         num_reg: 10          lose cover RAM: 1G
Sep 14 14:54:25 localhost kernel:  gran_size: 512K         chunk_size: 1G         num_reg: 10          lose cover RAM: 1G
Sep 14 14:54:25 localhost kernel:  gran_size: 512K         chunk_size: 2G         num_reg: 10          lose cover RAM: 1G
Sep 14 14:54:25 localhost kernel:  gran_size: 1M         chunk_size: 1M         num_reg: 10          lose cover RAM: 257G
Sep 14 14:54:25 localhost kernel:  gran_size: 1M         chunk_size: 2M         num_reg: 10          lose cover RAM: 257G
Sep 14 14:54:25 localhost kernel:  gran_size: 1M         chunk_size: 4M         num_reg: 10          lose cover RAM: 257G
Sep 14 14:54:25 localhost kernel:  gran_size: 1M         chunk_size: 8M         num_reg: 10          lose cover RAM: 257G
Sep 14 14:54:25 localhost kernel:  gran_size: 1M         chunk_size: 16M         num_reg: 10          lose cover RAM: 257G
Sep 14 14:54:25 localhost kernel:  gran_size: 1M         chunk_size: 32M         num_reg: 10          lose cover RAM: 257G
Sep 14 14:54:25 localhost kernel:  gran_size: 1M         chunk_size: 64M         num_reg: 10          lose cover RAM: 257G
Sep 14 14:54:25 localhost kernel:  gran_size: 1M         chunk_size: 128M         num_reg: 10          lose cover RAM: 257G
Sep 14 14:54:25 localhost kernel:  gran_size: 1M         chunk_size: 256M         num_reg: 10          lose cover RAM: 1G
Sep 14 14:54:25 localhost kernel:  gran_size: 1M         chunk_size: 512M         num_reg: 10          lose cover RAM: 1G
Sep 14 14:54:25 localhost kernel:  gran_size: 1M         chunk_size: 1G         num_reg: 10          lose cover RAM: 1G
Sep 14 14:54:25 localhost kernel:  gran_size: 1M         chunk_size: 2G         num_reg: 10          lose cover RAM: 1G
Sep 14 14:54:25 localhost kernel:  gran_size: 2M         chunk_size: 2M         num_reg: 10          lose cover RAM: 257G
Sep 14 14:54:25 localhost kernel:  gran_size: 2M         chunk_size: 4M         num_reg: 10          lose cover RAM: 257G
Sep 14 14:54:25 localhost kernel:  gran_size: 2M         chunk_size: 8M         num_reg: 10          lose cover RAM: 257G
Sep 14 14:54:25 localhost kernel:  gran_size: 2M         chunk_size: 16M         num_reg: 10          lose cover RAM: 257G
Sep 14 14:54:25 localhost kernel:  gran_size: 2M         chunk_size: 32M         num_reg: 10          lose cover RAM: 257G
Sep 14 14:54:25 localhost kernel:  gran_size: 2M         chunk_size: 64M         num_reg: 10          lose cover RAM: 257G
Sep 14 14:54:25 localhost kernel:  gran_size: 2M         chunk_size: 128M         num_reg: 10          lose cover RAM: 257G
Sep 14 14:54:25 localhost kernel:  gran_size: 2M         chunk_size: 256M         num_reg: 10          lose cover RAM: 1G
Sep 14 14:54:25 localhost kernel:  gran_size: 2M         chunk_size: 512M         num_reg: 10          lose cover RAM: 1G
Sep 14 14:54:25 localhost kernel:  gran_size: 2M         chunk_size: 1G         num_reg: 10          lose cover RAM: 1G
Sep 14 14:54:25 localhost kernel:  gran_size: 2M         chunk_size: 2G         num_reg: 10          lose cover RAM: 1G
Sep 14 14:54:25 localhost kernel:  gran_size: 4M         chunk_size: 4M         num_reg: 10          lose cover RAM: 257G
Sep 14 14:54:25 localhost kernel:  gran_size: 4M         chunk_size: 8M         num_reg: 10          lose cover RAM: 257G
Sep 14 14:54:25 localhost kernel:  gran_size: 4M         chunk_size: 16M         num_reg: 10          lose cover RAM: 257G
Sep 14 14:54:25 localhost kernel:  gran_size: 4M         chunk_size: 32M         num_reg: 10          lose cover RAM: 257G
Sep 14 14:54:25 localhost kernel:  gran_size: 4M         chunk_size: 64M         num_reg: 10          lose cover RAM: 257G
Sep 14 14:54:25 localhost kernel:  gran_size: 4M         chunk_size: 128M         num_reg: 10          lose cover RAM: 257G
Sep 14 14:54:25 localhost kernel:  gran_size: 4M         chunk_size: 256M         num_reg: 10          lose cover RAM: 1G
Sep 14 14:54:25 localhost kernel:  gran_size: 4M         chunk_size: 512M         num_reg: 10          lose cover RAM: 1G
Sep 14 14:54:25 localhost kernel:  gran_size: 4M         chunk_size: 1G         num_reg: 10          lose cover RAM: 1G
Sep 14 14:54:25 localhost kernel:  gran_size: 4M         chunk_size: 2G         num_reg: 10          lose cover RAM: 1G
Sep 14 14:54:25 localhost kernel:  gran_size: 8M         chunk_size: 8M         num_reg: 10          lose cover RAM: 257G
Sep 14 14:54:25 localhost kernel:  gran_size: 8M         chunk_size: 16M         num_reg: 10          lose cover RAM: 257G
Sep 14 14:54:25 localhost kernel:  gran_size: 8M         chunk_size: 32M         num_reg: 10          lose cover RAM: 257G
Sep 14 14:54:25 localhost kernel:  gran_size: 8M         chunk_size: 64M         num_reg: 10          lose cover RAM: 257G
Sep 14 14:54:25 localhost kernel:  gran_size: 8M         chunk_size: 128M         num_reg: 10          lose cover RAM: 257G
Sep 14 14:54:25 localhost kernel:  gran_size: 8M         chunk_size: 256M         num_reg: 10          lose cover RAM: 1G
Sep 14 14:54:25 localhost kernel:  gran_size: 8M         chunk_size: 512M         num_reg: 10          lose cover RAM: 1G
Sep 14 14:54:25 localhost kernel:  gran_size: 8M         chunk_size: 1G         num_reg: 10          lose cover RAM: 1G
Sep 14 14:54:25 localhost kernel:  gran_size: 8M         chunk_size: 2G         num_reg: 10          lose cover RAM: 1G
Sep 14 14:54:25 localhost kernel:  gran_size: 16M         chunk_size: 16M         num_reg: 10          lose cover RAM: 257G
Sep 14 14:54:25 localhost kernel:  gran_size: 16M         chunk_size: 32M         num_reg: 10          lose cover RAM: 257G
Sep 14 14:54:25 localhost kernel:  gran_size: 16M         chunk_size: 64M         num_reg: 10          lose cover RAM: 257G
Sep 14 14:54:25 localhost kernel:  gran_size: 16M         chunk_size: 128M         num_reg: 10          lose cover RAM: 257G
Sep 14 14:54:25 localhost kernel:  gran_size: 16M         chunk_size: 256M         num_reg: 10          lose cover RAM: 1G
Sep 14 14:54:25 localhost kernel:  gran_size: 16M         chunk_size: 512M         num_reg: 10          lose cover RAM: 1G
Sep 14 14:54:25 localhost kernel:  gran_size: 16M         chunk_size: 1G         num_reg: 10          lose cover RAM: 1G
Sep 14 14:54:25 localhost kernel:  gran_size: 16M         chunk_size: 2G         num_reg: 10          lose cover RAM: 1G
Sep 14 14:54:25 localhost kernel:  gran_size: 32M         chunk_size: 32M         num_reg: 10          lose cover RAM: 257G
Sep 14 14:54:25 localhost kernel:  gran_size: 32M         chunk_size: 64M         num_reg: 10          lose cover RAM: 257G
Sep 14 14:54:25 localhost kernel:  gran_size: 32M         chunk_size: 128M         num_reg: 10          lose cover RAM: 257G
Sep 14 14:54:25 localhost kernel:  gran_size: 32M         chunk_size: 256M         num_reg: 10          lose cover RAM: 1G
Sep 14 14:54:25 localhost kernel:  gran_size: 32M         chunk_size: 512M         num_reg: 10          lose cover RAM: 1G
Sep 14 14:54:25 localhost kernel:  gran_size: 32M         chunk_size: 1G         num_reg: 10          lose cover RAM: 1G
Sep 14 14:54:25 localhost kernel:  gran_size: 32M         chunk_size: 2G         num_reg: 10          lose cover RAM: 1G
Sep 14 14:54:25 localhost kernel:  gran_size: 64M         chunk_size: 64M         num_reg: 10          lose cover RAM: 132128M
Sep 14 14:54:25 localhost kernel:  gran_size: 64M         chunk_size: 128M         num_reg: 10          lose cover RAM: 263200M
Sep 14 14:54:25 localhost kernel:  gran_size: 64M         chunk_size: 256M         num_reg: 10          lose cover RAM: 1056M
Sep 14 14:54:25 localhost kernel:  gran_size: 64M         chunk_size: 512M         num_reg: 10          lose cover RAM: 1056M
Sep 14 14:54:25 localhost kernel:  gran_size: 64M         chunk_size: 1G         num_reg: 10          lose cover RAM: 1056M
Sep 14 14:54:25 localhost kernel:  gran_size: 64M         chunk_size: 2G         num_reg: 10          lose cover RAM: 1056M
Sep 14 14:54:25 localhost kernel:  gran_size: 128M         chunk_size: 128M         num_reg: 10          lose cover RAM: 1120M
Sep 14 14:54:25 localhost kernel:  gran_size: 128M         chunk_size: 256M         num_reg: 10          lose cover RAM: 1120M
Sep 14 14:54:25 localhost kernel:  gran_size: 128M         chunk_size: 512M         num_reg: 10          lose cover RAM: 96M
Sep 14 14:54:25 localhost kernel:  gran_size: 128M         chunk_size: 1G         num_reg: 10          lose cover RAM: 96M
Sep 14 14:54:25 localhost kernel: *BAD*gran_size: 128M         chunk_size: 2G         num_reg: 10          lose cover RAM: -928M
Sep 14 14:54:25 localhost kernel:  gran_size: 256M         chunk_size: 256M         num_reg: 10          lose cover RAM: 1120M
Sep 14 14:54:25 localhost kernel:  gran_size: 256M         chunk_size: 512M         num_reg: 10          lose cover RAM: 96M
Sep 14 14:54:25 localhost kernel:  gran_size: 256M         chunk_size: 1G         num_reg: 10          lose cover RAM: 96M
Sep 14 14:54:25 localhost kernel: *BAD*gran_size: 256M         chunk_size: 2G         num_reg: 10          lose cover RAM: -928M
Sep 14 14:54:25 localhost kernel:  gran_size: 512M         chunk_size: 512M         num_reg: 10          lose cover RAM: 352M
Sep 14 14:54:25 localhost kernel:  gran_size: 512M         chunk_size: 1G         num_reg: 10          lose cover RAM: 352M
Sep 14 14:54:25 localhost kernel: *BAD*gran_size: 512M         chunk_size: 2G         num_reg: 10          lose cover RAM: -672M
Sep 14 14:54:25 localhost kernel:  gran_size: 1G         chunk_size: 1G         num_reg: 9          lose cover RAM: 864M
Sep 14 14:54:25 localhost kernel:  gran_size: 1G         chunk_size: 2G         num_reg: 10          lose cover RAM: 864M
Sep 14 14:54:25 localhost kernel:  gran_size: 2G         chunk_size: 2G         num_reg: 7          lose cover RAM: 2912M
Sep 14 14:54:25 localhost kernel: mtrr_cleanup: can not find optimal value
Sep 14 14:54:25 localhost kernel: please specify mtrr_gran_size/mtrr_chunk_size
Sep 14 14:54:25 localhost kernel: e820: update [mem 0x76000000-0xffffffff] usable ==> reserved
Sep 14 14:54:25 localhost kernel: last_pfn = 0x76000 max_arch_pfn = 0x400000000
Sep 14 14:54:25 localhost kernel: Using GB pages for direct mapping
Sep 14 14:54:25 localhost kernel: BRK [0x410ba01000, 0x410ba01fff] PGTABLE
Sep 14 14:54:25 localhost kernel: BRK [0x410ba02000, 0x410ba02fff] PGTABLE
Sep 14 14:54:25 localhost kernel: BRK [0x410ba03000, 0x410ba03fff] PGTABLE
Sep 14 14:54:25 localhost kernel: BRK [0x410ba04000, 0x410ba04fff] PGTABLE
Sep 14 14:54:25 localhost kernel: BRK [0x410ba05000, 0x410ba05fff] PGTABLE
Sep 14 14:54:25 localhost kernel: BRK [0x410ba06000, 0x410ba06fff] PGTABLE
Sep 14 14:54:25 localhost kernel: BRK [0x410ba07000, 0x410ba07fff] PGTABLE
Sep 14 14:54:25 localhost kernel: RAMDISK: [mem 0x479ed000-0x5e815fff]
Sep 14 14:54:25 localhost kernel: ACPI: Early table checksum verification disabled
Sep 14 14:54:25 localhost kernel: ACPI: RSDP 0x00000000000FE020 000024 (v02 INSYDE)
Sep 14 14:54:25 localhost kernel: ACPI: XSDT 0x0000000075FE3188 000124 (v01 INSYDE PRLY-RF  00000001      01000013)
Sep 14 14:54:25 localhost kernel: ACPI: FACP 0x0000000075FF1000 000114 (v06 INSYDE PRLY-RF  00000001 ACPI 00040000)
Sep 14 14:54:25 localhost kernel: ACPI: DSDT 0x00000000759EE000 5F4FFA (v02 INSYDE PRLY-RF  00000000 ACPI 00040000)
Sep 14 14:54:25 localhost kernel: ACPI: FACS 0x000000007543C000 000040
Sep 14 14:54:25 localhost kernel: ACPI: UEFI 0x0000000075FFD000 000236 (v01 INSYDE PRLY-RF  00000001 ACPI 00040000)
Sep 14 14:54:25 localhost kernel: ACPI: UEFI 0x0000000075FFB000 000042 (v01 INSYDE PRLY-RF  00000002 ACPI 00040000)
Sep 14 14:54:25 localhost kernel: ACPI: SSDT 0x0000000075FFA000 00046C (v02 INSYDE PRLY-RF  00000001 ACPI 00040000)
Sep 14 14:54:25 localhost kernel: ACPI: MCEJ 0x0000000075FF9000 000130 (v01 INSYDE PRLY-RF  00000001 ACPI 00040000)
Sep 14 14:54:25 localhost kernel: ACPI: SSDT 0x0000000075FF8000 0002D8 (v02 INSYDE PRLY-RF  00001000 ACPI 00040000)
Sep 14 14:54:25 localhost kernel: ACPI: SPMI 0x0000000075FF7000 000041 (v05 INSYDE PRLY-RF  00000001 ACPI 00040000)
Sep 14 14:54:25 localhost kernel: ACPI: SSDT 0x0000000075FF6000 000071 (v02 INSYDE PRLY-RF  00001000 ACPI 00040000)
Sep 14 14:54:25 localhost kernel: ACPI: ASF! 0x0000000075FF5000 0000A5 (v32 INSYDE PRLY-RF  00000001 ACPI 00040000)
Sep 14 14:54:25 localhost kernel: ACPI: ASPT 0x0000000075FF4000 000034 (v07 INSYDE PRLY-RF  00000001 ACPI 00040000)
Sep 14 14:54:25 localhost kernel: ACPI: BOOT 0x0000000075FF3000 000028 (v01 INSYDE PRLY-RF  00000001 ACPI 00040000)
Sep 14 14:54:25 localhost kernel: ACPI: DBGP 0x0000000075FF2000 000034 (v01 INSYDE PRLY-RF  00000001 ACPI 00040000)
Sep 14 14:54:25 localhost kernel: ACPI: HPET 0x0000000075FF0000 000038 (v01 INSYDE PRLY-RF  00000001 ACPI 00040000)
Sep 14 14:54:25 localhost kernel: ACPI: APIC 0x0000000075FEF000 00061E (v03 INSYDE PRLY-RF  00000000 ACPI 00040000)
Sep 14 14:54:25 localhost kernel: ACPI: MCFG 0x0000000075FEE000 00003C (v01 INSYDE PRLY-RF  00000001 ACPI 00040000)
Sep 14 14:54:25 localhost kernel: ACPI: PCAT 0x0000000075FED000 000088 (v02 INSYDE PRLY-RF  00000002 ACPI 00040000)
Sep 14 14:54:25 localhost kernel: ACPI: SRAT 0x0000000075FE8000 004E20 (v03 INSYDE PRLY-RF  00000002 ACPI 00040000)
Sep 14 14:54:25 localhost kernel: ACPI: SLIT 0x0000000075FE6000 00102C (v01 INSYDE PRLY-RF  00000001 ACPI 00040000)
Sep 14 14:54:25 localhost kernel: ACPI: WDAT 0x0000000075FE5000 000194 (v01 INSYDE PRLY-RF  00000001 ACPI 00040000)
Sep 14 14:54:25 localhost kernel: ACPI: WSMT 0x0000000075FE4000 000028 (v01 INSYDE PRLY-RF  00000000 ACPI 00040000)
Sep 14 14:54:25 localhost kernel: ACPI: PRAD 0x00000000759ED000 0000D4 (v02 INSYDE PRLY-RF  00000002 ACPI 00040000)
Sep 14 14:54:25 localhost kernel: ACPI: OEM4 0x00000000758A8000 144F64 (v02 INTEL  CPU  CST 00003000 INTL 20140828)
Sep 14 14:54:25 localhost kernel: ACPI: OEM1 0x0000000075853000 054564 (v02 INTEL  CPU EIST 00003000 INTL 20140828)
Sep 14 14:54:25 localhost kernel: ACPI: SSDT 0x00000000757E9000 069230 (v02 INSYDE PRLY-RF  00004000 ACPI 00040000)
Sep 14 14:54:25 localhost kernel: ACPI: OEM3 0x000000007579C000 04CCA4 (v02 INTEL  CPU  TST 00003000 INTL 20140828)
Sep 14 14:54:25 localhost kernel: ACPI: SSDT 0x000000007579B000 000506 (v01 INSYDE PRLY-RF  00001000 ACPI 00040000)
Sep 14 14:54:25 localhost kernel: ACPI: FPDT 0x000000007579A000 000044 (v01 INSYDE PRLY-RF  00000002 ACPI 00040000)
Sep 14 14:54:25 localhost kernel: ACPI: HEST 0x0000000075799000 0000A8 (v01 INSYDE PRLY-RF  00000001 ACPI 00040000)
Sep 14 14:54:25 localhost kernel: ACPI: ERST 0x0000000075798000 000230 (v01 INSYDE PRLY-RF  00000001 ACPI 00040000)
Sep 14 14:54:25 localhost kernel: ACPI: BERT 0x0000000075797000 000030 (v01 INSYDE PRLY-RF  00000001 ACPI 00040000)
Sep 14 14:54:25 localhost kernel: ACPI: EINJ 0x0000000075796000 000150 (v01 INSYDE PRLY-RF  00000001 ACPI 00040000)
Sep 14 14:54:25 localhost kernel: ACPI: DMAR 0x0000000075794000 0002B2 (v01 INSYDE PRLY-RF  00000001 ACPI 00000001)
Sep 14 14:54:25 localhost kernel: ACPI: Local APIC address 0xfee00000
Sep 14 14:54:25 localhost kernel: SRAT: PXM 0 -> APIC 0x00 -> Node 0
Sep 14 14:54:25 localhost kernel: SRAT: PXM 0 -> APIC 0x02 -> Node 0
Sep 14 14:54:25 localhost kernel: SRAT: PXM 0 -> APIC 0x04 -> Node 0
Sep 14 14:54:25 localhost kernel: SRAT: PXM 0 -> APIC 0x06 -> Node 0
Sep 14 14:54:25 localhost kernel: SRAT: PXM 0 -> APIC 0x08 -> Node 0
Sep 14 14:54:25 localhost kernel: SRAT: PXM 0 -> APIC 0x0a -> Node 0
Sep 14 14:54:25 localhost kernel: SRAT: PXM 0 -> APIC 0x0c -> Node 0
Sep 14 14:54:25 localhost kernel: SRAT: PXM 0 -> APIC 0x10 -> Node 0
Sep 14 14:54:25 localhost kernel: SRAT: PXM 0 -> APIC 0x12 -> Node 0
Sep 14 14:54:25 localhost kernel: SRAT: PXM 0 -> APIC 0x14 -> Node 0
Sep 14 14:54:25 localhost kernel: SRAT: PXM 0 -> APIC 0x16 -> Node 0
Sep 14 14:54:25 localhost kernel: SRAT: PXM 0 -> APIC 0x18 -> Node 0
Sep 14 14:54:25 localhost kernel: SRAT: PXM 0 -> APIC 0x1a -> Node 0
Sep 14 14:54:25 localhost kernel: SRAT: PXM 0 -> APIC 0x1c -> Node 0
Sep 14 14:54:25 localhost kernel: SRAT: PXM 0 -> APIC 0x20 -> Node 0
Sep 14 14:54:25 localhost kernel: SRAT: PXM 0 -> APIC 0x22 -> Node 0
Sep 14 14:54:25 localhost kernel: SRAT: PXM 0 -> APIC 0x24 -> Node 0
Sep 14 14:54:25 localhost kernel: SRAT: PXM 0 -> APIC 0x26 -> Node 0
Sep 14 14:54:25 localhost kernel: SRAT: PXM 0 -> APIC 0x28 -> Node 0
Sep 14 14:54:25 localhost kernel: SRAT: PXM 0 -> APIC 0x2a -> Node 0
Sep 14 14:54:25 localhost kernel: SRAT: PXM 0 -> APIC 0x2c -> Node 0
Sep 14 14:54:25 localhost kernel: SRAT: PXM 0 -> APIC 0x30 -> Node 0
Sep 14 14:54:25 localhost kernel: SRAT: PXM 0 -> APIC 0x32 -> Node 0
Sep 14 14:54:25 localhost kernel: SRAT: PXM 0 -> APIC 0x34 -> Node 0
Sep 14 14:54:25 localhost kernel: SRAT: PXM 0 -> APIC 0x36 -> Node 0
Sep 14 14:54:25 localhost kernel: SRAT: PXM 0 -> APIC 0x38 -> Node 0
Sep 14 14:54:25 localhost kernel: SRAT: PXM 0 -> APIC 0x3a -> Node 0
Sep 14 14:54:25 localhost kernel: SRAT: PXM 0 -> APIC 0x3c -> Node 0
Sep 14 14:54:25 localhost kernel: SRAT: PXM 1 -> APIC 0x40 -> Node 1
Sep 14 14:54:25 localhost kernel: SRAT: PXM 1 -> APIC 0x42 -> Node 1
Sep 14 14:54:25 localhost kernel: SRAT: PXM 1 -> APIC 0x44 -> Node 1
Sep 14 14:54:25 localhost kernel: SRAT: PXM 1 -> APIC 0x46 -> Node 1
Sep 14 14:54:25 localhost kernel: SRAT: PXM 1 -> APIC 0x48 -> Node 1
Sep 14 14:54:25 localhost kernel: SRAT: PXM 1 -> APIC 0x4a -> Node 1
Sep 14 14:54:25 localhost kernel: SRAT: PXM 1 -> APIC 0x4c -> Node 1
Sep 14 14:54:25 localhost kernel: SRAT: PXM 1 -> APIC 0x50 -> Node 1
Sep 14 14:54:25 localhost kernel: SRAT: PXM 1 -> APIC 0x52 -> Node 1
Sep 14 14:54:25 localhost kernel: SRAT: PXM 1 -> APIC 0x54 -> Node 1
Sep 14 14:54:25 localhost kernel: SRAT: PXM 1 -> APIC 0x56 -> Node 1
Sep 14 14:54:25 localhost kernel: SRAT: PXM 1 -> APIC 0x58 -> Node 1
Sep 14 14:54:25 localhost kernel: SRAT: PXM 1 -> APIC 0x5a -> Node 1
Sep 14 14:54:25 localhost kernel: SRAT: PXM 1 -> APIC 0x5c -> Node 1
Sep 14 14:54:25 localhost kernel: SRAT: PXM 1 -> APIC 0x60 -> Node 1
Sep 14 14:54:25 localhost kernel: SRAT: PXM 1 -> APIC 0x62 -> Node 1
Sep 14 14:54:25 localhost kernel: SRAT: PXM 1 -> APIC 0x64 -> Node 1
Sep 14 14:54:25 localhost kernel: SRAT: PXM 1 -> APIC 0x66 -> Node 1
Sep 14 14:54:25 localhost kernel: SRAT: PXM 1 -> APIC 0x68 -> Node 1
Sep 14 14:54:25 localhost kernel: SRAT: PXM 1 -> APIC 0x6a -> Node 1
Sep 14 14:54:25 localhost kernel: SRAT: PXM 1 -> APIC 0x6c -> Node 1
Sep 14 14:54:25 localhost kernel: SRAT: PXM 1 -> APIC 0x70 -> Node 1
Sep 14 14:54:25 localhost kernel: SRAT: PXM 1 -> APIC 0x72 -> Node 1
Sep 14 14:54:25 localhost kernel: SRAT: PXM 1 -> APIC 0x74 -> Node 1
Sep 14 14:54:25 localhost kernel: SRAT: PXM 1 -> APIC 0x76 -> Node 1
Sep 14 14:54:25 localhost kernel: SRAT: PXM 1 -> APIC 0x78 -> Node 1
Sep 14 14:54:25 localhost kernel: SRAT: PXM 1 -> APIC 0x7a -> Node 1
Sep 14 14:54:25 localhost kernel: SRAT: PXM 1 -> APIC 0x7c -> Node 1
Sep 14 14:54:25 localhost kernel: SRAT: PXM 0 -> APIC 0x01 -> Node 0
Sep 14 14:54:25 localhost kernel: SRAT: PXM 0 -> APIC 0x03 -> Node 0
Sep 14 14:54:25 localhost kernel: SRAT: PXM 0 -> APIC 0x05 -> Node 0
Sep 14 14:54:25 localhost kernel: SRAT: PXM 0 -> APIC 0x07 -> Node 0
Sep 14 14:54:25 localhost kernel: SRAT: PXM 0 -> APIC 0x09 -> Node 0
Sep 14 14:54:25 localhost kernel: SRAT: PXM 0 -> APIC 0x0b -> Node 0
Sep 14 14:54:25 localhost kernel: SRAT: PXM 0 -> APIC 0x0d -> Node 0
Sep 14 14:54:25 localhost kernel: SRAT: PXM 0 -> APIC 0x11 -> Node 0
Sep 14 14:54:25 localhost kernel: SRAT: PXM 0 -> APIC 0x13 -> Node 0
Sep 14 14:54:25 localhost kernel: SRAT: PXM 0 -> APIC 0x15 -> Node 0
Sep 14 14:54:25 localhost kernel: SRAT: PXM 0 -> APIC 0x17 -> Node 0
Sep 14 14:54:25 localhost kernel: SRAT: PXM 0 -> APIC 0x19 -> Node 0
Sep 14 14:54:25 localhost kernel: SRAT: PXM 0 -> APIC 0x1b -> Node 0
Sep 14 14:54:25 localhost kernel: SRAT: PXM 0 -> APIC 0x1d -> Node 0
Sep 14 14:54:25 localhost kernel: SRAT: PXM 0 -> APIC 0x21 -> Node 0
Sep 14 14:54:25 localhost kernel: SRAT: PXM 0 -> APIC 0x23 -> Node 0
Sep 14 14:54:25 localhost kernel: SRAT: PXM 0 -> APIC 0x25 -> Node 0
Sep 14 14:54:25 localhost kernel: SRAT: PXM 0 -> APIC 0x27 -> Node 0
Sep 14 14:54:25 localhost kernel: SRAT: PXM 0 -> APIC 0x29 -> Node 0
Sep 14 14:54:25 localhost kernel: SRAT: PXM 0 -> APIC 0x2b -> Node 0
Sep 14 14:54:25 localhost kernel: SRAT: PXM 0 -> APIC 0x2d -> Node 0
Sep 14 14:54:25 localhost kernel: SRAT: PXM 0 -> APIC 0x31 -> Node 0
Sep 14 14:54:25 localhost kernel: SRAT: PXM 0 -> APIC 0x33 -> Node 0
Sep 14 14:54:25 localhost kernel: SRAT: PXM 0 -> APIC 0x35 -> Node 0
Sep 14 14:54:25 localhost kernel: SRAT: PXM 0 -> APIC 0x37 -> Node 0
Sep 14 14:54:25 localhost kernel: SRAT: PXM 0 -> APIC 0x39 -> Node 0
Sep 14 14:54:25 localhost kernel: SRAT: PXM 0 -> APIC 0x3b -> Node 0
Sep 14 14:54:25 localhost kernel: SRAT: PXM 0 -> APIC 0x3d -> Node 0
Sep 14 14:54:25 localhost kernel: SRAT: PXM 1 -> APIC 0x41 -> Node 1
Sep 14 14:54:25 localhost kernel: SRAT: PXM 1 -> APIC 0x43 -> Node 1
Sep 14 14:54:25 localhost kernel: SRAT: PXM 1 -> APIC 0x45 -> Node 1
Sep 14 14:54:25 localhost kernel: SRAT: PXM 1 -> APIC 0x47 -> Node 1
Sep 14 14:54:25 localhost kernel: SRAT: PXM 1 -> APIC 0x49 -> Node 1
Sep 14 14:54:25 localhost kernel: SRAT: PXM 1 -> APIC 0x4b -> Node 1
Sep 14 14:54:25 localhost kernel: SRAT: PXM 1 -> APIC 0x4d -> Node 1
Sep 14 14:54:25 localhost kernel: SRAT: PXM 1 -> APIC 0x51 -> Node 1
Sep 14 14:54:25 localhost kernel: SRAT: PXM 1 -> APIC 0x53 -> Node 1
Sep 14 14:54:25 localhost kernel: SRAT: PXM 1 -> APIC 0x55 -> Node 1
Sep 14 14:54:25 localhost kernel: SRAT: PXM 1 -> APIC 0x57 -> Node 1
Sep 14 14:54:25 localhost kernel: SRAT: PXM 1 -> APIC 0x59 -> Node 1
Sep 14 14:54:25 localhost kernel: SRAT: PXM 1 -> APIC 0x5b -> Node 1
Sep 14 14:54:25 localhost kernel: SRAT: PXM 1 -> APIC 0x5d -> Node 1
Sep 14 14:54:25 localhost kernel: SRAT: PXM 1 -> APIC 0x61 -> Node 1
Sep 14 14:54:25 localhost kernel: SRAT: PXM 1 -> APIC 0x63 -> Node 1
Sep 14 14:54:25 localhost kernel: SRAT: PXM 1 -> APIC 0x65 -> Node 1
Sep 14 14:54:25 localhost kernel: SRAT: PXM 1 -> APIC 0x67 -> Node 1
Sep 14 14:54:25 localhost kernel: SRAT: PXM 1 -> APIC 0x69 -> Node 1
Sep 14 14:54:25 localhost kernel: SRAT: PXM 1 -> APIC 0x6b -> Node 1
Sep 14 14:54:25 localhost kernel: SRAT: PXM 1 -> APIC 0x6d -> Node 1
Sep 14 14:54:25 localhost kernel: SRAT: PXM 1 -> APIC 0x71 -> Node 1
Sep 14 14:54:25 localhost kernel: SRAT: PXM 1 -> APIC 0x73 -> Node 1
Sep 14 14:54:25 localhost kernel: SRAT: PXM 1 -> APIC 0x75 -> Node 1
Sep 14 14:54:25 localhost kernel: SRAT: PXM 1 -> APIC 0x77 -> Node 1
Sep 14 14:54:25 localhost kernel: SRAT: PXM 1 -> APIC 0x79 -> Node 1
Sep 14 14:54:25 localhost kernel: SRAT: PXM 1 -> APIC 0x7b -> Node 1
Sep 14 14:54:25 localhost kernel: SRAT: PXM 1 -> APIC 0x7d -> Node 1
Sep 14 14:54:25 localhost kernel: ACPI: SRAT: Node 0 PXM 0 [mem 0x00000000-0x7fffffff]
Sep 14 14:54:25 localhost kernel: ACPI: SRAT: Node 0 PXM 0 [mem 0x100000000-0x303fffffff]
Sep 14 14:54:25 localhost kernel: ACPI: SRAT: Node 1 PXM 1 [mem 0x3040000000-0x603fffffff]
Sep 14 14:54:25 localhost kernel: NUMA: Initialized distance table, cnt=2
Sep 14 14:54:25 localhost kernel: NUMA: Node 0 [mem 0x00000000-0x7fffffff] + [mem 0x100000000-0x303fffffff] -> [mem 0x00000000-0x303fffffff]
Sep 14 14:54:25 localhost kernel: NODE_DATA(0) allocated [mem 0x303ffd6000-0x303fffffff]
Sep 14 14:54:25 localhost kernel: NODE_DATA(1) allocated [mem 0x603ffd5000-0x603fffefff]
Sep 14 14:54:25 localhost kernel: Zone ranges:
Sep 14 14:54:25 localhost kernel:   DMA      [mem 0x0000000000001000-0x0000000000ffffff]
Sep 14 14:54:25 localhost kernel:   DMA32    [mem 0x0000000001000000-0x00000000ffffffff]
Sep 14 14:54:25 localhost kernel:   Normal   [mem 0x0000000100000000-0x000000603fffffff]
Sep 14 14:54:25 localhost kernel:   Device   empty
Sep 14 14:54:25 localhost kernel: Movable zone start for each node
Sep 14 14:54:25 localhost kernel: Early memory node ranges
Sep 14 14:54:25 localhost kernel:   node   0: [mem 0x0000000000001000-0x000000000009cfff]
Sep 14 14:54:25 localhost kernel:   node   0: [mem 0x0000000000100000-0x000000005e8befff]
Sep 14 14:54:25 localhost kernel:   node   0: [mem 0x0000000075fff000-0x0000000075ffffff]
Sep 14 14:54:25 localhost kernel:   node   0: [mem 0x0000000100000000-0x000000303fffffff]
Sep 14 14:54:25 localhost kernel:   node   1: [mem 0x0000003040000000-0x000000603fffffff]
Sep 14 14:54:25 localhost kernel: Zeroed struct page in unavailable ranges: 38820 pages
Sep 14 14:54:25 localhost kernel: Initmem setup node 0 [mem 0x0000000000001000-0x000000303fffffff]
Sep 14 14:54:25 localhost kernel: On node 0 totalpages: 49932380
Sep 14 14:54:25 localhost kernel:   DMA zone: 64 pages used for memmap
Sep 14 14:54:25 localhost kernel:   DMA zone: 37 pages reserved
Sep 14 14:54:25 localhost kernel:   DMA zone: 3996 pages, LIFO batch:0
Sep 14 14:54:25 localhost kernel:   DMA32 zone: 5987 pages used for memmap
Sep 14 14:54:25 localhost kernel:   DMA32 zone: 383168 pages, LIFO batch:31
Sep 14 14:54:25 localhost kernel:   Normal zone: 774144 pages used for memmap
Sep 14 14:54:25 localhost kernel:   Normal zone: 49545216 pages, LIFO batch:31
Sep 14 14:54:25 localhost kernel: Initmem setup node 1 [mem 0x0000003040000000-0x000000603fffffff]
Sep 14 14:54:25 localhost kernel: On node 1 totalpages: 50331648
Sep 14 14:54:25 localhost kernel:   Normal zone: 786432 pages used for memmap
Sep 14 14:54:25 localhost kernel:   Normal zone: 50331648 pages, LIFO batch:31
Sep 14 14:54:25 localhost kernel: ACPI: PM-Timer IO Port: 0x508
Sep 14 14:54:25 localhost kernel: ACPI: Local APIC address 0xfee00000
Sep 14 14:54:25 localhost kernel: ACPI: X2APIC_NMI (uid[0xffffffff] high level lint[0x1])
Sep 14 14:54:25 localhost kernel: ACPI: LAPIC_NMI (acpi_id[0xff] high level lint[0x1])
Sep 14 14:54:25 localhost kernel: IOAPIC[0]: apic_id 8, version 32, address 0xfec00000, GSI 0-23
Sep 14 14:54:25 localhost kernel: IOAPIC[1]: apic_id 9, version 32, address 0xfec01000, GSI 24-31
Sep 14 14:54:25 localhost kernel: IOAPIC[2]: apic_id 10, version 32, address 0xfec08000, GSI 32-39
Sep 14 14:54:25 localhost kernel: IOAPIC[3]: apic_id 11, version 32, address 0xfec10000, GSI 40-47
Sep 14 14:54:25 localhost kernel: IOAPIC[4]: apic_id 12, version 32, address 0xfec18000, GSI 48-55
Sep 14 14:54:25 localhost kernel: IOAPIC[5]: apic_id 15, version 32, address 0xfec20000, GSI 72-79
Sep 14 14:54:25 localhost kernel: IOAPIC[6]: apic_id 16, version 32, address 0xfec28000, GSI 80-87
Sep 14 14:54:25 localhost kernel: IOAPIC[7]: apic_id 17, version 32, address 0xfec30000, GSI 88-95
Sep 14 14:54:25 localhost kernel: IOAPIC[8]: apic_id 18, version 32, address 0xfec38000, GSI 96-103
Sep 14 14:54:25 localhost kernel: ACPI: INT_SRC_OVR (bus 0 bus_irq 0 global_irq 2 dfl dfl)
Sep 14 14:54:25 localhost kernel: ACPI: INT_SRC_OVR (bus 0 bus_irq 9 global_irq 9 high level)
Sep 14 14:54:25 localhost kernel: ACPI: IRQ0 used by override.
Sep 14 14:54:25 localhost kernel: ACPI: IRQ9 used by override.
Sep 14 14:54:25 localhost kernel: Using ACPI (MADT) for SMP configuration information
Sep 14 14:54:25 localhost kernel: ACPI: HPET id: 0x8086a701 base: 0xfed00000
Sep 14 14:54:25 localhost kernel: smpboot: Allowing 112 CPUs, 0 hotplug CPUs
Sep 14 14:54:25 localhost kernel: PM: Registered nosave memory: [mem 0x00000000-0x00000fff]
Sep 14 14:54:25 localhost kernel: PM: Registered nosave memory: [mem 0x0009d000-0x0009dfff]
Sep 14 14:54:25 localhost kernel: PM: Registered nosave memory: [mem 0x0009e000-0x0009ffff]
Sep 14 14:54:25 localhost kernel: PM: Registered nosave memory: [mem 0x000a0000-0x000dffff]
Sep 14 14:54:25 localhost kernel: PM: Registered nosave memory: [mem 0x000e0000-0x000fffff]
Sep 14 14:54:25 localhost kernel: PM: Registered nosave memory: [mem 0x5e8bf000-0x724fefff]
Sep 14 14:54:25 localhost kernel: PM: Registered nosave memory: [mem 0x724ff000-0x754fefff]
Sep 14 14:54:25 localhost kernel: PM: Registered nosave memory: [mem 0x754ff000-0x75ffefff]
Sep 14 14:54:25 localhost kernel: PM: Registered nosave memory: [mem 0x76000000-0x8fffffff]
Sep 14 14:54:25 localhost kernel: PM: Registered nosave memory: [mem 0x90000000-0xfcffffff]
Sep 14 14:54:25 localhost kernel: PM: Registered nosave memory: [mem 0xfd000000-0xfe7fffff]
Sep 14 14:54:25 localhost kernel: PM: Registered nosave memory: [mem 0xfe800000-0xfeafffff]
Sep 14 14:54:25 localhost kernel: PM: Registered nosave memory: [mem 0xfeb00000-0xfeb03fff]
Sep 14 14:54:25 localhost kernel: PM: Registered nosave memory: [mem 0xfeb04000-0xfebfffff]
Sep 14 14:54:25 localhost kernel: PM: Registered nosave memory: [mem 0xfec00000-0xfec00fff]
Sep 14 14:54:25 localhost kernel: PM: Registered nosave memory: [mem 0xfec01000-0xfec7ffff]
Sep 14 14:54:25 localhost kernel: PM: Registered nosave memory: [mem 0xfec80000-0xfed00fff]
Sep 14 14:54:25 localhost kernel: PM: Registered nosave memory: [mem 0xfed01000-0xfeffffff]
Sep 14 14:54:25 localhost kernel: PM: Registered nosave memory: [mem 0xff000000-0xffffffff]
Sep 14 14:54:25 localhost kernel: [mem 0x90000000-0xfcffffff] available for PCI devices
Sep 14 14:54:25 localhost kernel: Booting paravirtualized kernel on bare hardware
Sep 14 14:54:25 localhost kernel: clocksource: refined-jiffies: mask: 0xffffffff max_cycles: 0xffffffff, max_idle_ns: 1910969940391419 ns
Sep 14 14:54:25 localhost kernel: setup_percpu: NR_CPUS:8192 nr_cpumask_bits:112 nr_cpu_ids:112 nr_node_ids:2
Sep 14 14:54:25 localhost kernel: percpu: Embedded 53 pages/cpu s180224 r8192 d28672 u262144
Sep 14 14:54:25 localhost kernel: pcpu-alloc: s180224 r8192 d28672 u262144 alloc=1*2097152
Sep 14 14:54:25 localhost kernel: pcpu-alloc: [0] 000 001 002 003 004 005 006 007 
Sep 14 14:54:25 localhost kernel: pcpu-alloc: [0] 008 009 010 011 012 013 014 015 
Sep 14 14:54:25 localhost kernel: pcpu-alloc: [0] 016 017 018 019 020 021 022 023 
Sep 14 14:54:25 localhost kernel: pcpu-alloc: [0] 024 025 026 027 056 057 058 059 
Sep 14 14:54:25 localhost kernel: pcpu-alloc: [0] 060 061 062 063 064 065 066 067 
Sep 14 14:54:25 localhost kernel: pcpu-alloc: [0] 068 069 070 071 072 073 074 075 
Sep 14 14:54:25 localhost kernel: pcpu-alloc: [0] 076 077 078 079 080 081 082 083 
Sep 14 14:54:25 localhost kernel: pcpu-alloc: [1] 028 029 030 031 032 033 034 035 
Sep 14 14:54:25 localhost kernel: pcpu-alloc: [1] 036 037 038 039 040 041 042 043 
Sep 14 14:54:25 localhost kernel: pcpu-alloc: [1] 044 045 046 047 048 049 050 051 
Sep 14 14:54:25 localhost kernel: pcpu-alloc: [1] 052 053 054 055 084 085 086 087 
Sep 14 14:54:25 localhost kernel: pcpu-alloc: [1] 088 089 090 091 092 093 094 095 
Sep 14 14:54:25 localhost kernel: pcpu-alloc: [1] 096 097 098 099 100 101 102 103 
Sep 14 14:54:25 localhost kernel: pcpu-alloc: [1] 104 105 106 107 108 109 110 111 
Sep 14 14:54:25 localhost kernel: Built 2 zonelists, mobility grouping on.  Total pages: 98697364
Sep 14 14:54:25 localhost kernel: Policy zone: Normal
Sep 14 14:54:25 localhost kernel: Kernel command line: BOOTIF=28:a6:db:a9:92:27 ipa-inspection-callback-url=http://172.24.42.254:5050/v1/continue ipa-api-url=http://192.168.43.144/baremetal ipa-insecure=1 systemd.journald.forward_to_console=yes vga=normal console=tty0 console=ttyS0 ipa-inspection-collectors=default,logs ipa-debug=1
Sep 14 14:54:25 localhost kernel: Specific versions of hardware are certified with Red Hat Enterprise Linux 8. Please see the list of hardware certified with Red Hat Enterprise Linux 8 at https://access.redhat.com/ecosystem.
Sep 14 14:54:25 localhost kernel: Memory: 1370168K/401056112K available (12292K kernel code, 2151K rwdata, 3848K rodata, 2404K init, 6476K bss, 6769712K reserved, 0K cma-reserved)
Sep 14 14:54:25 localhost kernel: SLUB: HWalign=64, Order=0-3, MinObjects=0, CPUs=112, Nodes=2
Sep 14 14:54:25 localhost kernel: Kernel/User page tables isolation: enabled
Sep 14 14:54:25 localhost kernel: ftrace: allocating 36340 entries in 142 pages
Sep 14 14:54:25 localhost kernel: rcu: Hierarchical RCU implementation.
Sep 14 14:54:25 localhost kernel: rcu:         RCU restricting CPUs from NR_CPUS=8192 to nr_cpu_ids=112.
Sep 14 14:54:25 localhost kernel: rcu: RCU calculated value of scheduler-enlistment delay is 100 jiffies.
Sep 14 14:54:25 localhost kernel: rcu: Adjusting geometry for rcu_fanout_leaf=16, nr_cpu_ids=112
Sep 14 14:54:25 localhost kernel: NR_IRQS: 524544, nr_irqs: 2680, preallocated irqs: 16
Sep 14 14:54:25 localhost kernel: random: get_random_bytes called from start_kernel+0x36b/0x55b with crng_init=0
Sep 14 14:54:25 localhost kernel: Console: colour VGA+ 80x25
Sep 14 14:54:25 localhost kernel: printk: console [tty0] enabled
Sep 14 14:54:25 localhost kernel: printk: console [ttyS0] enabled
Sep 14 14:54:25 localhost kernel: mempolicy: Enabling automatic NUMA balancing. Configure with numa_balancing= or the kernel.numa_balancing sysctl
Sep 14 14:54:25 localhost kernel: ACPI: Core revision 20190703
Sep 14 14:54:25 localhost kernel: clocksource: hpet: mask: 0xffffffff max_cycles: 0xffffffff, max_idle_ns: 79635855245 ns
Sep 14 14:54:25 localhost kernel: hpet clockevent registered
Sep 14 14:54:25 localhost kernel: APIC: Switch to symmetric I/O mode setup
Sep 14 14:54:25 localhost kernel: DMAR: Host address width 46
Sep 14 14:54:25 localhost kernel: DMAR: DRHD base: 0x000000d37fc000 flags: 0x0
Sep 14 14:54:25 localhost kernel: DMAR: dmar0: reg_base_addr d37fc000 ver 1:0 cap 8d2078c106f0466 ecap f020df
Sep 14 14:54:25 localhost kernel: DMAR: DRHD base: 0x000000e0ffc000 flags: 0x0
Sep 14 14:54:25 localhost kernel: DMAR: dmar1: reg_base_addr e0ffc000 ver 1:0 cap 8d2078c106f0466 ecap f020df
Sep 14 14:54:25 localhost kernel: DMAR: DRHD base: 0x000000ee7fc000 flags: 0x0
Sep 14 14:54:25 localhost kernel: DMAR: dmar2: reg_base_addr ee7fc000 ver 1:0 cap 8d2078c106f0466 ecap f020df
Sep 14 14:54:25 localhost kernel: DMAR: DRHD base: 0x000000fbffc000 flags: 0x0
Sep 14 14:54:25 localhost kernel: DMAR: dmar3: reg_base_addr fbffc000 ver 1:0 cap 8d2078c106f0466 ecap f020df
Sep 14 14:54:25 localhost kernel: DMAR: DRHD base: 0x000000aaffc000 flags: 0x0
Sep 14 14:54:25 localhost kernel: DMAR: dmar4: reg_base_addr aaffc000 ver 1:0 cap 8d2078c106f0466 ecap f020df
Sep 14 14:54:25 localhost kernel: DMAR: DRHD base: 0x000000b87fc000 flags: 0x0
Sep 14 14:54:25 localhost kernel: DMAR: dmar5: reg_base_addr b87fc000 ver 1:0 cap 8d2078c106f0466 ecap f020df
Sep 14 14:54:25 localhost kernel: DMAR: DRHD base: 0x000000c5ffc000 flags: 0x0
Sep 14 14:54:25 localhost kernel: DMAR: dmar6: reg_base_addr c5ffc000 ver 1:0 cap 8d2078c106f0466 ecap f020df
Sep 14 14:54:25 localhost kernel: DMAR: DRHD base: 0x0000009d7fc000 flags: 0x1
Sep 14 14:54:25 localhost kernel: DMAR: dmar7: reg_base_addr 9d7fc000 ver 1:0 cap 8d2078c106f0466 ecap f020df
Sep 14 14:54:25 localhost kernel: DMAR: RMRR base: 0x00000075436000 end: 0x00000075438fff
Sep 14 14:54:25 localhost kernel: DMAR: RMRR base: 0x00000067c53000 end: 0x0000006fc92fff
Sep 14 14:54:25 localhost kernel: DMAR: ATSR flags: 0x0
Sep 14 14:54:25 localhost kernel: DMAR: ATSR flags: 0x0
Sep 14 14:54:25 localhost kernel: DMAR: RHSA base: 0x0000009d7fc000 proximity domain: 0x0
Sep 14 14:54:25 localhost kernel: DMAR: RHSA base: 0x000000aaffc000 proximity domain: 0x0
Sep 14 14:54:25 localhost kernel: DMAR: RHSA base: 0x000000b87fc000 proximity domain: 0x0
Sep 14 14:54:25 localhost kernel: DMAR: RHSA base: 0x000000c5ffc000 proximity domain: 0x0
Sep 14 14:54:25 localhost kernel: DMAR: RHSA base: 0x000000d37fc000 proximity domain: 0x1
Sep 14 14:54:25 localhost kernel: DMAR: RHSA base: 0x000000e0ffc000 proximity domain: 0x1
Sep 14 14:54:25 localhost kernel: DMAR: RHSA base: 0x000000ee7fc000 proximity domain: 0x1
Sep 14 14:54:25 localhost kernel: DMAR: RHSA base: 0x000000fbffc000 proximity domain: 0x1
Sep 14 14:54:25 localhost kernel: DMAR-IR: IOAPIC id 12 under DRHD base  0xc5ffc000 IOMMU 6
Sep 14 14:54:25 localhost kernel: DMAR-IR: IOAPIC id 11 under DRHD base  0xb87fc000 IOMMU 5
Sep 14 14:54:25 localhost kernel: DMAR-IR: IOAPIC id 10 under DRHD base  0xaaffc000 IOMMU 4
Sep 14 14:54:25 localhost kernel: DMAR-IR: IOAPIC id 18 under DRHD base  0xfbffc000 IOMMU 3
Sep 14 14:54:25 localhost kernel: DMAR-IR: IOAPIC id 17 under DRHD base  0xee7fc000 IOMMU 2
Sep 14 14:54:25 localhost kernel: DMAR-IR: IOAPIC id 16 under DRHD base  0xe0ffc000 IOMMU 1
Sep 14 14:54:25 localhost kernel: DMAR-IR: IOAPIC id 15 under DRHD base  0xd37fc000 IOMMU 0
Sep 14 14:54:25 localhost kernel: DMAR-IR: IOAPIC id 8 under DRHD base  0x9d7fc000 IOMMU 7
Sep 14 14:54:25 localhost kernel: DMAR-IR: IOAPIC id 9 under DRHD base  0x9d7fc000 IOMMU 7
Sep 14 14:54:25 localhost kernel: DMAR-IR: HPET id 0 under DRHD base 0x9d7fc000
Sep 14 14:54:25 localhost kernel: DMAR-IR: x2apic is disabled because BIOS sets x2apic opt out bit.
Sep 14 14:54:25 localhost kernel: DMAR-IR: Use 'intremap=no_x2apic_optout' to override the BIOS setting.
Sep 14 14:54:25 localhost kernel: DMAR-IR: Enabled IRQ remapping in xapic mode
Sep 14 14:54:25 localhost kernel: x2apic: IRQ remapping doesn't support X2APIC mode
Sep 14 14:54:25 localhost kernel: Switched APIC routing to physical flat.
Sep 14 14:54:25 localhost kernel: ..TIMER: vector=0x30 apic1=0 pin1=2 apic2=-1 pin2=-1
Sep 14 14:54:25 localhost kernel: clocksource: tsc-early: mask: 0xffffffffffffffff max_cycles: 0x1e4530a99b6, max_idle_ns: 440795257976 ns
Sep 14 14:54:25 localhost kernel: Calibrating delay loop (skipped), value calculated using timer frequency.. 4200.00 BogoMIPS (lpj=2100000)
Sep 14 14:54:25 localhost kernel: pid_max: default: 114688 minimum: 896
Sep 14 14:54:25 localhost kernel: Security Framework initialized
Sep 14 14:54:25 localhost kernel: Yama: becoming mindful.
Sep 14 14:54:25 localhost kernel: SELinux:  Initializing.
Sep 14 14:54:25 localhost kernel: Dentry cache hash table entries: 16777216 (order: 15, 134217728 bytes)
Sep 14 14:54:25 localhost kernel: Inode-cache hash table entries: 8388608 (order: 14, 67108864 bytes)
Sep 14 14:54:25 localhost kernel: Mount-cache hash table entries: 262144 (order: 9, 2097152 bytes)
Sep 14 14:54:25 localhost kernel: Mountpoint-cache hash table entries: 262144 (order: 9, 2097152 bytes)
Sep 14 14:54:25 localhost kernel: ENERGY_PERF_BIAS: Set to 'normal', was 'performance'
Sep 14 14:54:25 localhost kernel: ENERGY_PERF_BIAS: View and update with x86_energy_perf_policy(8)
Sep 14 14:54:25 localhost kernel: CPU0: Thermal monitoring enabled (TM1)
Sep 14 14:54:25 localhost kernel: Last level iTLB entries: 4KB 64, 2MB 8, 4MB 8
Sep 14 14:54:25 localhost kernel: Last level dTLB entries: 4KB 64, 2MB 0, 4MB 0, 1GB 4
Sep 14 14:54:25 localhost kernel: FEATURE SPEC_CTRL Present
Sep 14 14:54:25 localhost kernel: FEATURE IBPB_SUPPORT Present
Sep 14 14:54:25 localhost kernel: Spectre V1 : Mitigation: usercopy/swapgs barriers and __user pointer sanitization
Sep 14 14:54:25 localhost kernel: Spectre V2 : Using retpoline on Skylake-generation processors may not fully mitigate the vulnerability.
Sep 14 14:54:25 localhost kernel: Spectre V2 : Add the "spectre_v2=ibrs" kernel boot flag to enable IBRS on Skylake systems that need full mitigation.
Sep 14 14:54:25 localhost kernel: Spectre V2 : Mitigation: Full generic retpoline
Sep 14 14:54:25 localhost kernel: Spectre V2 : Spectre v2 / SpectreRSB mitigation: Filling RSB on context switch
Sep 14 14:54:25 localhost kernel: Spectre V2 : Enabling Restricted Speculation for firmware calls
Sep 14 14:54:25 localhost kernel: Spectre V2 : mitigation: Enabling conditional Indirect Branch Prediction Barrier
Sep 14 14:54:25 localhost kernel: Spectre V2 : User space: Mitigation: STIBP via seccomp and prctl
Sep 14 14:54:25 localhost kernel: Speculative Store Bypass: Mitigation: Speculative Store Bypass disabled via prctl and seccomp
Sep 14 14:54:25 localhost kernel: TAA: Mitigation: Clear CPU buffers
Sep 14 14:54:25 localhost kernel: MDS: Mitigation: Clear CPU buffers
Sep 14 14:54:25 localhost kernel: Freeing SMP alternatives memory: 32K
Sep 14 14:54:25 localhost kernel: TSC deadline timer enabled
Sep 14 14:54:25 localhost kernel: smpboot: CPU0: Intel(R) Xeon(R) Platinum 8176 CPU @ 2.10GHz (family: 0x6, model: 0x55, stepping: 0x4)
Sep 14 14:54:25 localhost kernel: Performance Events: PEBS fmt3+, Skylake events, 32-deep LBR, full-width counters, Intel PMU driver.
Sep 14 14:54:25 localhost kernel: ... version:                4
Sep 14 14:54:25 localhost kernel: ... bit width:              48
Sep 14 14:54:25 localhost kernel: ... generic registers:      4
Sep 14 14:54:25 localhost kernel: ... value mask:             0000ffffffffffff
Sep 14 14:54:25 localhost kernel: ... max period:             00007fffffffffff
Sep 14 14:54:25 localhost kernel: ... fixed-purpose events:   3
Sep 14 14:54:25 localhost kernel: ... event mask:             000000070000000f
Sep 14 14:54:25 localhost kernel: rcu: Hierarchical SRCU implementation.
Sep 14 14:54:25 localhost kernel: NMI watchdog: Enabled. Permanently consumes one hw-PMU counter.
Sep 14 14:54:25 localhost kernel: smp: Bringing up secondary CPUs ...
Sep 14 14:54:25 localhost kernel: x86: Booting SMP configuration:
Sep 14 14:54:25 localhost kernel: .... node  #0, CPUs:          #1   #2   #3   #4   #5   #6   #7   #8   #9  #10  #11  #12  #13  #14  #15  #16  #17  #18  #19  #20  #21  #22  #23  #24  #25  #26  #27
Sep 14 14:54:25 localhost kernel: .... node  #1, CPUs:    #28
Sep 14 14:54:25 localhost kernel: smpboot: CPU 28 Converting physical 0 to logical die 1
Sep 14 14:54:25 localhost kernel:   #29  #30  #31  #32  #33  #34  #35  #36  #37  #38  #39  #40  #41  #42  #43  #44  #45  #46  #47  #48  #49  #50  #51  #52  #53  #54  #55
Sep 14 14:54:25 localhost kernel: .... node  #0, CPUs:    #56
Sep 14 14:54:25 localhost kernel: MDS CPU bug present and SMT on, data leak possible. See https://www.kernel.org/doc/html/latest/admin-guide/hw-vuln/mds.html for more details.
Sep 14 14:54:25 localhost kernel: TAA CPU bug present and SMT on, data leak possible. See https://www.kernel.org/doc/html/latest/admin-guide/hw-vuln/tsx_async_abort.html for more details.
Sep 14 14:54:25 localhost kernel:   #57  #58  #59  #60  #61  #62  #63  #64  #65  #66  #67  #68  #69  #70  #71  #72  #73  #74  #75  #76  #77  #78  #79  #80  #81  #82  #83
Sep 14 14:54:25 localhost kernel: .... node  #1, CPUs:    #84  #85  #86  #87  #88  #89  #90  #91  #92  #93  #94  #95  #96  #97  #98  #99 #100 #101 #102 #103 #104 #105 #106 #107 #108 #109 #110 #111
Sep 14 14:54:25 localhost kernel: smp: Brought up 2 nodes, 112 CPUs
Sep 14 14:54:25 localhost kernel: smpboot: Max logical packages: 2
Sep 14 14:54:25 localhost kernel: smpboot: Total of 112 processors activated (470735.21 BogoMIPS)
Sep 14 14:54:25 localhost kernel: node 0 initialised, 48695779 pages in 1960ms
Sep 14 14:54:25 localhost kernel: node 1 initialised, 49500511 pages in 2433ms
Sep 14 14:54:25 localhost kernel: devtmpfs: initialized
Sep 14 14:54:25 localhost kernel: x86/mm: Memory block size: 1024MB
Sep 14 14:54:25 localhost kernel: PM: Registering ACPI NVS region [mem 0x724ff000-0x754fefff] (50331648 bytes)
Sep 14 14:54:25 localhost kernel: clocksource: jiffies: mask: 0xffffffff max_cycles: 0xffffffff, max_idle_ns: 1911260446275000 ns
Sep 14 14:54:25 localhost kernel: futex hash table entries: 32768 (order: 9, 2097152 bytes)
Sep 14 14:54:25 localhost kernel: pinctrl core: initialized pinctrl subsystem
Sep 14 14:54:25 localhost kernel: NET: Registered protocol family 16
Sep 14 14:54:25 localhost kernel: audit: initializing netlink subsys (disabled)
Sep 14 14:54:25 localhost kernel: audit: type=2000 audit(1600095142.830:1): state=initialized audit_enabled=0 res=1
Sep 14 14:54:25 localhost kernel: cpuidle: using governor menu
Sep 14 14:54:25 localhost kernel: Simple Boot Flag at 0x44 set to 0x1
Sep 14 14:54:25 localhost kernel: ACPI FADT declares the system doesn't support PCIe ASPM, so disable it
Sep 14 14:54:25 localhost kernel: ACPI: bus type PCI registered
Sep 14 14:54:25 localhost kernel: acpiphp: ACPI Hot Plug PCI Controller Driver version: 0.5
Sep 14 14:54:25 localhost kernel: PCI: MMCONFIG for domain 0000 [bus 00-ff] at [mem 0x80000000-0x8fffffff] (base 0x80000000)
Sep 14 14:54:25 localhost kernel: PCI: MMCONFIG at [mem 0x80000000-0x8fffffff] reserved in E820
Sep 14 14:54:25 localhost kernel: pmd_set_huge: Cannot satisfy [mem 0x80000000-0x80200000] with a huge-page mapping due to MTRR override.
Sep 14 14:54:25 localhost kernel: PCI: Using configuration type 1 for base access
Sep 14 14:54:25 localhost kernel: HugeTLB registered 1.00 GiB page size, pre-allocated 0 pages
Sep 14 14:54:25 localhost kernel: HugeTLB registered 2.00 MiB page size, pre-allocated 0 pages
Sep 14 14:54:25 localhost kernel: cryptd: max_cpu_qlen set to 1000
Sep 14 14:54:25 localhost kernel: ACPI: Added _OSI(Module Device)
Sep 14 14:54:25 localhost kernel: ACPI: Added _OSI(Processor Device)
Sep 14 14:54:25 localhost kernel: ACPI: Added _OSI(3.0 _SCP Extensions)
Sep 14 14:54:25 localhost kernel: ACPI: Added _OSI(Processor Aggregator Device)
Sep 14 14:54:25 localhost kernel: ACPI: Added _OSI(Linux-Dell-Video)
Sep 14 14:54:25 localhost kernel: ACPI: Added _OSI(Linux-Lenovo-NV-HDMI-Audio)
Sep 14 14:54:25 localhost kernel: ACPI: Added _OSI(Linux-HPI-Hybrid-Graphics)
Sep 14 14:54:25 localhost kernel: ACPI: 6 ACPI AML tables successfully acquired and loaded
Sep 14 14:54:25 localhost kernel: ACPI: Dynamic OEM Table Load:
Sep 14 14:54:25 localhost kernel: ACPI: Dynamic OEM Table Load:
Sep 14 14:54:25 localhost kernel: ACPI: Dynamic OEM Table Load:
Sep 14 14:54:25 localhost kernel: ACPI: Dynamic OEM Table Load:
Sep 14 14:54:25 localhost kernel: ACPI: Interpreter enabled
Sep 14 14:54:25 localhost kernel: ACPI: (supports S0 S5)
Sep 14 14:54:25 localhost kernel: ACPI: Using IOAPIC for interrupt routing
Sep 14 14:54:25 localhost kernel: HEST: Table parsing has been initialized.
Sep 14 14:54:25 localhost kernel: PCI: Using host bridge windows from ACPI; if necessary, use "pci=nocrs" and report a bug
Sep 14 14:54:25 localhost kernel: ACPI: Enabled 7 GPEs in block 00 to 7F
Sep 14 14:54:25 localhost kernel: ACPI: PCI Root Bridge [PCI0] (domain 0000 [bus 00-16])
Sep 14 14:54:25 localhost kernel: acpi PNP0A08:00: _OSC: OS supports [ExtendedConfig ASPM ClockPM Segments MSI HPX-Type3]
Sep 14 14:54:25 localhost kernel: acpi PNP0A08:00: _OSC: platform does not support [SHPCHotplug AER LTR]
Sep 14 14:54:25 localhost kernel: acpi PNP0A08:00: _OSC: OS now controls [PCIeHotplug PME PCIeCapability]
Sep 14 14:54:25 localhost kernel: acpi PNP0A08:00: FADT indicates ASPM is unsupported, using BIOS configuration
Sep 14 14:54:25 localhost kernel: PCI host bridge to bus 0000:00
Sep 14 14:54:25 localhost kernel: pci_bus 0000:00: root bus resource [io  0x0000-0x0cf7 window]
Sep 14 14:54:25 localhost kernel: pci_bus 0000:00: root bus resource [io  0x1000-0x3fff window]
Sep 14 14:54:25 localhost kernel: pci_bus 0000:00: root bus resource [mem 0x000a0000-0x000bffff window]
Sep 14 14:54:25 localhost kernel: pci_bus 0000:00: root bus resource [mem 0x000c4000-0x000c7fff window]
Sep 14 14:54:25 localhost kernel: pci_bus 0000:00: root bus resource [mem 0xfe010000-0xfe010fff window]
Sep 14 14:54:25 localhost kernel: pci_bus 0000:00: root bus resource [mem 0x90000000-0x9d7fffff window]
Sep 14 14:54:25 localhost kernel: pci_bus 0000:00: root bus resource [mem 0xd0000000000-0xd0fffffffff window]
Sep 14 14:54:25 localhost kernel: pci_bus 0000:00: root bus resource [bus 00-16]
Sep 14 14:54:25 localhost kernel: pci 0000:00:00.0: [8086:2020] type 00 class 0x060000
Sep 14 14:54:25 localhost kernel: pci 0000:00:04.0: [8086:2021] type 00 class 0x088000
Sep 14 14:54:25 localhost kernel: pci 0000:00:04.0: reg 0x10: [mem 0xd0ffff2c000-0xd0ffff2ffff 64bit]
Sep 14 14:54:25 localhost kernel: pci 0000:00:04.1: [8086:2021] type 00 class 0x088000
Sep 14 14:54:25 localhost kernel: pci 0000:00:04.1: reg 0x10: [mem 0xd0ffff28000-0xd0ffff2bfff 64bit]
Sep 14 14:54:25 localhost kernel: pci 0000:00:04.2: [8086:2021] type 00 class 0x088000
Sep 14 14:54:25 localhost kernel: pci 0000:00:04.2: reg 0x10: [mem 0xd0ffff24000-0xd0ffff27fff 64bit]
Sep 14 14:54:25 localhost kernel: pci 0000:00:04.3: [8086:2021] type 00 class 0x088000
Sep 14 14:54:25 localhost kernel: pci 0000:00:04.3: reg 0x10: [mem 0xd0ffff20000-0xd0ffff23fff 64bit]
Sep 14 14:54:25 localhost kernel: pci 0000:00:04.4: [8086:2021] type 00 class 0x088000
Sep 14 14:54:25 localhost kernel: pci 0000:00:04.4: reg 0x10: [mem 0xd0ffff1c000-0xd0ffff1ffff 64bit]
Sep 14 14:54:25 localhost kernel: pci 0000:00:04.5: [8086:2021] type 00 class 0x088000
Sep 14 14:54:25 localhost kernel: pci 0000:00:04.5: reg 0x10: [mem 0xd0ffff18000-0xd0ffff1bfff 64bit]
Sep 14 14:54:25 localhost kernel: pci 0000:00:04.6: [8086:2021] type 00 class 0x088000
Sep 14 14:54:25 localhost kernel: pci 0000:00:04.6: reg 0x10: [mem 0xd0ffff14000-0xd0ffff17fff 64bit]
Sep 14 14:54:25 localhost kernel: pci 0000:00:04.7: [8086:2021] type 00 class 0x088000
Sep 14 14:54:25 localhost kernel: pci 0000:00:04.7: reg 0x10: [mem 0xd0ffff10000-0xd0ffff13fff 64bit]
Sep 14 14:54:25 localhost kernel: pci 0000:00:05.0: [8086:2024] type 00 class 0x088000
Sep 14 14:54:25 localhost kernel: pci 0000:00:05.2: [8086:2025] type 00 class 0x088000
Sep 14 14:54:25 localhost kernel: pci 0000:00:05.4: [8086:2026] type 00 class 0x080020
Sep 14 14:54:25 localhost kernel: pci 0000:00:05.4: reg 0x10: [mem 0x9640d000-0x9640dfff]
Sep 14 14:54:25 localhost kernel: pci 0000:00:08.0: [8086:2014] type 00 class 0x088000
Sep 14 14:54:25 localhost kernel: pci 0000:00:08.1: [8086:2015] type 00 class 0x110100
Sep 14 14:54:25 localhost kernel: pci 0000:00:08.2: [8086:2016] type 00 class 0x088000
Sep 14 14:54:25 localhost kernel: pci 0000:00:11.0: [8086:a1ec] type 00 class 0xff0000
Sep 14 14:54:25 localhost kernel: pci 0000:00:11.1: [8086:a1ed] type 00 class 0xff0000
Sep 14 14:54:25 localhost kernel: pci 0000:00:11.5: [8086:a1d2] type 00 class 0x010601
Sep 14 14:54:25 localhost kernel: pci 0000:00:11.5: reg 0x10: [mem 0x96406000-0x96407fff]
Sep 14 14:54:25 localhost kernel: pci 0000:00:11.5: reg 0x14: [mem 0x9640c000-0x9640c0ff]
Sep 14 14:54:25 localhost kernel: pci 0000:00:11.5: reg 0x18: [io  0x1068-0x106f]
Sep 14 14:54:25 localhost kernel: pci 0000:00:11.5: reg 0x1c: [io  0x1074-0x1077]
Sep 14 14:54:25 localhost kernel: pci 0000:00:11.5: reg 0x20: [io  0x1040-0x105f]
Sep 14 14:54:25 localhost kernel: pci 0000:00:11.5: reg 0x24: [mem 0x96380000-0x963fffff]
Sep 14 14:54:25 localhost kernel: pci 0000:00:11.5: PME# supported from D3hot
Sep 14 14:54:25 localhost kernel: pci 0000:00:14.0: [8086:a1af] type 00 class 0x0c0330
Sep 14 14:54:25 localhost kernel: pci 0000:00:14.0: reg 0x10: [mem 0xd0ffff00000-0xd0ffff0ffff 64bit]
Sep 14 14:54:25 localhost kernel: pci 0000:00:14.0: PME# supported from D3hot D3cold
Sep 14 14:54:25 localhost kernel: pci 0000:00:14.2: [8086:a1b1] type 00 class 0x118000
Sep 14 14:54:25 localhost kernel: pci 0000:00:14.2: reg 0x10: [mem 0xd0ffff32000-0xd0ffff32fff 64bit]
Sep 14 14:54:25 localhost kernel: pci 0000:00:16.0: [8086:a1ba] type 00 class 0x078000
Sep 14 14:54:25 localhost kernel: pci 0000:00:16.0: reg 0x10: [mem 0x9640b000-0x9640bfff 64bit]
Sep 14 14:54:25 localhost kernel: pci 0000:00:16.0: PME# supported from D3hot
Sep 14 14:54:25 localhost kernel: pci 0000:00:16.1: [8086:a1bb] type 00 class 0x078000
Sep 14 14:54:25 localhost kernel: pci 0000:00:16.1: reg 0x10: [mem 0x9640a000-0x9640afff 64bit]
Sep 14 14:54:25 localhost kernel: pci 0000:00:16.1: PME# supported from D3hot
Sep 14 14:54:25 localhost kernel: pci 0000:00:16.4: [8086:a1be] type 00 class 0x078000
Sep 14 14:54:25 localhost kernel: pci 0000:00:16.4: reg 0x10: [mem 0xd0ffff31000-0xd0ffff31fff 64bit]
Sep 14 14:54:25 localhost kernel: pci 0000:00:16.4: PME# supported from D3hot
Sep 14 14:54:25 localhost kernel: pci 0000:00:17.0: [8086:a182] type 00 class 0x010601
Sep 14 14:54:25 localhost kernel: pci 0000:00:17.0: reg 0x10: [mem 0x96404000-0x96405fff]
Sep 14 14:54:25 localhost kernel: pci 0000:00:17.0: reg 0x14: [mem 0x96409000-0x964090ff]
Sep 14 14:54:25 localhost kernel: pci 0000:00:17.0: reg 0x18: [io  0x1060-0x1067]
Sep 14 14:54:25 localhost kernel: pci 0000:00:17.0: reg 0x1c: [io  0x1070-0x1073]
Sep 14 14:54:25 localhost kernel: pci 0000:00:17.0: reg 0x20: [io  0x1020-0x103f]
Sep 14 14:54:25 localhost kernel: pci 0000:00:17.0: reg 0x24: [mem 0x96300000-0x9637ffff]
Sep 14 14:54:25 localhost kernel: pci 0000:00:17.0: PME# supported from D3hot
Sep 14 14:54:25 localhost kernel: pci 0000:00:1c.0: [8086:a190] type 01 class 0x060400
Sep 14 14:54:25 localhost kernel: pci 0000:00:1c.0: PME# supported from D0 D3hot D3cold
Sep 14 14:54:25 localhost kernel: pci 0000:00:1c.4: [8086:a194] type 01 class 0x060400
Sep 14 14:54:25 localhost kernel: pci 0000:00:1c.4: PME# supported from D0 D3hot D3cold
Sep 14 14:54:25 localhost kernel: pci 0000:00:1c.5: [8086:a195] type 01 class 0x060400
Sep 14 14:54:25 localhost kernel: pci 0000:00:1c.5: PME# supported from D0 D3hot D3cold
Sep 14 14:54:25 localhost kernel: pci 0000:00:1f.0: [8086:a1c2] type 00 class 0x060100
Sep 14 14:54:25 localhost kernel: pci 0000:00:1f.2: [8086:a1a1] type 00 class 0x058000
Sep 14 14:54:25 localhost kernel: pci 0000:00:1f.2: reg 0x10: [mem 0x96400000-0x96403fff]
Sep 14 14:54:25 localhost kernel: pci 0000:00:1f.4: [8086:a1a3] type 00 class 0x0c0500
Sep 14 14:54:25 localhost kernel: pci 0000:00:1f.4: reg 0x10: [mem 0xd0ffff30000-0xd0ffff300ff 64bit]
Sep 14 14:54:25 localhost kernel: pci 0000:00:1f.4: reg 0x20: [io  0x1000-0x101f]
Sep 14 14:54:25 localhost kernel: pci 0000:00:1f.5: [8086:a1a4] type 00 class 0x0c8000
Sep 14 14:54:25 localhost kernel: pci 0000:00:1f.5: reg 0x10: [mem 0xfe010000-0xfe010fff]
Sep 14 14:54:25 localhost kernel: pci 0000:00:1c.0: PCI bridge to [bus 01]
Sep 14 14:54:25 localhost kernel: pci 0000:02:00.0: [19e5:1711] type 00 class 0x030000
Sep 14 14:54:25 localhost kernel: pci 0000:02:00.0: reg 0x10: [mem 0x94000000-0x95ffffff pref]
Sep 14 14:54:25 localhost kernel: pci 0000:02:00.0: reg 0x14: [mem 0x96000000-0x961fffff]
Sep 14 14:54:25 localhost kernel: pci 0000:02:00.0: supports D1
Sep 14 14:54:25 localhost kernel: pci 0000:02:00.0: PME# supported from D0 D1 D3hot
Sep 14 14:54:25 localhost kernel: pci 0000:00:1c.4: PCI bridge to [bus 02]
Sep 14 14:54:25 localhost kernel: pci 0000:00:1c.4:   bridge window [mem 0x96000000-0x961fffff]
Sep 14 14:54:25 localhost kernel: pci 0000:00:1c.4:   bridge window [mem 0x94000000-0x95ffffff 64bit pref]
Sep 14 14:54:25 localhost kernel: pci 0000:03:00.0: [19e5:1710] type 00 class 0x118000
Sep 14 14:54:25 localhost kernel: pci 0000:03:00.0: reg 0x10: [mem 0x90000000-0x93ffffff pref]
Sep 14 14:54:25 localhost kernel: pci 0000:03:00.0: reg 0x14: [mem 0x96200000-0x962fffff]
Sep 14 14:54:25 localhost kernel: pci 0000:03:00.0: supports D1
Sep 14 14:54:25 localhost kernel: pci 0000:03:00.0: PME# supported from D0 D1 D3hot
Sep 14 14:54:25 localhost kernel: pci 0000:00:1c.5: PCI bridge to [bus 03]
Sep 14 14:54:25 localhost kernel: pci 0000:00:1c.5:   bridge window [mem 0x96200000-0x962fffff]
Sep 14 14:54:25 localhost kernel: pci 0000:00:1c.5:   bridge window [mem 0x90000000-0x93ffffff 64bit pref]
Sep 14 14:54:25 localhost kernel: pci_bus 0000:00: on NUMA node 0
Sep 14 14:54:25 localhost kernel: ACPI: PCI Interrupt Link [LNKA] (IRQs 1 3 4 5 6 10 *11 12 14 15)
Sep 14 14:54:25 localhost kernel: ACPI: PCI Interrupt Link [LNKB] (IRQs 1 3 4 5 6 *10 11 12 14 15)
Sep 14 14:54:25 localhost kernel: ACPI: PCI Interrupt Link [LNKC] (IRQs 1 3 4 5 6 10 *11 12 14 15)
Sep 14 14:54:25 localhost kernel: ACPI: PCI Interrupt Link [LNKD] (IRQs 1 3 4 5 6 10 *11 12 14 15)
Sep 14 14:54:25 localhost kernel: ACPI: PCI Interrupt Link [LNKE] (IRQs 1 3 4 5 6 10 *11 12 14 15)
Sep 14 14:54:25 localhost kernel: ACPI: PCI Interrupt Link [LNKF] (IRQs 1 3 4 5 6 10 *11 12 14 15)
Sep 14 14:54:25 localhost kernel: ACPI: PCI Interrupt Link [LNKG] (IRQs 1 3 4 5 6 10 *11 12 14 15)
Sep 14 14:54:25 localhost kernel: ACPI: PCI Interrupt Link [LNKH] (IRQs 1 3 4 5 6 10 *11 12 14 15)
Sep 14 14:54:25 localhost kernel: ACPI: PCI Root Bridge [PC01] (domain 0000 [bus 17-39])
Sep 14 14:54:25 localhost kernel: acpi PNP0A08:01: _OSC: OS supports [ExtendedConfig ASPM ClockPM Segments MSI HPX-Type3]
Sep 14 14:54:25 localhost kernel: acpi PNP0A08:01: _OSC: platform does not support [SHPCHotplug AER LTR]
Sep 14 14:54:25 localhost kernel: acpi PNP0A08:01: _OSC: OS now controls [PCIeHotplug PME PCIeCapability]
Sep 14 14:54:25 localhost kernel: acpi PNP0A08:01: FADT indicates ASPM is unsupported, using BIOS configuration
Sep 14 14:54:25 localhost kernel: PCI host bridge to bus 0000:17
Sep 14 14:54:25 localhost kernel: pci_bus 0000:17: root bus resource [io  0x4000-0x5fff window]
Sep 14 14:54:25 localhost kernel: pci_bus 0000:17: root bus resource [mem 0x9d800000-0xaaffffff window]
Sep 14 14:54:25 localhost kernel: pci_bus 0000:17: root bus resource [mem 0xd1000000000-0xd1fffffffff window]
Sep 14 14:54:25 localhost kernel: pci_bus 0000:17: root bus resource [bus 17-39]
Sep 14 14:54:25 localhost kernel: pci 0000:17:00.0: [8086:2030] type 01 class 0x060400
Sep 14 14:54:25 localhost kernel: pci 0000:17:00.0: enabling Extended Tags
Sep 14 14:54:25 localhost kernel: pci 0000:17:00.0: PME# supported from D0 D3hot D3cold
Sep 14 14:54:25 localhost kernel: pci 0000:17:02.0: [8086:2032] type 01 class 0x060400
Sep 14 14:54:25 localhost kernel: pci 0000:17:02.0: PME# supported from D0 D3hot D3cold
Sep 14 14:54:25 localhost kernel: pci 0000:17:05.0: [8086:2034] type 00 class 0x088000
Sep 14 14:54:25 localhost kernel: pci 0000:17:05.2: [8086:2035] type 00 class 0x088000
Sep 14 14:54:25 localhost kernel: pci 0000:17:05.4: [8086:2036] type 00 class 0x080020
Sep 14 14:54:25 localhost kernel: pci 0000:17:05.4: reg 0x10: [mem 0xa3b00000-0xa3b00fff]
Sep 14 14:54:25 localhost kernel: pci 0000:17:08.0: [8086:208d] type 00 class 0x088000
Sep 14 14:54:25 localhost kernel: pci 0000:17:08.1: [8086:208d] type 00 class 0x088000
Sep 14 14:54:25 localhost kernel: pci 0000:17:08.2: [8086:208d] type 00 class 0x088000
Sep 14 14:54:25 localhost kernel: pci 0000:17:08.3: [8086:208d] type 00 class 0x088000
Sep 14 14:54:25 localhost kernel: pci 0000:17:08.4: [8086:208d] type 00 class 0x088000
Sep 14 14:54:25 localhost kernel: pci 0000:17:08.5: [8086:208d] type 00 class 0x088000
Sep 14 14:54:25 localhost kernel: pci 0000:17:08.6: [8086:208d] type 00 class 0x088000
Sep 14 14:54:25 localhost kernel: pci 0000:17:08.7: [8086:208d] type 00 class 0x088000
Sep 14 14:54:25 localhost kernel: pci 0000:17:09.0: [8086:208d] type 00 class 0x088000
Sep 14 14:54:25 localhost kernel: pci 0000:17:09.1: [8086:208d] type 00 class 0x088000
Sep 14 14:54:25 localhost kernel: pci 0000:17:09.2: [8086:208d] type 00 class 0x088000
Sep 14 14:54:25 localhost kernel: pci 0000:17:09.3: [8086:208d] type 00 class 0x088000
Sep 14 14:54:25 localhost kernel: pci 0000:17:09.4: [8086:208d] type 00 class 0x088000
Sep 14 14:54:25 localhost kernel: pci 0000:17:09.5: [8086:208d] type 00 class 0x088000
Sep 14 14:54:25 localhost kernel: pci 0000:17:09.6: [8086:208d] type 00 class 0x088000
Sep 14 14:54:25 localhost kernel: pci 0000:17:09.7: [8086:208d] type 00 class 0x088000
Sep 14 14:54:25 localhost kernel: pci 0000:17:0a.0: [8086:208d] type 00 class 0x088000
Sep 14 14:54:25 localhost kernel: pci 0000:17:0a.1: [8086:208d] type 00 class 0x088000
Sep 14 14:54:25 localhost kernel: pci 0000:17:0a.2: [8086:208d] type 00 class 0x088000
Sep 14 14:54:25 localhost kernel: pci 0000:17:0a.3: [8086:208d] type 00 class 0x088000
Sep 14 14:54:25 localhost kernel: pci 0000:17:0a.4: [8086:208d] type 00 class 0x088000
Sep 14 14:54:25 localhost kernel: pci 0000:17:0a.5: [8086:208d] type 00 class 0x088000
Sep 14 14:54:25 localhost kernel: pci 0000:17:0a.6: [8086:208d] type 00 class 0x088000
Sep 14 14:54:25 localhost kernel: pci 0000:17:0a.7: [8086:208d] type 00 class 0x088000
Sep 14 14:54:25 localhost kernel: pci 0000:17:0b.0: [8086:208d] type 00 class 0x088000
Sep 14 14:54:25 localhost kernel: pci 0000:17:0b.1: [8086:208d] type 00 class 0x088000
Sep 14 14:54:25 localhost kernel: pci 0000:17:0b.2: [8086:208d] type 00 class 0x088000
Sep 14 14:54:25 localhost kernel: pci 0000:17:0b.3: [8086:208d] type 00 class 0x088000
Sep 14 14:54:25 localhost kernel: pci 0000:17:0e.0: [8086:208e] type 00 class 0x088000
Sep 14 14:54:25 localhost kernel: pci 0000:17:0e.1: [8086:208e] type 00 class 0x088000
Sep 14 14:54:25 localhost kernel: pci 0000:17:0e.2: [8086:208e] type 00 class 0x088000
Sep 14 14:54:25 localhost kernel: pci 0000:17:0e.3: [8086:208e] type 00 class 0x088000
Sep 14 14:54:25 localhost kernel: pci 0000:17:0e.4: [8086:208e] type 00 class 0x088000
Sep 14 14:54:25 localhost kernel: pci 0000:17:0e.5: [8086:208e] type 00 class 0x088000
Sep 14 14:54:25 localhost kernel: pci 0000:17:0e.6: [8086:208e] type 00 class 0x088000
Sep 14 14:54:25 localhost kernel: pci 0000:17:0e.7: [8086:208e] type 00 class 0x088000
Sep 14 14:54:25 localhost kernel: pci 0000:17:0f.0: [8086:208e] type 00 class 0x088000
Sep 14 14:54:25 localhost kernel: pci 0000:17:0f.1: [8086:208e] type 00 class 0x088000
Sep 14 14:54:25 localhost kernel: pci 0000:17:0f.2: [8086:208e] type 00 class 0x088000
Sep 14 14:54:25 localhost kernel: pci 0000:17:0f.3: [8086:208e] type 00 class 0x088000
Sep 14 14:54:25 localhost kernel: pci 0000:17:0f.4: [8086:208e] type 00 class 0x088000
Sep 14 14:54:25 localhost kernel: pci 0000:17:0f.5: [8086:208e] type 00 class 0x088000
Sep 14 14:54:25 localhost kernel: pci 0000:17:0f.6: [8086:208e] type 00 class 0x088000
Sep 14 14:54:25 localhost kernel: pci 0000:17:0f.7: [8086:208e] type 00 class 0x088000
Sep 14 14:54:25 localhost kernel: pci 0000:17:10.0: [8086:208e] type 00 class 0x088000
Sep 14 14:54:25 localhost kernel: pci 0000:17:10.1: [8086:208e] type 00 class 0x088000
Sep 14 14:54:25 localhost kernel: pci 0000:17:10.2: [8086:208e] type 00 class 0x088000
Sep 14 14:54:25 localhost kernel: pci 0000:17:10.3: [8086:208e] type 00 class 0x088000
Sep 14 14:54:25 localhost kernel: pci 0000:17:10.4: [8086:208e] type 00 class 0x088000
Sep 14 14:54:25 localhost kernel: pci 0000:17:10.5: [8086:208e] type 00 class 0x088000
Sep 14 14:54:25 localhost kernel: pci 0000:17:10.6: [8086:208e] type 00 class 0x088000
Sep 14 14:54:25 localhost kernel: pci 0000:17:10.7: [8086:208e] type 00 class 0x088000
Sep 14 14:54:25 localhost kernel: pci 0000:17:11.0: [8086:208e] type 00 class 0x088000
Sep 14 14:54:25 localhost kernel: pci 0000:17:11.1: [8086:208e] type 00 class 0x088000
Sep 14 14:54:25 localhost kernel: pci 0000:17:11.2: [8086:208e] type 00 class 0x088000
Sep 14 14:54:25 localhost kernel: pci 0000:17:11.3: [8086:208e] type 00 class 0x088000
Sep 14 14:54:25 localhost kernel: pci 0000:17:1d.0: [8086:2054] type 00 class 0x088000
Sep 14 14:54:25 localhost kernel: pci 0000:17:1d.1: [8086:2055] type 00 class 0x088000
Sep 14 14:54:25 localhost kernel: pci 0000:17:1d.2: [8086:2056] type 00 class 0x088000
Sep 14 14:54:25 localhost kernel: pci 0000:17:1d.3: [8086:2057] type 00 class 0x088000
Sep 14 14:54:25 localhost kernel: pci 0000:17:1e.0: [8086:2080] type 00 class 0x088000
Sep 14 14:54:25 localhost kernel: pci 0000:17:1e.1: [8086:2081] type 00 class 0x088000
Sep 14 14:54:25 localhost kernel: pci 0000:17:1e.2: [8086:2082] type 00 class 0x088000
Sep 14 14:54:25 localhost kernel: pci 0000:17:1e.3: [8086:2083] type 00 class 0x088000
Sep 14 14:54:25 localhost kernel: pci 0000:17:1e.4: [8086:2084] type 00 class 0x088000
Sep 14 14:54:25 localhost kernel: pci 0000:17:1e.5: [8086:2085] type 00 class 0x088000
Sep 14 14:54:25 localhost kernel: pci 0000:17:1e.6: [8086:2086] type 00 class 0x088000
Sep 14 14:54:25 localhost kernel: pci 0000:18:00.0: [8086:37c0] type 01 class 0x060400
Sep 14 14:54:25 localhost kernel: pci 0000:18:00.0: reg 0x10: [mem 0xa3a00000-0xa3a1ffff 64bit]
Sep 14 14:54:25 localhost kernel: pci 0000:18:00.0: reg 0x38: [mem 0xa3900000-0xa39fffff pref]
Sep 14 14:54:25 localhost kernel: pci 0000:18:00.0: PME# supported from D0 D3hot D3cold
Sep 14 14:54:25 localhost kernel: pci 0000:17:00.0: PCI bridge to [bus 18-1b]
Sep 14 14:54:25 localhost kernel: pci 0000:17:00.0:   bridge window [mem 0xa3700000-0xa3afffff]
Sep 14 14:54:25 localhost kernel: pci 0000:17:00.0:   bridge window [mem 0x9e000000-0xa32fffff 64bit pref]
Sep 14 14:54:25 localhost kernel: pci 0000:19:03.0: [8086:37c5] type 01 class 0x060400
Sep 14 14:54:25 localhost kernel: pci 0000:19:03.0: PME# supported from D0 D3hot D3cold
Sep 14 14:54:25 localhost kernel: pci 0000:18:00.0: PCI bridge to [bus 19-1b]
Sep 14 14:54:25 localhost kernel: pci 0000:18:00.0:   bridge window [mem 0xa3700000-0xa38fffff]
Sep 14 14:54:25 localhost kernel: pci 0000:18:00.0:   bridge window [mem 0x9e000000-0xa32fffff 64bit pref]
Sep 14 14:54:25 localhost kernel: pci 0000:1a:00.0: [8086:37d0] type 00 class 0x020000
Sep 14 14:54:25 localhost kernel: pci 0000:1a:00.0: reg 0x10: [mem 0xa1000000-0xa1ffffff 64bit pref]
Sep 14 14:54:25 localhost kernel: pci 0000:1a:00.0: reg 0x1c: [mem 0xa3018000-0xa301ffff 64bit pref]
Sep 14 14:54:25 localhost kernel: pci 0000:1a:00.0: reg 0x30: [mem 0xa3880000-0xa38fffff pref]
Sep 14 14:54:25 localhost kernel: pci 0000:1a:00.0: enabling Extended Tags
Sep 14 14:54:25 localhost kernel: pci 0000:1a:00.0: PME# supported from D0 D3hot D3cold
Sep 14 14:54:25 localhost kernel: pci 0000:1a:00.0: reg 0x184: [mem 0xa2c00000-0xa2c1ffff 64bit pref]
Sep 14 14:54:25 localhost kernel: pci 0000:1a:00.0: VF(n) BAR0 space: [mem 0xa2c00000-0xa2ffffff 64bit pref] (contains BAR0 for 32 VFs)
Sep 14 14:54:25 localhost kernel: pci 0000:1a:00.0: reg 0x190: [mem 0xa31a0000-0xa31a3fff 64bit pref]
Sep 14 14:54:25 localhost kernel: pci 0000:1a:00.0: VF(n) BAR3 space: [mem 0xa31a0000-0xa321ffff 64bit pref] (contains BAR3 for 32 VFs)
Sep 14 14:54:25 localhost kernel: pci 0000:1a:00.1: [8086:37d0] type 00 class 0x020000
Sep 14 14:54:25 localhost kernel: pci 0000:1a:00.1: reg 0x10: [mem 0xa0000000-0xa0ffffff 64bit pref]
Sep 14 14:54:25 localhost kernel: pci 0000:1a:00.1: reg 0x1c: [mem 0xa3010000-0xa3017fff 64bit pref]
Sep 14 14:54:25 localhost kernel: pci 0000:1a:00.1: reg 0x30: [mem 0xa3800000-0xa387ffff pref]
Sep 14 14:54:25 localhost kernel: pci 0000:1a:00.1: enabling Extended Tags
Sep 14 14:54:25 localhost kernel: pci 0000:1a:00.1: PME# supported from D0 D3hot D3cold
Sep 14 14:54:25 localhost kernel: pci 0000:1a:00.1: reg 0x184: [mem 0xa2800000-0xa281ffff 64bit pref]
Sep 14 14:54:25 localhost kernel: pci 0000:1a:00.1: VF(n) BAR0 space: [mem 0xa2800000-0xa2bfffff 64bit pref] (contains BAR0 for 32 VFs)
Sep 14 14:54:25 localhost kernel: pci 0000:1a:00.1: reg 0x190: [mem 0xa3120000-0xa3123fff 64bit pref]
Sep 14 14:54:25 localhost kernel: pci 0000:1a:00.1: VF(n) BAR3 space: [mem 0xa3120000-0xa319ffff 64bit pref] (contains BAR3 for 32 VFs)
Sep 14 14:54:25 localhost kernel: pci 0000:1a:00.2: [8086:37d1] type 00 class 0x020000
Sep 14 14:54:25 localhost kernel: pci 0000:1a:00.2: reg 0x10: [mem 0x9f000000-0x9fffffff 64bit pref]
Sep 14 14:54:25 localhost kernel: pci 0000:1a:00.2: reg 0x1c: [mem 0xa3008000-0xa300ffff 64bit pref]
Sep 14 14:54:25 localhost kernel: pci 0000:1a:00.2: reg 0x30: [mem 0xa3780000-0xa37fffff pref]
Sep 14 14:54:25 localhost kernel: pci 0000:1a:00.2: enabling Extended Tags
Sep 14 14:54:25 localhost kernel: pci 0000:1a:00.2: PME# supported from D0 D3hot D3cold
Sep 14 14:54:25 localhost kernel: pci 0000:1a:00.2: reg 0x184: [mem 0xa2400000-0xa241ffff 64bit pref]
Sep 14 14:54:25 localhost kernel: pci 0000:1a:00.2: VF(n) BAR0 space: [mem 0xa2400000-0xa27fffff 64bit pref] (contains BAR0 for 32 VFs)
Sep 14 14:54:25 localhost kernel: pci 0000:1a:00.2: reg 0x190: [mem 0xa30a0000-0xa30a3fff 64bit pref]
Sep 14 14:54:25 localhost kernel: pci 0000:1a:00.2: VF(n) BAR3 space: [mem 0xa30a0000-0xa311ffff 64bit pref] (contains BAR3 for 32 VFs)
Sep 14 14:54:25 localhost kernel: pci 0000:1a:00.3: [8086:37d1] type 00 class 0x020000
Sep 14 14:54:25 localhost kernel: pci 0000:1a:00.3: reg 0x10: [mem 0x9e000000-0x9effffff 64bit pref]
Sep 14 14:54:25 localhost kernel: pci 0000:1a:00.3: reg 0x1c: [mem 0xa3000000-0xa3007fff 64bit pref]
Sep 14 14:54:25 localhost kernel: pci 0000:1a:00.3: reg 0x30: [mem 0xa3700000-0xa377ffff pref]
Sep 14 14:54:25 localhost kernel: pci 0000:1a:00.3: enabling Extended Tags
Sep 14 14:54:25 localhost kernel: pci 0000:1a:00.3: PME# supported from D0 D3hot D3cold
Sep 14 14:54:25 localhost kernel: pci 0000:1a:00.3: reg 0x184: [mem 0xa2000000-0xa201ffff 64bit pref]
Sep 14 14:54:25 localhost kernel: pci 0000:1a:00.3: VF(n) BAR0 space: [mem 0xa2000000-0xa23fffff 64bit pref] (contains BAR0 for 32 VFs)
Sep 14 14:54:25 localhost kernel: pci 0000:1a:00.3: reg 0x190: [mem 0xa3020000-0xa3023fff 64bit pref]
Sep 14 14:54:25 localhost kernel: pci 0000:1a:00.3: VF(n) BAR3 space: [mem 0xa3020000-0xa309ffff 64bit pref] (contains BAR3 for 32 VFs)
Sep 14 14:54:25 localhost kernel: pci 0000:19:03.0: PCI bridge to [bus 1a-1b]
Sep 14 14:54:25 localhost kernel: pci 0000:19:03.0:   bridge window [mem 0xa3700000-0xa38fffff]
Sep 14 14:54:25 localhost kernel: pci 0000:19:03.0:   bridge window [mem 0x9e000000-0xa32fffff 64bit pref]
Sep 14 14:54:25 localhost kernel: pci 0000:1c:00.0: [1000:00ac] type 00 class 0x010700
Sep 14 14:54:25 localhost kernel: pci 0000:1c:00.0: reg 0x10: [mem 0xa3300000-0xa33fffff 64bit pref]
Sep 14 14:54:25 localhost kernel: pci 0000:1c:00.0: reg 0x18: [mem 0xa3400000-0xa34fffff 64bit pref]
Sep 14 14:54:25 localhost kernel: pci 0000:1c:00.0: reg 0x20: [mem 0xa3500000-0xa35fffff]
Sep 14 14:54:25 localhost kernel: pci 0000:1c:00.0: reg 0x24: [io  0x4000-0x40ff]
Sep 14 14:54:25 localhost kernel: pci 0000:1c:00.0: reg 0x30: [mem 0xa3600000-0xa363ffff pref]
Sep 14 14:54:25 localhost kernel: pci 0000:1c:00.0: supports D1 D2
Sep 14 14:54:25 localhost kernel: pci 0000:17:02.0: PCI bridge to [bus 1c]
Sep 14 14:54:25 localhost kernel: pci 0000:17:02.0:   bridge window [io  0x4000-0x4fff]
Sep 14 14:54:25 localhost kernel: pci 0000:17:02.0:   bridge window [mem 0xa3500000-0xa36fffff]
Sep 14 14:54:25 localhost kernel: pci 0000:17:02.0:   bridge window [mem 0xa3300000-0xa34fffff 64bit pref]
Sep 14 14:54:25 localhost kernel: pci_bus 0000:17: on NUMA node 0
Sep 14 14:54:25 localhost kernel: ACPI: PCI Root Bridge [PC02] (domain 0000 [bus 3a-5c])
Sep 14 14:54:25 localhost kernel: acpi PNP0A08:02: _OSC: OS supports [ExtendedConfig ASPM ClockPM Segments MSI HPX-Type3]
Sep 14 14:54:25 localhost kernel: acpi PNP0A08:02: _OSC: platform does not support [SHPCHotplug AER LTR]
Sep 14 14:54:25 localhost kernel: acpi PNP0A08:02: _OSC: OS now controls [PCIeHotplug PME PCIeCapability]
Sep 14 14:54:25 localhost kernel: acpi PNP0A08:02: FADT indicates ASPM is unsupported, using BIOS configuration
Sep 14 14:54:25 localhost kernel: PCI host bridge to bus 0000:3a
Sep 14 14:54:25 localhost kernel: pci_bus 0000:3a: root bus resource [io  0x6000-0x7fff window]
Sep 14 14:54:25 localhost kernel: pci_bus 0000:3a: root bus resource [mem 0xab000000-0xb87fffff window]
Sep 14 14:54:25 localhost kernel: pci_bus 0000:3a: root bus resource [mem 0xd2000000000-0xd2fffffffff window]
Sep 14 14:54:25 localhost kernel: pci_bus 0000:3a: root bus resource [bus 3a-5c]
Sep 14 14:54:25 localhost kernel: pci 0000:3a:05.0: [8086:2034] type 00 class 0x088000
Sep 14 14:54:25 localhost kernel: pci 0000:3a:05.2: [8086:2035] type 00 class 0x088000
Sep 14 14:54:25 localhost kernel: pci 0000:3a:05.4: [8086:2036] type 00 class 0x080020
Sep 14 14:54:25 localhost kernel: pci 0000:3a:05.4: reg 0x10: [mem 0xab000000-0xab000fff]
Sep 14 14:54:25 localhost kernel: pci 0000:3a:08.0: [8086:2066] type 00 class 0x088000
Sep 14 14:54:25 localhost kernel: pci 0000:3a:09.0: [8086:2066] type 00 class 0x088000
Sep 14 14:54:25 localhost kernel: pci 0000:3a:0a.0: [8086:2040] type 00 class 0x088000
Sep 14 14:54:25 localhost kernel: pci 0000:3a:0a.1: [8086:2041] type 00 class 0x088000
Sep 14 14:54:25 localhost kernel: pci 0000:3a:0a.2: [8086:2042] type 00 class 0x088000
Sep 14 14:54:25 localhost kernel: pci 0000:3a:0a.3: [8086:2043] type 00 class 0x088000
Sep 14 14:54:25 localhost kernel: pci 0000:3a:0a.4: [8086:2044] type 00 class 0x088000
Sep 14 14:54:25 localhost kernel: pci 0000:3a:0a.5: [8086:2045] type 00 class 0x088000
Sep 14 14:54:25 localhost kernel: pci 0000:3a:0a.6: [8086:2046] type 00 class 0x088000
Sep 14 14:54:25 localhost kernel: pci 0000:3a:0a.7: [8086:2047] type 00 class 0x088000
Sep 14 14:54:25 localhost kernel: pci 0000:3a:0b.0: [8086:2048] type 00 class 0x088000
Sep 14 14:54:25 localhost kernel: pci 0000:3a:0b.1: [8086:2049] type 00 class 0x088000
Sep 14 14:54:25 localhost kernel: pci 0000:3a:0b.2: [8086:204a] type 00 class 0x088000
Sep 14 14:54:25 localhost kernel: pci 0000:3a:0b.3: [8086:204b] type 00 class 0x088000
Sep 14 14:54:25 localhost kernel: pci 0000:3a:0c.0: [8086:2040] type 00 class 0x088000
Sep 14 14:54:25 localhost kernel: pci 0000:3a:0c.1: [8086:2041] type 00 class 0x088000
Sep 14 14:54:25 localhost kernel: pci 0000:3a:0c.2: [8086:2042] type 00 class 0x088000
Sep 14 14:54:25 localhost kernel: pci 0000:3a:0c.3: [8086:2043] type 00 class 0x088000
Sep 14 14:54:25 localhost kernel: pci 0000:3a:0c.4: [8086:2044] type 00 class 0x088000
Sep 14 14:54:25 localhost kernel: pci 0000:3a:0c.5: [8086:2045] type 00 class 0x088000
Sep 14 14:54:25 localhost kernel: pci 0000:3a:0c.6: [8086:2046] type 00 class 0x088000
Sep 14 14:54:25 localhost kernel: pci 0000:3a:0c.7: [8086:2047] type 00 class 0x088000
Sep 14 14:54:25 localhost kernel: pci 0000:3a:0d.0: [8086:2048] type 00 class 0x088000
Sep 14 14:54:25 localhost kernel: pci 0000:3a:0d.1: [8086:2049] type 00 class 0x088000
Sep 14 14:54:25 localhost kernel: pci 0000:3a:0d.2: [8086:204a] type 00 class 0x088000
Sep 14 14:54:25 localhost kernel: pci 0000:3a:0d.3: [8086:204b] type 00 class 0x088000
Sep 14 14:54:25 localhost kernel: pci_bus 0000:3a: on NUMA node 0
Sep 14 14:54:25 localhost kernel: ACPI: PCI Root Bridge [PC03] (domain 0000 [bus 5d-7f])
Sep 14 14:54:25 localhost kernel: acpi PNP0A08:03: _OSC: OS supports [ExtendedConfig ASPM ClockPM Segments MSI HPX-Type3]
Sep 14 14:54:25 localhost kernel: acpi PNP0A08:03: _OSC: platform does not support [SHPCHotplug AER LTR]
Sep 14 14:54:25 localhost kernel: acpi PNP0A08:03: _OSC: OS now controls [PCIeHotplug PME PCIeCapability]
Sep 14 14:54:25 localhost kernel: acpi PNP0A08:03: FADT indicates ASPM is unsupported, using BIOS configuration
Sep 14 14:54:25 localhost kernel: PCI host bridge to bus 0000:5d
Sep 14 14:54:25 localhost kernel: pci_bus 0000:5d: root bus resource [io  0x8000-0x8fff window]
Sep 14 14:54:25 localhost kernel: pci_bus 0000:5d: root bus resource [mem 0xb8800000-0xc5ffffff window]
Sep 14 14:54:25 localhost kernel: pci_bus 0000:5d: root bus resource [mem 0xd3000000000-0xd3fffffffff window]
Sep 14 14:54:25 localhost kernel: pci_bus 0000:5d: root bus resource [bus 5d-7f]
Sep 14 14:54:25 localhost kernel: pci 0000:5d:00.0: [8086:2030] type 01 class 0x060400
Sep 14 14:54:25 localhost kernel: pci 0000:5d:00.0: PME# supported from D0 D3hot D3cold
Sep 14 14:54:25 localhost kernel: pci 0000:5d:05.0: [8086:2034] type 00 class 0x088000
Sep 14 14:54:25 localhost kernel: pci 0000:5d:05.2: [8086:2035] type 00 class 0x088000
Sep 14 14:54:25 localhost kernel: pci 0000:5d:05.4: [8086:2036] type 00 class 0x080020
Sep 14 14:54:25 localhost kernel: pci 0000:5d:05.4: reg 0x10: [mem 0xb8c00000-0xb8c00fff]
Sep 14 14:54:25 localhost kernel: pci 0000:5d:0e.0: [8086:2058] type 00 class 0x110100
Sep 14 14:54:25 localhost kernel: pci 0000:5d:0e.1: [8086:2059] type 00 class 0x088000
Sep 14 14:54:25 localhost kernel: pci 0000:5d:0f.0: [8086:2058] type 00 class 0x110100
Sep 14 14:54:25 localhost kernel: pci 0000:5d:0f.1: [8086:2059] type 00 class 0x088000
Sep 14 14:54:25 localhost kernel: pci 0000:5d:10.0: [8086:2058] type 00 class 0x110100
Sep 14 14:54:25 localhost kernel: pci 0000:5d:10.1: [8086:2059] type 00 class 0x088000
Sep 14 14:54:25 localhost kernel: pci 0000:5d:12.0: [8086:204c] type 00 class 0x110100
Sep 14 14:54:25 localhost kernel: pci 0000:5d:12.1: [8086:204d] type 00 class 0x110100
Sep 14 14:54:25 localhost kernel: pci 0000:5d:12.2: [8086:204e] type 00 class 0x088000
Sep 14 14:54:25 localhost kernel: pci 0000:5d:12.4: [8086:204c] type 00 class 0x110100
Sep 14 14:54:25 localhost kernel: pci 0000:5d:12.5: [8086:204d] type 00 class 0x110100
Sep 14 14:54:25 localhost kernel: pci 0000:5d:15.0: [8086:2018] type 00 class 0x088000
Sep 14 14:54:25 localhost kernel: pci 0000:5d:16.0: [8086:2018] type 00 class 0x088000
Sep 14 14:54:25 localhost kernel: pci 0000:5d:16.4: [8086:2018] type 00 class 0x088000
Sep 14 14:54:25 localhost kernel: pci 0000:5d:17.0: [8086:2018] type 00 class 0x088000
Sep 14 14:54:25 localhost kernel: pci 0000:5e:00.0: [1000:0017] type 00 class 0x010400
Sep 14 14:54:25 localhost kernel: pci 0000:5e:00.0: reg 0x10: [mem 0xb8800000-0xb88fffff 64bit pref]
Sep 14 14:54:25 localhost kernel: pci 0000:5e:00.0: reg 0x18: [mem 0xb8900000-0xb89fffff 64bit pref]
Sep 14 14:54:25 localhost kernel: pci 0000:5e:00.0: reg 0x20: [mem 0xb8b00000-0xb8bfffff]
Sep 14 14:54:25 localhost kernel: pci 0000:5e:00.0: reg 0x24: [io  0x8000-0x80ff]
Sep 14 14:54:25 localhost kernel: pci 0000:5e:00.0: reg 0x30: [mem 0xb8a00000-0xb8afffff pref]
Sep 14 14:54:25 localhost kernel: pci 0000:5e:00.0: supports D1 D2
Sep 14 14:54:25 localhost kernel: pci 0000:5d:00.0: PCI bridge to [bus 5e]
Sep 14 14:54:25 localhost kernel: pci 0000:5d:00.0:   bridge window [io  0x8000-0x8fff]
Sep 14 14:54:25 localhost kernel: pci 0000:5d:00.0:   bridge window [mem 0xb8a00000-0xb8bfffff]
Sep 14 14:54:25 localhost kernel: pci 0000:5d:00.0:   bridge window [mem 0xb8800000-0xb89fffff 64bit pref]
Sep 14 14:54:25 localhost kernel: pci_bus 0000:5d: on NUMA node 0
Sep 14 14:54:25 localhost kernel: ACPI: PCI Root Bridge [PC06] (domain 0000 [bus 80-84])
Sep 14 14:54:25 localhost kernel: acpi PNP0A08:08: _OSC: OS supports [ExtendedConfig ASPM ClockPM Segments MSI HPX-Type3]
Sep 14 14:54:25 localhost kernel: acpi PNP0A08:08: _OSC: platform does not support [SHPCHotplug AER LTR]
Sep 14 14:54:25 localhost kernel: acpi PNP0A08:08: _OSC: OS now controls [PCIeHotplug PME PCIeCapability]
Sep 14 14:54:25 localhost kernel: acpi PNP0A08:08: FADT indicates ASPM is unsupported, using BIOS configuration
Sep 14 14:54:25 localhost kernel: acpi PNP0A08:08: host bridge window [io  0x0000 window] (ignored, not CPU addressable)
Sep 14 14:54:25 localhost kernel: PCI host bridge to bus 0000:80
Sep 14 14:54:25 localhost kernel: pci_bus 0000:80: root bus resource [mem 0xc6000000-0xd37fffff window]
Sep 14 14:54:25 localhost kernel: pci_bus 0000:80: root bus resource [mem 0xd4000000000-0xd4fffffffff window]
Sep 14 14:54:25 localhost kernel: pci_bus 0000:80: root bus resource [bus 80-84]
Sep 14 14:54:25 localhost kernel: pci 0000:80:04.0: [8086:2021] type 00 class 0x088000
Sep 14 14:54:25 localhost kernel: pci 0000:80:04.0: reg 0x10: [mem 0xd4ffff1c000-0xd4ffff1ffff 64bit]
Sep 14 14:54:25 localhost kernel: pci 0000:80:04.1: [8086:2021] type 00 class 0x088000
Sep 14 14:54:25 localhost kernel: pci 0000:80:04.1: reg 0x10: [mem 0xd4ffff18000-0xd4ffff1bfff 64bit]
Sep 14 14:54:25 localhost kernel: pci 0000:80:04.2: [8086:2021] type 00 class 0x088000
Sep 14 14:54:25 localhost kernel: pci 0000:80:04.2: reg 0x10: [mem 0xd4ffff14000-0xd4ffff17fff 64bit]
Sep 14 14:54:25 localhost kernel: pci 0000:80:04.3: [8086:2021] type 00 class 0x088000
Sep 14 14:54:25 localhost kernel: pci 0000:80:04.3: reg 0x10: [mem 0xd4ffff10000-0xd4ffff13fff 64bit]
Sep 14 14:54:25 localhost kernel: pci 0000:80:04.4: [8086:2021] type 00 class 0x088000
Sep 14 14:54:25 localhost kernel: pci 0000:80:04.4: reg 0x10: [mem 0xd4ffff0c000-0xd4ffff0ffff 64bit]
Sep 14 14:54:25 localhost kernel: pci 0000:80:04.5: [8086:2021] type 00 class 0x088000
Sep 14 14:54:25 localhost kernel: pci 0000:80:04.5: reg 0x10: [mem 0xd4ffff08000-0xd4ffff0bfff 64bit]
Sep 14 14:54:25 localhost kernel: pci 0000:80:04.6: [8086:2021] type 00 class 0x088000
Sep 14 14:54:25 localhost kernel: pci 0000:80:04.6: reg 0x10: [mem 0xd4ffff04000-0xd4ffff07fff 64bit]
Sep 14 14:54:25 localhost kernel: pci 0000:80:04.7: [8086:2021] type 00 class 0x088000
Sep 14 14:54:25 localhost kernel: pci 0000:80:04.7: reg 0x10: [mem 0xd4ffff00000-0xd4ffff03fff 64bit]
Sep 14 14:54:25 localhost kernel: pci 0000:80:05.0: [8086:2024] type 00 class 0x088000
Sep 14 14:54:25 localhost kernel: pci 0000:80:05.2: [8086:2025] type 00 class 0x088000
Sep 14 14:54:25 localhost kernel: pci 0000:80:05.4: [8086:2026] type 00 class 0x080020
Sep 14 14:54:25 localhost kernel: pci 0000:80:05.4: reg 0x10: [mem 0xc6000000-0xc6000fff]
Sep 14 14:54:25 localhost kernel: pci 0000:80:08.0: [8086:2014] type 00 class 0x088000
Sep 14 14:54:25 localhost kernel: pci 0000:80:08.1: [8086:2015] type 00 class 0x110100
Sep 14 14:54:25 localhost kernel: pci 0000:80:08.2: [8086:2016] type 00 class 0x088000
Sep 14 14:54:25 localhost kernel: pci_bus 0000:80: on NUMA node 1
Sep 14 14:54:25 localhost kernel: ACPI: PCI Root Bridge [PC07] (domain 0000 [bus 85-ad])
Sep 14 14:54:25 localhost kernel: acpi PNP0A08:09: _OSC: OS supports [ExtendedConfig ASPM ClockPM Segments MSI HPX-Type3]
Sep 14 14:54:25 localhost kernel: acpi PNP0A08:09: _OSC: platform does not support [SHPCHotplug AER LTR]
Sep 14 14:54:25 localhost kernel: acpi PNP0A08:09: _OSC: OS now controls [PCIeHotplug PME PCIeCapability]
Sep 14 14:54:25 localhost kernel: acpi PNP0A08:09: FADT indicates ASPM is unsupported, using BIOS configuration
Sep 14 14:54:25 localhost kernel: PCI host bridge to bus 0000:85
Sep 14 14:54:25 localhost kernel: pci_bus 0000:85: root bus resource [io  0x9000-0xafff window]
Sep 14 14:54:25 localhost kernel: pci_bus 0000:85: root bus resource [mem 0xd3800000-0xe0ffffff window]
Sep 14 14:54:25 localhost kernel: pci_bus 0000:85: root bus resource [mem 0xd5000000000-0xd5fffffffff window]
Sep 14 14:54:25 localhost kernel: pci_bus 0000:85: root bus resource [bus 85-ad]
Sep 14 14:54:25 localhost kernel: pci 0000:85:00.0: [8086:2030] type 01 class 0x060400
Sep 14 14:54:25 localhost kernel: pci 0000:85:00.0: PME# supported from D0 D3hot D3cold
Sep 14 14:54:25 localhost kernel: pci 0000:85:05.0: [8086:2034] type 00 class 0x088000
Sep 14 14:54:25 localhost kernel: pci 0000:85:05.2: [8086:2035] type 00 class 0x088000
Sep 14 14:54:25 localhost kernel: pci 0000:85:05.4: [8086:2036] type 00 class 0x080020
Sep 14 14:54:25 localhost kernel: pci 0000:85:05.4: reg 0x10: [mem 0xd8200000-0xd8200fff]
Sep 14 14:54:25 localhost kernel: pci 0000:85:08.0: [8086:208d] type 00 class 0x088000
Sep 14 14:54:25 localhost kernel: pci 0000:85:08.1: [8086:208d] type 00 class 0x088000
Sep 14 14:54:25 localhost kernel: pci 0000:85:08.2: [8086:208d] type 00 class 0x088000
Sep 14 14:54:25 localhost kernel: pci 0000:85:08.3: [8086:208d] type 00 class 0x088000
Sep 14 14:54:25 localhost kernel: pci 0000:85:08.4: [8086:208d] type 00 class 0x088000
Sep 14 14:54:25 localhost kernel: pci 0000:85:08.5: [8086:208d] type 00 class 0x088000
Sep 14 14:54:25 localhost kernel: pci 0000:85:08.6: [8086:208d] type 00 class 0x088000
Sep 14 14:54:25 localhost kernel: pci 0000:85:08.7: [8086:208d] type 00 class 0x088000
Sep 14 14:54:25 localhost kernel: pci 0000:85:09.0: [8086:208d] type 00 class 0x088000
Sep 14 14:54:25 localhost kernel: pci 0000:85:09.1: [8086:208d] type 00 class 0x088000
Sep 14 14:54:25 localhost kernel: pci 0000:85:09.2: [8086:208d] type 00 class 0x088000
Sep 14 14:54:25 localhost kernel: pci 0000:85:09.3: [8086:208d] type 00 class 0x088000
Sep 14 14:54:25 localhost kernel: pci 0000:85:09.4: [8086:208d] type 00 class 0x088000
Sep 14 14:54:25 localhost kernel: pci 0000:85:09.5: [8086:208d] type 00 class 0x088000
Sep 14 14:54:25 localhost kernel: pci 0000:85:09.6: [8086:208d] type 00 class 0x088000
Sep 14 14:54:25 localhost kernel: pci 0000:85:09.7: [8086:208d] type 00 class 0x088000
Sep 14 14:54:25 localhost kernel: pci 0000:85:0a.0: [8086:208d] type 00 class 0x088000
Sep 14 14:54:25 localhost kernel: pci 0000:85:0a.1: [8086:208d] type 00 class 0x088000
Sep 14 14:54:25 localhost kernel: pci 0000:85:0a.2: [8086:208d] type 00 class 0x088000
Sep 14 14:54:25 localhost kernel: pci 0000:85:0a.3: [8086:208d] type 00 class 0x088000
Sep 14 14:54:25 localhost kernel: pci 0000:85:0a.4: [8086:208d] type 00 class 0x088000
Sep 14 14:54:25 localhost kernel: pci 0000:85:0a.5: [8086:208d] type 00 class 0x088000
Sep 14 14:54:25 localhost kernel: pci 0000:85:0a.6: [8086:208d] type 00 class 0x088000
Sep 14 14:54:25 localhost kernel: pci 0000:85:0a.7: [8086:208d] type 00 class 0x088000
Sep 14 14:54:25 localhost kernel: pci 0000:85:0b.0: [8086:208d] type 00 class 0x088000
Sep 14 14:54:25 localhost kernel: pci 0000:85:0b.1: [8086:208d] type 00 class 0x088000
Sep 14 14:54:25 localhost kernel: pci 0000:85:0b.2: [8086:208d] type 00 class 0x088000
Sep 14 14:54:25 localhost kernel: pci 0000:85:0b.3: [8086:208d] type 00 class 0x088000
Sep 14 14:54:25 localhost kernel: pci 0000:85:0e.0: [8086:208e] type 00 class 0x088000
Sep 14 14:54:25 localhost kernel: pci 0000:85:0e.1: [8086:208e] type 00 class 0x088000
Sep 14 14:54:25 localhost kernel: pci 0000:85:0e.2: [8086:208e] type 00 class 0x088000
Sep 14 14:54:25 localhost kernel: pci 0000:85:0e.3: [8086:208e] type 00 class 0x088000
Sep 14 14:54:25 localhost kernel: pci 0000:85:0e.4: [8086:208e] type 00 class 0x088000
Sep 14 14:54:25 localhost kernel: pci 0000:85:0e.5: [8086:208e] type 00 class 0x088000
Sep 14 14:54:25 localhost kernel: pci 0000:85:0e.6: [8086:208e] type 00 class 0x088000
Sep 14 14:54:25 localhost kernel: pci 0000:85:0e.7: [8086:208e] type 00 class 0x088000
Sep 14 14:54:25 localhost kernel: pci 0000:85:0f.0: [8086:208e] type 00 class 0x088000
Sep 14 14:54:25 localhost kernel: pci 0000:85:0f.1: [8086:208e] type 00 class 0x088000
Sep 14 14:54:25 localhost kernel: pci 0000:85:0f.2: [8086:208e] type 00 class 0x088000
Sep 14 14:54:25 localhost kernel: pci 0000:85:0f.3: [8086:208e] type 00 class 0x088000
Sep 14 14:54:25 localhost kernel: pci 0000:85:0f.4: [8086:208e] type 00 class 0x088000
Sep 14 14:54:25 localhost kernel: pci 0000:85:0f.5: [8086:208e] type 00 class 0x088000
Sep 14 14:54:25 localhost kernel: pci 0000:85:0f.6: [8086:208e] type 00 class 0x088000
Sep 14 14:54:25 localhost kernel: pci 0000:85:0f.7: [8086:208e] type 00 class 0x088000
Sep 14 14:54:25 localhost kernel: pci 0000:85:10.0: [8086:208e] type 00 class 0x088000
Sep 14 14:54:25 localhost kernel: pci 0000:85:10.1: [8086:208e] type 00 class 0x088000
Sep 14 14:54:25 localhost kernel: pci 0000:85:10.2: [8086:208e] type 00 class 0x088000
Sep 14 14:54:25 localhost kernel: pci 0000:85:10.3: [8086:208e] type 00 class 0x088000
Sep 14 14:54:25 localhost kernel: pci 0000:85:10.4: [8086:208e] type 00 class 0x088000
Sep 14 14:54:25 localhost kernel: pci 0000:85:10.5: [8086:208e] type 00 class 0x088000
Sep 14 14:54:25 localhost kernel: pci 0000:85:10.6: [8086:208e] type 00 class 0x088000
Sep 14 14:54:25 localhost kernel: pci 0000:85:10.7: [8086:208e] type 00 class 0x088000
Sep 14 14:54:25 localhost kernel: pci 0000:85:11.0: [8086:208e] type 00 class 0x088000
Sep 14 14:54:25 localhost kernel: pci 0000:85:11.1: [8086:208e] type 00 class 0x088000
Sep 14 14:54:25 localhost kernel: pci 0000:85:11.2: [8086:208e] type 00 class 0x088000
Sep 14 14:54:25 localhost kernel: pci 0000:85:11.3: [8086:208e] type 00 class 0x088000
Sep 14 14:54:25 localhost kernel: pci 0000:85:1d.0: [8086:2054] type 00 class 0x088000
Sep 14 14:54:25 localhost kernel: pci 0000:85:1d.1: [8086:2055] type 00 class 0x088000
